Archive member included to satisfy reference by file (symbol)

c:/program files/ac6/plugins/fr.ac6.mcu.externaltools.arm-none.win32_1.17.0.201812190825/tools/compiler/bin/../lib/gcc/arm-none-eabi/7.3.1/thumb/v7e-m/fpv4-sp/hard\libgcc.a(_arm_addsubdf3.o)
                              Src/oled.o (__aeabi_dsub)
c:/program files/ac6/plugins/fr.ac6.mcu.externaltools.arm-none.win32_1.17.0.201812190825/tools/compiler/bin/../lib/gcc/arm-none-eabi/7.3.1/thumb/v7e-m/fpv4-sp/hard\libgcc.a(_arm_muldivdf3.o)
                              Src/oled.o (__aeabi_dmul)
c:/program files/ac6/plugins/fr.ac6.mcu.externaltools.arm-none.win32_1.17.0.201812190825/tools/compiler/bin/../lib/gcc/arm-none-eabi/7.3.1/thumb/v7e-m/fpv4-sp/hard\libgcc.a(_arm_fixunsdfsi.o)
                              Src/oled.o (__aeabi_d2uiz)
c:/program files/ac6/plugins/fr.ac6.mcu.externaltools.arm-none.win32_1.17.0.201812190825/tools/compiler/bin/../lib/gcc/arm-none-eabi/7.3.1/thumb/v7e-m/fpv4-sp/hard\libgcc.a(_aeabi_uldivmod.o)
                              Drivers/STM32G4xx_HAL_Driver/Src/stm32g4xx_hal_uart.o (__aeabi_uldivmod)
c:/program files/ac6/plugins/fr.ac6.mcu.externaltools.arm-none.win32_1.17.0.201812190825/tools/compiler/bin/../lib/gcc/arm-none-eabi/7.3.1/thumb/v7e-m/fpv4-sp/hard\libgcc.a(_udivmoddi4.o)
                              c:/program files/ac6/plugins/fr.ac6.mcu.externaltools.arm-none.win32_1.17.0.201812190825/tools/compiler/bin/../lib/gcc/arm-none-eabi/7.3.1/thumb/v7e-m/fpv4-sp/hard\libgcc.a(_aeabi_uldivmod.o) (__udivmoddi4)
c:/program files/ac6/plugins/fr.ac6.mcu.externaltools.arm-none.win32_1.17.0.201812190825/tools/compiler/bin/../lib/gcc/arm-none-eabi/7.3.1/thumb/v7e-m/fpv4-sp/hard\libgcc.a(_dvmd_tls.o)
                              c:/program files/ac6/plugins/fr.ac6.mcu.externaltools.arm-none.win32_1.17.0.201812190825/tools/compiler/bin/../lib/gcc/arm-none-eabi/7.3.1/thumb/v7e-m/fpv4-sp/hard\libgcc.a(_aeabi_uldivmod.o) (__aeabi_ldiv0)
c:/program files/ac6/plugins/fr.ac6.mcu.externaltools.arm-none.win32_1.17.0.201812190825/tools/compiler/bin/../lib/gcc/arm-none-eabi/7.3.1/../../../../arm-none-eabi/lib/thumb/v7e-m/fpv4-sp/hard\libc_nano.a(lib_a-errno.o)
                              Src/syscalls.o (__errno)
c:/program files/ac6/plugins/fr.ac6.mcu.externaltools.arm-none.win32_1.17.0.201812190825/tools/compiler/bin/../lib/gcc/arm-none-eabi/7.3.1/../../../../arm-none-eabi/lib/thumb/v7e-m/fpv4-sp/hard\libc_nano.a(lib_a-exit.o)
                              c:/program files/ac6/plugins/fr.ac6.mcu.externaltools.arm-none.win32_1.17.0.201812190825/tools/compiler/bin/../lib/gcc/arm-none-eabi/7.3.1/../../../../arm-none-eabi/lib/thumb/v7e-m/fpv4-sp/hard/crt0.o (exit)
c:/program files/ac6/plugins/fr.ac6.mcu.externaltools.arm-none.win32_1.17.0.201812190825/tools/compiler/bin/../lib/gcc/arm-none-eabi/7.3.1/../../../../arm-none-eabi/lib/thumb/v7e-m/fpv4-sp/hard\libc_nano.a(lib_a-impure.o)
                              c:/program files/ac6/plugins/fr.ac6.mcu.externaltools.arm-none.win32_1.17.0.201812190825/tools/compiler/bin/../lib/gcc/arm-none-eabi/7.3.1/../../../../arm-none-eabi/lib/thumb/v7e-m/fpv4-sp/hard\libc_nano.a(lib_a-exit.o) (_global_impure_ptr)
c:/program files/ac6/plugins/fr.ac6.mcu.externaltools.arm-none.win32_1.17.0.201812190825/tools/compiler/bin/../lib/gcc/arm-none-eabi/7.3.1/../../../../arm-none-eabi/lib/thumb/v7e-m/fpv4-sp/hard\libc_nano.a(lib_a-init.o)
                              c:/program files/ac6/plugins/fr.ac6.mcu.externaltools.arm-none.win32_1.17.0.201812190825/tools/compiler/bin/../lib/gcc/arm-none-eabi/7.3.1/../../../../arm-none-eabi/lib/thumb/v7e-m/fpv4-sp/hard/crt0.o (__libc_init_array)
c:/program files/ac6/plugins/fr.ac6.mcu.externaltools.arm-none.win32_1.17.0.201812190825/tools/compiler/bin/../lib/gcc/arm-none-eabi/7.3.1/../../../../arm-none-eabi/lib/thumb/v7e-m/fpv4-sp/hard\libc_nano.a(lib_a-malloc.o)
                              Src/bluetooth.o (malloc)
c:/program files/ac6/plugins/fr.ac6.mcu.externaltools.arm-none.win32_1.17.0.201812190825/tools/compiler/bin/../lib/gcc/arm-none-eabi/7.3.1/../../../../arm-none-eabi/lib/thumb/v7e-m/fpv4-sp/hard\libc_nano.a(lib_a-memcpy-stub.o)
                              Src/bluetooth.o (memcpy)
c:/program files/ac6/plugins/fr.ac6.mcu.externaltools.arm-none.win32_1.17.0.201812190825/tools/compiler/bin/../lib/gcc/arm-none-eabi/7.3.1/../../../../arm-none-eabi/lib/thumb/v7e-m/fpv4-sp/hard\libc_nano.a(lib_a-memset.o)
                              c:/program files/ac6/plugins/fr.ac6.mcu.externaltools.arm-none.win32_1.17.0.201812190825/tools/compiler/bin/../lib/gcc/arm-none-eabi/7.3.1/../../../../arm-none-eabi/lib/thumb/v7e-m/fpv4-sp/hard/crt0.o (memset)
c:/program files/ac6/plugins/fr.ac6.mcu.externaltools.arm-none.win32_1.17.0.201812190825/tools/compiler/bin/../lib/gcc/arm-none-eabi/7.3.1/../../../../arm-none-eabi/lib/thumb/v7e-m/fpv4-sp/hard\libc_nano.a(lib_a-nano-freer.o)
[...]
Memory Configuration

Name             Origin             Length             Attributes
RAM              0x20000000         0x00008000         xrw
FLASH            0x08000000         0x00020000         xr
*default*        0x00000000         0xffffffff

Linker script and memory map

LOAD c:/program files/ac6/plugins/fr.ac6.mcu.externaltools.arm-none.win32_1.17.0.201812190825/tools/compiler/bin/../lib/gcc/arm-none-eabi/7.3.1/thumb/v7e-m/fpv4-sp/hard/crti.o
LOAD c:/program files/ac6/plugins/fr.ac6.mcu.externaltools.arm-none.win32_1.17.0.201812190825/tools/compiler/bin/../lib/gcc/arm-none-eabi/7.3.1/thumb/v7e-m/fpv4-sp/hard/crtbegin.o
LOAD c:/program files/ac6/plugins/fr.ac6.mcu.externaltools.arm-none.win32_1.17.0.201812190825/tools/compiler/bin/../lib/gcc/arm-none-eabi/7.3.1/../../../../arm-none-eabi/lib/thumb/v7e-m/fpv4-sp/hard/crt0.o
LOAD Drivers/STM32G4xx_HAL_Driver/Src/stm32g4xx_hal.o
LOAD Drivers/STM32G4xx_HAL_Driver/Src/stm32g4xx_hal_adc.o
LOAD Drivers/STM32G4xx_HAL_Driver/Src/stm32g4xx_hal_adc_ex.o
LOAD Drivers/STM32G4xx_HAL_Driver/Src/stm32g4xx_hal_cortex.o
LOAD Drivers/STM32G4xx_HAL_Driver/Src/stm32g4xx_hal_crc.o
LOAD Drivers/STM32G4xx_HAL_Driver/Src/stm32g4xx_hal_crc_ex.o
LOAD Drivers/STM32G4xx_HAL_Driver/Src/stm32g4xx_hal_dma.o
LOAD Drivers/STM32G4xx_HAL_Driver/Src/stm32g4xx_hal_dma_ex.o
LOAD Drivers/STM32G4xx_HAL_Driver/Src/stm32g4xx_hal_exti.o
LOAD Drivers/STM32G4xx_HAL_Driver/Src/stm32g4xx_hal_flash.o
LOAD Drivers/STM32G4xx_HAL_Driver/Src/stm32g4xx_hal_flash_ex.o
LOAD Drivers/STM32G4xx_HAL_Driver/Src/stm32g4xx_hal_flash_ramfunc.o
LOAD Drivers/STM32G4xx_HAL_Driver/Src/stm32g4xx_hal_gpio.o
LOAD Drivers/STM32G4xx_HAL_Driver/Src/stm32g4xx_hal_i2c.o
LOAD Drivers/STM32G4xx_HAL_Driver/Src/stm32g4xx_hal_i2c_ex.o
LOAD Drivers/STM32G4xx_HAL_Driver/Src/stm32g4xx_hal_pcd.o
LOAD Drivers/STM32G4xx_HAL_Driver/Src/stm32g4xx_hal_pcd_ex.o
LOAD Drivers/STM32G4xx_HAL_Driver/Src/stm32g4xx_hal_pwr.o
LOAD Drivers/STM32G4xx_HAL_Driver/Src/stm32g4xx_hal_pwr_ex.o
LOAD Drivers/STM32G4xx_HAL_Driver/Src/stm32g4xx_hal_rcc.o
LOAD Drivers/STM32G4xx_HAL_Driver/Src/stm32g4xx_hal_rcc_ex.o
LOAD Drivers/STM32G4xx_HAL_Driver/Src/stm32g4xx_hal_rtc.o
LOAD Drivers/STM32G4xx_HAL_Driver/Src/stm32g4xx_hal_rtc_ex.o
LOAD Drivers/STM32G4xx_HAL_Driver/Src/stm32g4xx_hal_tim.o
LOAD Drivers/STM32G4xx_HAL_Driver/Src/stm32g4xx_hal_tim_ex.o
LOAD Drivers/STM32G4xx_HAL_Driver/Src/stm32g4xx_hal_uart.o
LOAD Drivers/STM32G4xx_HAL_Driver/Src/stm32g4xx_hal_uart_ex.o
LOAD Drivers/STM32G4xx_HAL_Driver/Src/stm32g4xx_ll_adc.o
LOAD Drivers/STM32G4xx_HAL_Driver/Src/stm32g4xx_ll_dma.o
LOAD Drivers/STM32G4xx_HAL_Driver/Src/stm32g4xx_ll_exti.o
LOAD Drivers/STM32G4xx_HAL_Driver/Src/stm32g4xx_ll_gpio.o
LOAD Drivers/STM32G4xx_HAL_Driver/Src/stm32g4xx_ll_pwr.o
LOAD Drivers/STM32G4xx_HAL_Driver/Src/stm32g4xx_ll_ucpd.o
LOAD Drivers/STM32G4xx_HAL_Driver/Src/stm32g4xx_ll_usb.o
LOAD Drivers/STM32G4xx_HAL_Driver/Src/stm32g4xx_ll_utils.o
LOAD Middlewares/ST/STM32_USB_Device_Library/Class/CDC/Src/usbd_cdc.o
LOAD Middlewares/ST/STM32_USB_Device_Library/Core/Src/usbd_core.o
LOAD Middlewares/ST/STM32_USB_Device_Library/Core/Src/usbd_ctlreq.o
LOAD Middlewares/ST/STM32_USB_Device_Library/Core/Src/usbd_ioreq.o
LOAD Src/adc.o
LOAD Src/bluetooth.o
LOAD Src/crc.o
LOAD Src/devStatus.o
LOAD Src/dma.o
LOAD Src/gpio.o
LOAD Src/i2c.o
LOAD Src/main.o
LOAD Src/midiControl.o
LOAD Src/msgDecoder.o
LOAD Src/oled.o
LOAD Src/rtc.o
LOAD Src/ssd1306.o
LOAD Src/ssd1306_fonts.o
LOAD Src/stm32g4xx_hal_msp.o
LOAD Src/stm32g4xx_it.o
LOAD Src/sys.o
LOAD Src/syscalls.o
LOAD Src/system_stm32g4xx.o
LOAD Src/tim.o
LOAD Src/ucpd.o
LOAD Src/usart.o
LOAD Src/usb_device.o
LOAD Src/usbd_cdc_if.o
LOAD Src/usbd_conf.o
LOAD Src/usbd_desc.o
LOAD Src/ws2812.o
LOAD startup/startup_stm32g431xx.o
LOAD c:/program files/ac6/plugins/fr.ac6.mcu.externaltools.arm-none.win32_1.17.0.201812190825/tools/compiler/bin/../lib/gcc/arm-none-eabi/7.3.1/../../../../arm-none-eabi/lib/thumb/v7e-m/fpv4-sp/hard\libm.a
START GROUP
LOAD c:/program files/ac6/plugins/fr.ac6.mcu.externaltools.arm-none.win32_1.17.0.201812190825/tools/compiler/bin/../lib/gcc/arm-none-eabi/7.3.1/thumb/v7e-m/fpv4-sp/hard\libgcc.a
LOAD c:/program files/ac6/plugins/fr.ac6.mcu.externaltools.arm-none.win32_1.17.0.201812190825/tools/compiler/bin/../lib/gcc/arm-none-eabi/7.3.1/../../../../arm-none-eabi/lib/thumb/v7e-m/fpv4-sp/hard\libc_nano.a
END GROUP
START GROUP
LOAD c:/program files/ac6/plugins/fr.ac6.mcu.externaltools.arm-none.win32_1.17.0.201812190825/tools/compiler/bin/../lib/gcc/arm-none-eabi/7.3.1/thumb/v7e-m/fpv4-sp/hard\libgcc.a
LOAD c:/program files/ac6/plugins/fr.ac6.mcu.externaltools.arm-none.win32_1.17.0.201812190825/tools/compiler/bin/../lib/gcc/arm-none-eabi/7.3.1/../../../../arm-none-eabi/lib/thumb/v7e-m/fpv4-sp/hard\libc_nano.a
LOAD c:/program files/ac6/plugins/fr.ac6.mcu.externaltools.arm-none.win32_1.17.0.201812190825/tools/compiler/bin/../lib/gcc/arm-none-eabi/7.3.1/../../../../arm-none-eabi/lib/thumb/v7e-m/fpv4-sp/hard\libnosys.a
END GROUP
START GROUP
LOAD c:/program files/ac6/plugins/fr.ac6.mcu.externaltools.arm-none.win32_1.17.0.201812190825/tools/compiler/bin/../lib/gcc/arm-none-eabi/7.3.1/thumb/v7e-m/fpv4-sp/hard\libgcc.a
LOAD c:/program files/ac6/plugins/fr.ac6.mcu.externaltools.arm-none.win32_1.17.0.201812190825/tools/compiler/bin/../lib/gcc/arm-none-eabi/7.3.1/../../../../arm-none-eabi/lib/thumb/v7e-m/fpv4-sp/hard\libc_nano.a
LOAD c:/program files/ac6/plugins/fr.ac6.mcu.externaltools.arm-none.win32_1.17.0.201812190825/tools/compiler/bin/../lib/gcc/arm-none-eabi/7.3.1/../../../../arm-none-eabi/lib/thumb/v7e-m/fpv4-sp/hard\libnosys.a
END GROUP
LOAD c:/program files/ac6/plugins/fr.ac6.mcu.externaltools.arm-none.win32_1.17.0.201812190825/tools/compiler/bin/../lib/gcc/arm-none-eabi/7.3.1/thumb/v7e-m/fpv4-sp/hard/crtend.o
LOAD c:/program files/ac6/plugins/fr.ac6.mcu.externaltools.arm-none.win32_1.17.0.201812190825/tools/compiler/bin/../lib/gcc/arm-none-eabi/7.3.1/thumb/v7e-m/fpv4-sp/hard/crtn.o
                0x20008000                _estack = 0x20008000
                0x00000200                _Min_Heap_Size = 0x200
                0x00000400                _Min_Stack_Size = 0x400

.isr_vector     0x08000000      0x1d8
                0x08000000                . = ALIGN (0x4)
 *(.isr_vector)
 .isr_vector    0x08000000      0x1d8 startup/startup_stm32g431xx.o
                0x08000000                g_pfnVectors
                0x080001d8                . = ALIGN (0x4)

.text           0x080001e0     0xda9c
                0x080001e0                . = ALIGN (0x4)
 *(.text)
 .text          0x080001e0       0x40 c:/program files/ac6/plugins/fr.ac6.mcu.externaltools.arm-none.win32_1.17.0.201812190825/tools/compiler/bin/../lib/gcc/arm-none-eabi/7.3.1/thumb/v7e-m/fpv4-sp/hard/crtbegin.o
 .text          0x08000220      0x378 c:/program files/ac6/plugins/fr.ac6.mcu.externaltools.arm-none.win32_1.17.0.201812190825/tools/compiler/bin/../lib/gcc/arm-none-eabi/7.3.1/thumb/v7e-m/fpv4-sp/hard\libgcc.a(_arm_addsubdf3.o)
                0x08000220                __aeabi_drsub
                0x08000228                __aeabi_dsub
                0x08000228                __subdf3
                0x0800022c                __aeabi_dadd
                0x0800022c                __adddf3
                0x080004a4                __floatunsidf
                0x080004a4                __aeabi_ui2d
                0x080004c4                __floatsidf
                0x080004c4                __aeabi_i2d
                0x080004e8                __aeabi_f2d
                0x080004e8                __extendsfdf2
                0x0800052c                __floatundidf
                0x0800052c                __aeabi_ul2d
                0x0800053c                __floatdidf
                0x0800053c                __aeabi_l2d
 .text          0x08000598      0x424 c:/program files/ac6/plugins/fr.ac6.mcu.externaltools.arm-none.win32_1.17.0.201812190825/tools/compiler/bin/../lib/gcc/arm-none-eabi/7.3.1/thumb/v7e-m/fpv4-sp/hard\libgcc.a(_arm_muldivdf3.o)
                0x08000598                __aeabi_dmul
                0x08000598                __muldf3
                0x080007ec                __divdf3
                0x080007ec                __aeabi_ddiv
 .text          0x080009bc       0x40 c:/program files/ac6/plugins/fr.ac6.mcu.externaltools.arm-none.win32_1.17.0.201812190825/tools/compiler/bin/../lib/gcc/arm-none-eabi/7.3.1/thumb/v7e-m/fpv4-sp/hard\libgcc.a(_arm_fixunsdfsi.o)
                0x080009bc                __aeabi_d2uiz
                0x080009bc                __fixunsdfsi
 .text          0x080009fc       0x30 c:/program files/ac6/plugins/fr.ac6.mcu.externaltools.arm-none.win32_1.17.0.201812190825/tools/compiler/bin/../lib/gcc/arm-none-eabi/7.3.1/thumb/v7e-m/fpv4-sp/hard\libgcc.a(_aeabi_uldivmod.o)
                0x080009fc                __aeabi_uldivmod
 .text          0x08000a2c      0x2cc c:/program files/ac6/plugins/fr.ac6.mcu.externaltools.arm-none.win32_1.17.0.201812190825/tools/compiler/bin/../lib/gcc/arm-none-eabi/7.3.1/thumb/v7e-m/fpv4-sp/hard\libgcc.a(_udivmoddi4.o)
                0x08000a2c                __udivmoddi4
 .text          0x08000cf8        0x4 c:/program files/ac6/plugins/fr.ac6.mcu.externaltools.arm-none.win32_1.17.0.201812190825/tools/compiler/bin/../lib/gcc/arm-none-eabi/7.3.1/thumb/v7e-m/fpv4-sp/hard\libgcc.a(_dvmd_tls.o)
                0x08000cf8                __aeabi_idiv0
                0x08000cf8                __aeabi_ldiv0
 .text          0x08000cfc       0x14 c:/program files/ac6/plugins/fr.ac6.mcu.externaltools.arm-none.win32_1.17.0.201812190825/tools/compiler/bin/../lib/gcc/arm-none-eabi/7.3.1/../../../../arm-none-eabi/lib/thumb/v7e-m/fpv4-sp/hard\libc_nano.a(lib_a-strcmp.o)
                0x08000cfc                strcmp
 .text          0x08000d10       0x10 c:/program files/ac6/plugins/fr.ac6.mcu.externaltools.arm-none.win32_1.17.0.201812190825/tools/compiler/bin/../lib/gcc/arm-none-eabi/7.3.1/../../../../arm-none-eabi/lib/thumb/v7e-m/fpv4-sp/hard\libc_nano.a(lib_a-strlen.o)
                0x08000d10                strlen
 .text          0x08000d20       0xa0 c:/program files/ac6/plugins/fr.ac6.mcu.externaltools.arm-none.win32_1.17.0.201812190825/tools/compiler/bin/../lib/gcc/arm-none-eabi/7.3.1/../../../../arm-none-eabi/lib/thumb/v7e-m/fpv4-sp/hard\libc_nano.a(lib_a-memchr.o)
                0x08000d20                memchr
 *(.text*)
 .text.HAL_InitTick
                0x08000dc0       0x4c Drivers/STM32G4xx_HAL_Driver/Src/stm32g4xx_hal.o
                0x08000dc0                HAL_InitTick
 .text.HAL_Init
                0x08000e0c       0x1e Drivers/STM32G4xx_HAL_Driver/Src/stm32g4xx_hal.o
                0x08000e0c                HAL_Init
 *fill*         0x08000e2a        0x2 
 .text.HAL_IncTick
                0x08000e2c       0x18 Drivers/STM32G4xx_HAL_Driver/Src/stm32g4xx_hal.o
                0x08000e2c                HAL_IncTick
 .text.HAL_GetTick
                0x08000e44        0xc Drivers/STM32G4xx_HAL_Driver/Src/stm32g4xx_hal.o
                0x08000e44                HAL_GetTick
 .text.HAL_Delay
                0x08000e50       0x28 Drivers/STM32G4xx_HAL_Driver/Src/stm32g4xx_hal.o
                0x08000e50                HAL_Delay
 .text.HAL_ADC_Init
                0x08000e78      0x254 Drivers/STM32G4xx_HAL_Driver/Src/stm32g4xx_hal_adc.o
                0x08000e78                HAL_ADC_Init
 .text.HAL_ADC_ConfigChannel
                0x080010cc      0x494 Drivers/STM32G4xx_HAL_Driver/Src/stm32g4xx_hal_adc.o
                0x080010cc                HAL_ADC_ConfigChannel
 .text.HAL_NVIC_SetPriorityGrouping
                0x08001560       0x24 Drivers/STM32G4xx_HAL_Driver/Src/stm32g4xx_hal_cortex.o
                0x08001560                HAL_NVIC_SetPriorityGrouping
 .text.HAL_NVIC_SetPriority
                0x08001584       0x68 Drivers/STM32G4xx_HAL_Driver/Src/stm32g4xx_hal_cortex.o
                0x08001584                HAL_NVIC_SetPriority
 .text.HAL_NVIC_EnableIRQ
                0x080015ec       0x1c Drivers/STM32G4xx_HAL_Driver/Src/stm32g4xx_hal_cortex.o
                0x080015ec                HAL_NVIC_EnableIRQ
 .text.HAL_NVIC_DisableIRQ
                0x08001608       0x24 Drivers/STM32G4xx_HAL_Driver/Src/stm32g4xx_hal_cortex.o
                0x08001608                HAL_NVIC_DisableIRQ
 .text.HAL_SYSTICK_Config
                0x0800162c       0x2c Drivers/STM32G4xx_HAL_Driver/Src/stm32g4xx_hal_cortex.o
                0x0800162c                HAL_SYSTICK_Config
 .text.HAL_NVIC_ClearPendingIRQ
                0x08001658       0x1c Drivers/STM32G4xx_HAL_Driver/Src/stm32g4xx_hal_cortex.o
                0x08001658                HAL_NVIC_ClearPendingIRQ
 .text.HAL_CRC_Init
                0x08001674       0x80 Drivers/STM32G4xx_HAL_Driver/Src/stm32g4xx_hal_crc.o
                0x08001674                HAL_CRC_Init
 .text.HAL_CRCEx_Polynomial_Set
                0x080016f4       0x6c Drivers/STM32G4xx_HAL_Driver/Src/stm32g4xx_hal_crc_ex.o
                0x080016f4                HAL_CRCEx_Polynomial_Set
 .text.DMA_SetConfig
                0x08001760       0x40 Drivers/STM32G4xx_HAL_Driver/Src/stm32g4xx_hal_dma.o
 .text.DMA_CalcDMAMUXChannelBaseAndMask
                0x080017a0       0x48 Drivers/STM32G4xx_HAL_Driver/Src/stm32g4xx_hal_dma.o
 .text.DMA_CalcDMAMUXRequestGenBaseAndMask
                0x080017e8       0x28 Drivers/STM32G4xx_HAL_Driver/Src/stm32g4xx_hal_dma.o
 .text.HAL_DMA_Init
                0x08001810       0xdc Drivers/STM32G4xx_HAL_Driver/Src/stm32g4xx_hal_dma.o
                0x08001810                HAL_DMA_Init
 .text.HAL_DMA_Start_IT
                0x080018ec       0x94 Drivers/STM32G4xx_HAL_Driver/Src/stm32g4xx_hal_dma.o
                0x080018ec                HAL_DMA_Start_IT
 .text.HAL_DMA_Abort_IT
                0x08001980       0x7e Drivers/STM32G4xx_HAL_Driver/Src/stm32g4xx_hal_dma.o
                0x08001980                HAL_DMA_Abort_IT
 .text.HAL_DMA_IRQHandler
                0x080019fe       0xc4 Drivers/STM32G4xx_HAL_Driver/Src/stm32g4xx_hal_dma.o
                0x080019fe                HAL_DMA_IRQHandler
 .text.HAL_DMA_GetState
                0x08001ac2        0x6 Drivers/STM32G4xx_HAL_Driver/Src/stm32g4xx_hal_dma.o
                0x08001ac2                HAL_DMA_GetState
 .text.HAL_GPIO_Init
                0x08001ac8      0x1a0 Drivers/STM32G4xx_HAL_Driver/Src/stm32g4xx_hal_gpio.o
                0x08001ac8                HAL_GPIO_Init
 .text.HAL_GPIO_ReadPin
                0x08001c68        0xe Drivers/STM32G4xx_HAL_Driver/Src/stm32g4xx_hal_gpio.o
                0x08001c68                HAL_GPIO_ReadPin
 .text.HAL_GPIO_WritePin
                0x08001c76        0xa Drivers/STM32G4xx_HAL_Driver/Src/stm32g4xx_hal_gpio.o
                0x08001c76                HAL_GPIO_WritePin
 .text.HAL_GPIO_EXTI_IRQHandler
                0x08001c80       0x1c Drivers/STM32G4xx_HAL_Driver/Src/stm32g4xx_hal_gpio.o
                0x08001c80                HAL_GPIO_EXTI_IRQHandler
 .text.I2C_Flush_TXDR
                0x08001c9c       0x22 Drivers/STM32G4xx_HAL_Driver/Src/stm32g4xx_hal_i2c.o
 .text.I2C_TransferConfig
                0x08001cbe       0x36 Drivers/STM32G4xx_HAL_Driver/Src/stm32g4xx_hal_i2c.o
 .text.I2C_Enable_IRQ
                0x08001cf4       0x80 Drivers/STM32G4xx_HAL_Driver/Src/stm32g4xx_hal_i2c.o
 .text.I2C_Disable_IRQ
                0x08001d74       0xb8 Drivers/STM32G4xx_HAL_Driver/Src/stm32g4xx_hal_i2c.o
 .text.I2C_IsAcknowledgeFailed
                0x08001e2c       0x90 Drivers/STM32G4xx_HAL_Driver/Src/stm32g4xx_hal_i2c.o
 .text.I2C_WaitOnTXISFlagUntilTimeout
                0x08001ebc       0x56 Drivers/STM32G4xx_HAL_Driver/Src/stm32g4xx_hal_i2c.o
 .text.I2C_WaitOnFlagUntilTimeout
                0x08001f12       0x52 Drivers/STM32G4xx_HAL_Driver/Src/stm32g4xx_hal_i2c.o
 .text.I2C_RequestMemoryWrite
                0x08001f64       0x70 Drivers/STM32G4xx_HAL_Driver/Src/stm32g4xx_hal_i2c.o
 .text.HAL_I2C_Init
                0x08001fd4       0xbc Drivers/STM32G4xx_HAL_Driver/Src/stm32g4xx_hal_i2c.o
                0x08001fd4                HAL_I2C_Init
 .text.HAL_I2C_Mem_Write_DMA
                0x08002090      0x168 Drivers/STM32G4xx_HAL_Driver/Src/stm32g4xx_hal_i2c.o
                0x08002090                HAL_I2C_Mem_Write_DMA
 .text.HAL_I2C_EV_IRQHandler
                0x080021f8       0x10 Drivers/STM32G4xx_HAL_Driver/Src/stm32g4xx_hal_i2c.o
                0x080021f8                HAL_I2C_EV_IRQHandler
 .text.HAL_I2C_MasterTxCpltCallback
                0x08002208        0x2 Drivers/STM32G4xx_HAL_Driver/Src/stm32g4xx_hal_i2c.o
                0x08002208                HAL_I2C_MasterTxCpltCallback
 .text.HAL_I2C_MasterRxCpltCallback
                0x0800220a        0x2 Drivers/STM32G4xx_HAL_Driver/Src/stm32g4xx_hal_i2c.o
                0x0800220a                HAL_I2C_MasterRxCpltCallback
 .text.I2C_ITMasterSeqCplt
                0x0800220c       0x54 Drivers/STM32G4xx_HAL_Driver/Src/stm32g4xx_hal_i2c.o
 .text.HAL_I2C_SlaveTxCpltCallback
                0x08002260        0x2 Drivers/STM32G4xx_HAL_Driver/Src/stm32g4xx_hal_i2c.o
                0x08002260                HAL_I2C_SlaveTxCpltCallback
 .text.HAL_I2C_SlaveRxCpltCallback
                0x08002262        0x2 Drivers/STM32G4xx_HAL_Driver/Src/stm32g4xx_hal_i2c.o
                0x08002262                HAL_I2C_SlaveRxCpltCallback
 .text.I2C_ITSlaveSeqCplt
                0x08002264       0x5c Drivers/STM32G4xx_HAL_Driver/Src/stm32g4xx_hal_i2c.o
 .text.HAL_I2C_AddrCallback
                0x080022c0        0x2 Drivers/STM32G4xx_HAL_Driver/Src/stm32g4xx_hal_i2c.o
                0x080022c0                HAL_I2C_AddrCallback
 .text.I2C_ITAddrCplt
                0x080022c2       0x9c Drivers/STM32G4xx_HAL_Driver/Src/stm32g4xx_hal_i2c.o
 .text.HAL_I2C_ListenCpltCallback
                0x0800235e        0x2 Drivers/STM32G4xx_HAL_Driver/Src/stm32g4xx_hal_i2c.o
                0x0800235e                HAL_I2C_ListenCpltCallback
 .text.I2C_ITListenCplt
                0x08002360       0x64 Drivers/STM32G4xx_HAL_Driver/Src/stm32g4xx_hal_i2c.o
 .text.HAL_I2C_MemRxCpltCallback
                0x080023c4        0x2 Drivers/STM32G4xx_HAL_Driver/Src/stm32g4xx_hal_i2c.o
                0x080023c4                HAL_I2C_MemRxCpltCallback
 .text.HAL_I2C_ErrorCallback
                0x080023c6        0x2 Drivers/STM32G4xx_HAL_Driver/Src/stm32g4xx_hal_i2c.o
                0x080023c6                HAL_I2C_ErrorCallback
 .text.HAL_I2C_AbortCpltCallback
                0x080023c8        0x2 Drivers/STM32G4xx_HAL_Driver/Src/stm32g4xx_hal_i2c.o
                0x080023c8                HAL_I2C_AbortCpltCallback
 *fill*         0x080023ca        0x2 
 .text.I2C_ITError
                0x080023cc       0xf4 Drivers/STM32G4xx_HAL_Driver/Src/stm32g4xx_hal_i2c.o
 .text.I2C_ITSlaveCplt
                0x080024c0      0x120 Drivers/STM32G4xx_HAL_Driver/Src/stm32g4xx_hal_i2c.o
 .text.I2C_Slave_ISR_IT
                0x080025e0      0x14e Drivers/STM32G4xx_HAL_Driver/Src/stm32g4xx_hal_i2c.o
 .text.I2C_ITMasterCplt
                0x0800272e       0xe2 Drivers/STM32G4xx_HAL_Driver/Src/stm32g4xx_hal_i2c.o
 .text.I2C_Slave_ISR_DMA
                0x08002810       0xf8 Drivers/STM32G4xx_HAL_Driver/Src/stm32g4xx_hal_i2c.o
 .text.I2C_Master_ISR_DMA
                0x08002908      0x140 Drivers/STM32G4xx_HAL_Driver/Src/stm32g4xx_hal_i2c.o
 .text.I2C_DMAError
                0x08002a48       0x16 Drivers/STM32G4xx_HAL_Driver/Src/stm32g4xx_hal_i2c.o
 .text.I2C_DMAMasterTransmitCplt
                0x08002a5e       0x5a Drivers/STM32G4xx_HAL_Driver/Src/stm32g4xx_hal_i2c.o
 .text.HAL_I2C_ER_IRQHandler
                0x08002ab8       0x6a Drivers/STM32G4xx_HAL_Driver/Src/stm32g4xx_hal_i2c.o
                0x08002ab8                HAL_I2C_ER_IRQHandler
 .text.I2C_DMAAbort
                0x08002b22       0x2a Drivers/STM32G4xx_HAL_Driver/Src/stm32g4xx_hal_i2c.o
 .text.HAL_I2CEx_ConfigAnalogFilter
                0x08002b4c       0x5c Drivers/STM32G4xx_HAL_Driver/Src/stm32g4xx_hal_i2c_ex.o
                0x08002b4c                HAL_I2CEx_ConfigAnalogFilter
 .text.HAL_I2CEx_ConfigDigitalFilter
                0x08002ba8       0x58 Drivers/STM32G4xx_HAL_Driver/Src/stm32g4xx_hal_i2c_ex.o
                0x08002ba8                HAL_I2CEx_ConfigDigitalFilter
 .text.HAL_PCD_Init
                0x08002c00       0xc2 Drivers/STM32G4xx_HAL_Driver/Src/stm32g4xx_hal_pcd.o
                0x08002c00                HAL_PCD_Init
 .text.HAL_PCD_Start
                0x08002cc2       0x2a Drivers/STM32G4xx_HAL_Driver/Src/stm32g4xx_hal_pcd.o
                0x08002cc2                HAL_PCD_Start
 .text.HAL_PCD_SetAddress
                0x08002cec       0x28 Drivers/STM32G4xx_HAL_Driver/Src/stm32g4xx_hal_pcd.o
                0x08002cec                HAL_PCD_SetAddress
 .text.HAL_PCD_EP_Open
                0x08002d14       0x70 Drivers/STM32G4xx_HAL_Driver/Src/stm32g4xx_hal_pcd.o
                0x08002d14                HAL_PCD_EP_Open
 .text.HAL_PCD_EP_Close
                0x08002d84       0x5c Drivers/STM32G4xx_HAL_Driver/Src/stm32g4xx_hal_pcd.o
                0x08002d84                HAL_PCD_EP_Close
 .text.HAL_PCD_EP_Receive
                0x08002de0       0x3e Drivers/STM32G4xx_HAL_Driver/Src/stm32g4xx_hal_pcd.o
                0x08002de0                HAL_PCD_EP_Receive
 .text.HAL_PCD_EP_GetRxCount
                0x08002e1e        0xe Drivers/STM32G4xx_HAL_Driver/Src/stm32g4xx_hal_pcd.o
                0x08002e1e                HAL_PCD_EP_GetRxCount
 .text.HAL_PCD_EP_Transmit
                0x08002e2c       0x3c Drivers/STM32G4xx_HAL_Driver/Src/stm32g4xx_hal_pcd.o
                0x08002e2c                HAL_PCD_EP_Transmit
 .text.PCD_EP_ISR_Handler
                0x08002e68      0x354 Drivers/STM32G4xx_HAL_Driver/Src/stm32g4xx_hal_pcd.o
 .text.HAL_PCD_IRQHandler
                0x080031bc      0x1de Drivers/STM32G4xx_HAL_Driver/Src/stm32g4xx_hal_pcd.o
                0x080031bc                HAL_PCD_IRQHandler
 .text.HAL_PCD_EP_SetStall
                0x0800339a       0x6e Drivers/STM32G4xx_HAL_Driver/Src/stm32g4xx_hal_pcd.o
                0x0800339a                HAL_PCD_EP_SetStall
 .text.HAL_PCD_EP_ClrStall
                0x08003408       0x6e Drivers/STM32G4xx_HAL_Driver/Src/stm32g4xx_hal_pcd.o
                0x08003408                HAL_PCD_EP_ClrStall
 .text.HAL_PCDEx_PMAConfig
                0x08003476       0x30 Drivers/STM32G4xx_HAL_Driver/Src/stm32g4xx_hal_pcd_ex.o
                0x08003476                HAL_PCDEx_PMAConfig
 .text.HAL_PCDEx_ActivateLPM
                0x080034a6       0x28 Drivers/STM32G4xx_HAL_Driver/Src/stm32g4xx_hal_pcd_ex.o
                0x080034a6                HAL_PCDEx_ActivateLPM
 *fill*         0x080034ce        0x2 
 .text.HAL_PWREx_ControlVoltageScaling
                0x080034d0      0x10c Drivers/STM32G4xx_HAL_Driver/Src/stm32g4xx_hal_pwr_ex.o
                0x080034d0                HAL_PWREx_ControlVoltageScaling
 .text.RCC_GetSysClockFreqFromPLLSource
                0x080035dc       0x58 Drivers/STM32G4xx_HAL_Driver/Src/stm32g4xx_hal_rcc.o
 .text.HAL_RCC_OscConfig
                0x08003634      0x4e8 Drivers/STM32G4xx_HAL_Driver/Src/stm32g4xx_hal_rcc.o
                0x08003634                HAL_RCC_OscConfig
 .text.HAL_RCC_GetSysClockFreq
                0x08003b1c       0x88 Drivers/STM32G4xx_HAL_Driver/Src/stm32g4xx_hal_rcc.o
                0x08003b1c                HAL_RCC_GetSysClockFreq
 .text.HAL_RCC_ClockConfig
                0x08003ba4      0x1fc Drivers/STM32G4xx_HAL_Driver/Src/stm32g4xx_hal_rcc.o
                0x08003ba4                HAL_RCC_ClockConfig
 .text.HAL_RCC_GetHCLKFreq
                0x08003da0        0xc Drivers/STM32G4xx_HAL_Driver/Src/stm32g4xx_hal_rcc.o
                0x08003da0                HAL_RCC_GetHCLKFreq
 .text.HAL_RCC_GetPCLK1Freq
                0x08003dac       0x24 Drivers/STM32G4xx_HAL_Driver/Src/stm32g4xx_hal_rcc.o
                0x08003dac                HAL_RCC_GetPCLK1Freq
 .text.HAL_RCC_GetPCLK2Freq
                0x08003dd0       0x24 Drivers/STM32G4xx_HAL_Driver/Src/stm32g4xx_hal_rcc.o
                0x08003dd0                HAL_RCC_GetPCLK2Freq
 .text.HAL_RCCEx_PeriphCLKConfig
                0x08003df4      0x2e4 Drivers/STM32G4xx_HAL_Driver/Src/stm32g4xx_hal_rcc_ex.o
                0x08003df4                HAL_RCCEx_PeriphCLKConfig
 .text.HAL_RTC_WaitForSynchro
                0x080040d8       0x34 Drivers/STM32G4xx_HAL_Driver/Src/stm32g4xx_hal_rtc.o
                0x080040d8                HAL_RTC_WaitForSynchro
 .text.RTC_EnterInitMode
                0x0800410c       0x4c Drivers/STM32G4xx_HAL_Driver/Src/stm32g4xx_hal_rtc.o
                0x0800410c                RTC_EnterInitMode
 .text.RTC_ExitInitMode
                0x08004158       0x50 Drivers/STM32G4xx_HAL_Driver/Src/stm32g4xx_hal_rtc.o
                0x08004158                RTC_ExitInitMode
 .text.HAL_RTC_Init
                0x080041a8       0x98 Drivers/STM32G4xx_HAL_Driver/Src/stm32g4xx_hal_rtc.o
                0x080041a8                HAL_RTC_Init
 .text.RTC_Bcd2ToByte
                0x08004240       0x12 Drivers/STM32G4xx_HAL_Driver/Src/stm32g4xx_hal_rtc.o
                0x08004240                RTC_Bcd2ToByte
 *fill*         0x08004252        0x2 
 .text.HAL_RTC_GetTime
                0x08004254       0x54 Drivers/STM32G4xx_HAL_Driver/Src/stm32g4xx_hal_rtc.o
                0x08004254                HAL_RTC_GetTime
 .text.HAL_RTC_GetDate
                0x080042a8       0x48 Drivers/STM32G4xx_HAL_Driver/Src/stm32g4xx_hal_rtc.o
                0x080042a8                HAL_RTC_GetDate
 .text.TIM_OC1_SetConfig
                0x080042f0       0x9c Drivers/STM32G4xx_HAL_Driver/Src/stm32g4xx_hal_tim.o
 .text.TIM_OC3_SetConfig
                0x0800438c       0x8c Drivers/STM32G4xx_HAL_Driver/Src/stm32g4xx_hal_tim.o
 .text.TIM_OC4_SetConfig
                0x08004418       0x8c Drivers/STM32G4xx_HAL_Driver/Src/stm32g4xx_hal_tim.o
 .text.TIM_OC5_SetConfig
                0x080044a4       0x68 Drivers/STM32G4xx_HAL_Driver/Src/stm32g4xx_hal_tim.o
 .text.TIM_OC6_SetConfig
                0x0800450c       0x6c Drivers/STM32G4xx_HAL_Driver/Src/stm32g4xx_hal_tim.o
 .text.TIM_TI1_ConfigInputStage
                0x08004578       0x26 Drivers/STM32G4xx_HAL_Driver/Src/stm32g4xx_hal_tim.o
 .text.TIM_TI2_ConfigInputStage
                0x0800459e       0x28 Drivers/STM32G4xx_HAL_Driver/Src/stm32g4xx_hal_tim.o
 .text.TIM_ITRx_SetConfig
                0x080045c6       0x14 Drivers/STM32G4xx_HAL_Driver/Src/stm32g4xx_hal_tim.o
 *fill*         0x080045da        0x2 
 .text.HAL_TIM_Base_Start_IT
                0x080045dc       0x2c Drivers/STM32G4xx_HAL_Driver/Src/stm32g4xx_hal_tim.o
                0x080045dc                HAL_TIM_Base_Start_IT
 .text.HAL_TIM_Base_Stop_IT
                0x08004608       0x2c Drivers/STM32G4xx_HAL_Driver/Src/stm32g4xx_hal_tim.o
                0x08004608                HAL_TIM_Base_Stop_IT
 .text.HAL_TIM_OC_DelayElapsedCallback
                0x08004634        0x2 Drivers/STM32G4xx_HAL_Driver/Src/stm32g4xx_hal_tim.o
                0x08004634                HAL_TIM_OC_DelayElapsedCallback
 .text.HAL_TIM_IC_CaptureCallback
                0x08004636        0x2 Drivers/STM32G4xx_HAL_Driver/Src/stm32g4xx_hal_tim.o
                0x08004636                HAL_TIM_IC_CaptureCallback
 .text.HAL_TIM_PWM_PulseFinishedCallback
                0x08004638        0x2 Drivers/STM32G4xx_HAL_Driver/Src/stm32g4xx_hal_tim.o
                0x08004638                HAL_TIM_PWM_PulseFinishedCallback
 .text.TIM_DMADelayPulseCplt
                0x0800463a       0x44 Drivers/STM32G4xx_HAL_Driver/Src/stm32g4xx_hal_tim.o
                0x0800463a                TIM_DMADelayPulseCplt
 .text.HAL_TIM_PWM_PulseFinishedHalfCpltCallback
                0x0800467e        0x2 Drivers/STM32G4xx_HAL_Driver/Src/stm32g4xx_hal_tim.o
                0x0800467e                HAL_TIM_PWM_PulseFinishedHalfCpltCallback
 .text.TIM_DMADelayPulseHalfCplt
                0x08004680       0x44 Drivers/STM32G4xx_HAL_Driver/Src/stm32g4xx_hal_tim.o
                0x08004680                TIM_DMADelayPulseHalfCplt
 .text.HAL_TIM_TriggerCallback
                0x080046c4        0x2 Drivers/STM32G4xx_HAL_Driver/Src/stm32g4xx_hal_tim.o
                0x080046c4                HAL_TIM_TriggerCallback
 .text.HAL_TIM_IRQHandler
                0x080046c6      0x21e Drivers/STM32G4xx_HAL_Driver/Src/stm32g4xx_hal_tim.o
                0x080046c6                HAL_TIM_IRQHandler
 .text.HAL_TIM_ErrorCallback
                0x080048e4        0x2 Drivers/STM32G4xx_HAL_Driver/Src/stm32g4xx_hal_tim.o
                0x080048e4                HAL_TIM_ErrorCallback
 .text.TIM_DMAError
                0x080048e6       0x10 Drivers/STM32G4xx_HAL_Driver/Src/stm32g4xx_hal_tim.o
                0x080048e6                TIM_DMAError
 .text.HAL_TIM_Base_GetState
                0x080048f6        0x6 Drivers/STM32G4xx_HAL_Driver/Src/stm32g4xx_hal_tim.o
                0x080048f6                HAL_TIM_Base_GetState
 .text.TIM_Base_SetConfig
                0x080048fc       0xb8 Drivers/STM32G4xx_HAL_Driver/Src/stm32g4xx_hal_tim.o
                0x080048fc                TIM_Base_SetConfig
 .text.HAL_TIM_Base_Init
                0x080049b4       0x32 Drivers/STM32G4xx_HAL_Driver/Src/stm32g4xx_hal_tim.o
                0x080049b4                HAL_TIM_Base_Init
 .text.HAL_TIM_PWM_Init
                0x080049e6       0x32 Drivers/STM32G4xx_HAL_Driver/Src/stm32g4xx_hal_tim.o
                0x080049e6                HAL_TIM_PWM_Init
 .text.TIM_OC2_SetConfig
                0x08004a18       0x8c Drivers/STM32G4xx_HAL_Driver/Src/stm32g4xx_hal_tim.o
                0x08004a18                TIM_OC2_SetConfig
 .text.HAL_TIM_PWM_ConfigChannel
                0x08004aa4      0x134 Drivers/STM32G4xx_HAL_Driver/Src/stm32g4xx_hal_tim.o
                0x08004aa4                HAL_TIM_PWM_ConfigChannel
 .text.TIM_ETR_SetConfig
                0x08004bd8       0x18 Drivers/STM32G4xx_HAL_Driver/Src/stm32g4xx_hal_tim.o
                0x08004bd8                TIM_ETR_SetConfig
 .text.HAL_TIM_ConfigClockSource
                0x08004bf0      0x108 Drivers/STM32G4xx_HAL_Driver/Src/stm32g4xx_hal_tim.o
                0x08004bf0                HAL_TIM_ConfigClockSource
 .text.TIM_CCxChannelCmd
                0x08004cf8       0x22 Drivers/STM32G4xx_HAL_Driver/Src/stm32g4xx_hal_tim.o
                0x08004cf8                TIM_CCxChannelCmd
 *fill*         0x08004d1a        0x2 
 .text.HAL_TIM_PWM_Start_DMA
                0x08004d1c      0x180 Drivers/STM32G4xx_HAL_Driver/Src/stm32g4xx_hal_tim.o
                0x08004d1c                HAL_TIM_PWM_Start_DMA
 .text.HAL_TIMEx_MasterConfigSynchronization
                0x08004e9c       0x68 Drivers/STM32G4xx_HAL_Driver/Src/stm32g4xx_hal_tim_ex.o
                0x08004e9c                HAL_TIMEx_MasterConfigSynchronization
 .text.HAL_TIMEx_ConfigBreakDeadTime
                0x08004f04       0xbc Drivers/STM32G4xx_HAL_Driver/Src/stm32g4xx_hal_tim_ex.o
                0x08004f04                HAL_TIMEx_ConfigBreakDeadTime
 .text.HAL_TIMEx_CommutCallback
                0x08004fc0        0x2 Drivers/STM32G4xx_HAL_Driver/Src/stm32g4xx_hal_tim_ex.o
                0x08004fc0                HAL_TIMEx_CommutCallback
 .text.HAL_TIMEx_BreakCallback
                0x08004fc2        0x2 Drivers/STM32G4xx_HAL_Driver/Src/stm32g4xx_hal_tim_ex.o
                0x08004fc2                HAL_TIMEx_BreakCallback
 .text.HAL_TIMEx_Break2Callback
                0x08004fc4        0x2 Drivers/STM32G4xx_HAL_Driver/Src/stm32g4xx_hal_tim_ex.o
                0x08004fc4                HAL_TIMEx_Break2Callback
 .text.HAL_TIMEx_EncoderIndexCallback
                0x08004fc6        0x2 Drivers/STM32G4xx_HAL_Driver/Src/stm32g4xx_hal_tim_ex.o
                0x08004fc6                HAL_TIMEx_EncoderIndexCallback
 .text.HAL_TIMEx_DirectionChangeCallback
                0x08004fc8        0x2 Drivers/STM32G4xx_HAL_Driver/Src/stm32g4xx_hal_tim_ex.o
                0x08004fc8                HAL_TIMEx_DirectionChangeCallback
 .text.HAL_TIMEx_IndexErrorCallback
                0x08004fca        0x2 Drivers/STM32G4xx_HAL_Driver/Src/stm32g4xx_hal_tim_ex.o
                0x08004fca                HAL_TIMEx_IndexErrorCallback
 .text.HAL_TIMEx_TransitionErrorCallback
                0x08004fcc        0x2 Drivers/STM32G4xx_HAL_Driver/Src/stm32g4xx_hal_tim_ex.o
                0x08004fcc                HAL_TIMEx_TransitionErrorCallback
 .text.UART_EndRxTransfer
                0x08004fce       0x24 Drivers/STM32G4xx_HAL_Driver/Src/stm32g4xx_hal_uart.o
 .text.UART_TxISR_8BIT
                0x08004ff2       0x44 Drivers/STM32G4xx_HAL_Driver/Src/stm32g4xx_hal_uart.o
 .text.UART_TxISR_16BIT
                0x08005036       0x48 Drivers/STM32G4xx_HAL_Driver/Src/stm32g4xx_hal_uart.o
 .text.UART_TxISR_8BIT_FIFOEN
                0x0800507e       0x5c Drivers/STM32G4xx_HAL_Driver/Src/stm32g4xx_hal_uart.o
 .text.UART_TxISR_16BIT_FIFOEN
                0x080050da       0x60 Drivers/STM32G4xx_HAL_Driver/Src/stm32g4xx_hal_uart.o
 *fill*         0x0800513a        0x2 
 .text.HAL_UART_Transmit_IT
                0x0800513c       0xb8 Drivers/STM32G4xx_HAL_Driver/Src/stm32g4xx_hal_uart.o
                0x0800513c                HAL_UART_Transmit_IT
 .text.HAL_UART_Receive_IT
                0x080051f4      0x128 Drivers/STM32G4xx_HAL_Driver/Src/stm32g4xx_hal_uart.o
                0x080051f4                HAL_UART_Receive_IT
 .text.UART_EndTransmit_IT
                0x0800531c       0x1c Drivers/STM32G4xx_HAL_Driver/Src/stm32g4xx_hal_uart.o
 .text.UART_RxISR_8BIT
                0x08005338       0x66 Drivers/STM32G4xx_HAL_Driver/Src/stm32g4xx_hal_uart.o
 .text.UART_RxISR_16BIT
                0x0800539e       0x64 Drivers/STM32G4xx_HAL_Driver/Src/stm32g4xx_hal_uart.o
 *fill*         0x08005402        0x2 
 .text.UART_RxISR_8BIT_FIFOEN
                0x08005404       0xac Drivers/STM32G4xx_HAL_Driver/Src/stm32g4xx_hal_uart.o
 .text.UART_RxISR_16BIT_FIFOEN
                0x080054b0       0xa8 Drivers/STM32G4xx_HAL_Driver/Src/stm32g4xx_hal_uart.o
 .text.HAL_UART_ErrorCallback
                0x08005558        0x2 Drivers/STM32G4xx_HAL_Driver/Src/stm32g4xx_hal_uart.o
                0x08005558                HAL_UART_ErrorCallback
 *fill*         0x0800555a        0x2 
 .text.HAL_UART_IRQHandler
                0x0800555c      0x1bc Drivers/STM32G4xx_HAL_Driver/Src/stm32g4xx_hal_uart.o
                0x0800555c                HAL_UART_IRQHandler
 .text.UART_DMAAbortOnError
                0x08005718       0x14 Drivers/STM32G4xx_HAL_Driver/Src/stm32g4xx_hal_uart.o
 *fill*         0x0800572c        0x4 
 .text.UART_SetConfig
                0x08005730      0xd10 Drivers/STM32G4xx_HAL_Driver/Src/stm32g4xx_hal_uart.o
                0x08005730                UART_SetConfig
 .text.UART_AdvFeatureConfig
                0x08006440       0xca Drivers/STM32G4xx_HAL_Driver/Src/stm32g4xx_hal_uart.o
                0x08006440                UART_AdvFeatureConfig
 .text.UART_WaitOnFlagUntilTimeout
                0x0800650a       0x64 Drivers/STM32G4xx_HAL_Driver/Src/stm32g4xx_hal_uart.o
                0x0800650a                UART_WaitOnFlagUntilTimeout
 .text.UART_CheckIdleState
                0x0800656e       0x72 Drivers/STM32G4xx_HAL_Driver/Src/stm32g4xx_hal_uart.o
                0x0800656e                UART_CheckIdleState
 .text.HAL_UART_Init
                0x080065e0       0x66 Drivers/STM32G4xx_HAL_Driver/Src/stm32g4xx_hal_uart.o
                0x080065e0                HAL_UART_Init
 *fill*         0x08006646        0x2 
 .text.UARTEx_SetNbDataToProcess
                0x08006648       0x74 Drivers/STM32G4xx_HAL_Driver/Src/stm32g4xx_hal_uart_ex.o
 .text.HAL_UARTEx_WakeupCallback
                0x080066bc        0x2 Drivers/STM32G4xx_HAL_Driver/Src/stm32g4xx_hal_uart_ex.o
                0x080066bc                HAL_UARTEx_WakeupCallback
 .text.HAL_UARTEx_RxFifoFullCallback
                0x080066be        0x2 Drivers/STM32G4xx_HAL_Driver/Src/stm32g4xx_hal_uart_ex.o
                0x080066be                HAL_UARTEx_RxFifoFullCallback
 .text.HAL_UARTEx_TxFifoEmptyCallback
                0x080066c0        0x2 Drivers/STM32G4xx_HAL_Driver/Src/stm32g4xx_hal_uart_ex.o
                0x080066c0                HAL_UARTEx_TxFifoEmptyCallback
 .text.HAL_UARTEx_EnableFifoMode
                0x080066c2       0x48 Drivers/STM32G4xx_HAL_Driver/Src/stm32g4xx_hal_uart_ex.o
                0x080066c2                HAL_UARTEx_EnableFifoMode
 .text.HAL_UARTEx_DisableFifoMode
                0x0800670a       0x3e Drivers/STM32G4xx_HAL_Driver/Src/stm32g4xx_hal_uart_ex.o
                0x0800670a                HAL_UARTEx_DisableFifoMode
 .text.HAL_UARTEx_SetTxFifoThreshold
                0x08006748       0x4a Drivers/STM32G4xx_HAL_Driver/Src/stm32g4xx_hal_uart_ex.o
                0x08006748                HAL_UARTEx_SetTxFifoThreshold
 .text.HAL_UARTEx_SetRxFifoThreshold
                0x08006792       0x4a Drivers/STM32G4xx_HAL_Driver/Src/stm32g4xx_hal_uart_ex.o
                0x08006792                HAL_UARTEx_SetRxFifoThreshold
 .text.USB_EnableGlobalInt
                0x080067dc       0x14 Drivers/STM32G4xx_HAL_Driver/Src/stm32g4xx_ll_usb.o
                0x080067dc                USB_EnableGlobalInt
 .text.USB_DisableGlobalInt
                0x080067f0       0x14 Drivers/STM32G4xx_HAL_Driver/Src/stm32g4xx_ll_usb.o
                0x080067f0                USB_DisableGlobalInt
 .text.USB_DevInit
                0x08006804       0x2c Drivers/STM32G4xx_HAL_Driver/Src/stm32g4xx_ll_usb.o
                0x08006804                USB_DevInit
 .text.USB_ActivateEndpoint
                0x08006830      0x36a Drivers/STM32G4xx_HAL_Driver/Src/stm32g4xx_ll_usb.o
                0x08006830                USB_ActivateEndpoint
 .text.USB_DeactivateEndpoint
                0x08006b9a      0x1d6 Drivers/STM32G4xx_HAL_Driver/Src/stm32g4xx_ll_usb.o
                0x08006b9a                USB_DeactivateEndpoint
 .text.USB_EPSetStall
                0x08006d70       0x4a Drivers/STM32G4xx_HAL_Driver/Src/stm32g4xx_ll_usb.o
                0x08006d70                USB_EPSetStall
 .text.USB_EPClearStall
                0x08006dba       0xa2 Drivers/STM32G4xx_HAL_Driver/Src/stm32g4xx_ll_usb.o
                0x08006dba                USB_EPClearStall
 .text.USB_SetDevAddress
                0x08006e5c        0xc Drivers/STM32G4xx_HAL_Driver/Src/stm32g4xx_ll_usb.o
                0x08006e5c                USB_SetDevAddress
 .text.USB_DevConnect
                0x08006e68       0x10 Drivers/STM32G4xx_HAL_Driver/Src/stm32g4xx_ll_usb.o
                0x08006e68                USB_DevConnect
 .text.USB_ReadInterrupts
                0x08006e78        0x6 Drivers/STM32G4xx_HAL_Driver/Src/stm32g4xx_ll_usb.o
                0x08006e78                USB_ReadInterrupts
 .text.USB_EP0_OutStart
                0x08006e7e        0x4 Drivers/STM32G4xx_HAL_Driver/Src/stm32g4xx_ll_usb.o
                0x08006e7e                USB_EP0_OutStart
 .text.USB_WritePMA
                0x08006e82       0x2a Drivers/STM32G4xx_HAL_Driver/Src/stm32g4xx_ll_usb.o
                0x08006e82                USB_WritePMA
 .text.USB_EPStartXfer
                0x08006eac      0x320 Drivers/STM32G4xx_HAL_Driver/Src/stm32g4xx_ll_usb.o
                0x08006eac                USB_EPStartXfer
 .text.USB_ReadPMA
                0x080071cc       0x2e Drivers/STM32G4xx_HAL_Driver/Src/stm32g4xx_ll_usb.o
                0x080071cc                USB_ReadPMA
 .text.USBD_CDC_EP0_RxReady
                0x080071fa       0x28 Middlewares/ST/STM32_USB_Device_Library/Class/CDC/Src/usbd_cdc.o
 *fill*         0x08007222        0x2 
 .text.USBD_CDC_GetFSCfgDesc
                0x08007224        0xc Middlewares/ST/STM32_USB_Device_Library/Class/CDC/Src/usbd_cdc.o
 .text.USBD_CDC_GetHSCfgDesc
                0x08007230        0xc Middlewares/ST/STM32_USB_Device_Library/Class/CDC/Src/usbd_cdc.o
 .text.USBD_CDC_GetOtherSpeedCfgDesc
                0x0800723c        0xc Middlewares/ST/STM32_USB_Device_Library/Class/CDC/Src/usbd_cdc.o
 .text.USBD_CDC_GetDeviceQualifierDescriptor
                0x08007248        0xc Middlewares/ST/STM32_USB_Device_Library/Class/CDC/Src/usbd_cdc.o
                0x08007248                USBD_CDC_GetDeviceQualifierDescriptor
 .text.USBD_CDC_DataOut
                0x08007254       0x2e Middlewares/ST/STM32_USB_Device_Library/Class/CDC/Src/usbd_cdc.o
 .text.USBD_CDC_DataIn
                0x08007282       0x4c Middlewares/ST/STM32_USB_Device_Library/Class/CDC/Src/usbd_cdc.o
 .text.USBD_CDC_Setup
                0x080072ce       0xda Middlewares/ST/STM32_USB_Device_Library/Class/CDC/Src/usbd_cdc.o
 .text.USBD_CDC_DeInit
                0x080073a8       0x42 Middlewares/ST/STM32_USB_Device_Library/Class/CDC/Src/usbd_cdc.o
 .text.USBD_CDC_Init
                0x080073ea       0xb0 Middlewares/ST/STM32_USB_Device_Library/Class/CDC/Src/usbd_cdc.o
 .text.USBD_CDC_RegisterInterface
                0x0800749a        0xe Middlewares/ST/STM32_USB_Device_Library/Class/CDC/Src/usbd_cdc.o
                0x0800749a                USBD_CDC_RegisterInterface
 .text.USBD_CDC_SetTxBuffer
                0x080074a8       0x10 Middlewares/ST/STM32_USB_Device_Library/Class/CDC/Src/usbd_cdc.o
                0x080074a8                USBD_CDC_SetTxBuffer
 .text.USBD_CDC_SetRxBuffer
                0x080074b8        0xc Middlewares/ST/STM32_USB_Device_Library/Class/CDC/Src/usbd_cdc.o
                0x080074b8                USBD_CDC_SetRxBuffer
 .text.USBD_CDC_TransmitPacket
                0x080074c4       0x34 Middlewares/ST/STM32_USB_Device_Library/Class/CDC/Src/usbd_cdc.o
                0x080074c4                USBD_CDC_TransmitPacket
 .text.USBD_CDC_ReceivePacket
                0x080074f8       0x34 Middlewares/ST/STM32_USB_Device_Library/Class/CDC/Src/usbd_cdc.o
                0x080074f8                USBD_CDC_ReceivePacket
 .text.USBD_Init
                0x0800752c       0x2e Middlewares/ST/STM32_USB_Device_Library/Core/Src/usbd_core.o
                0x0800752c                USBD_Init
 .text.USBD_RegisterClass
                0x0800755a        0xe Middlewares/ST/STM32_USB_Device_Library/Core/Src/usbd_core.o
                0x0800755a                USBD_RegisterClass
 .text.USBD_Start
                0x08007568        0xa Middlewares/ST/STM32_USB_Device_Library/Core/Src/usbd_core.o
                0x08007568                USBD_Start
 .text.USBD_SetClassConfig
                0x08007572       0x1a Middlewares/ST/STM32_USB_Device_Library/Core/Src/usbd_core.o
                0x08007572                USBD_SetClassConfig
 .text.USBD_ClrClassConfig
                0x0800758c        0xe Middlewares/ST/STM32_USB_Device_Library/Core/Src/usbd_core.o
                0x0800758c                USBD_ClrClassConfig
 .text.USBD_LL_SetupStage
                0x0800759a       0x5a Middlewares/ST/STM32_USB_Device_Library/Core/Src/usbd_core.o
                0x0800759a                USBD_LL_SetupStage
 .text.USBD_LL_DataOutStage
                0x080075f4       0x92 Middlewares/ST/STM32_USB_Device_Library/Core/Src/usbd_core.o
                0x080075f4                USBD_LL_DataOutStage
 .text.USBD_LL_DataInStage
                0x08007686       0xd2 Middlewares/ST/STM32_USB_Device_Library/Core/Src/usbd_core.o
                0x08007686                USBD_LL_DataInStage
 .text.USBD_LL_Reset
                0x08007758       0x50 Middlewares/ST/STM32_USB_Device_Library/Core/Src/usbd_core.o
                0x08007758                USBD_LL_Reset
 .text.USBD_LL_SetSpeed
                0x080077a8        0x6 Middlewares/ST/STM32_USB_Device_Library/Core/Src/usbd_core.o
                0x080077a8                USBD_LL_SetSpeed
 .text.USBD_LL_Suspend
                0x080077ae       0x12 Middlewares/ST/STM32_USB_Device_Library/Core/Src/usbd_core.o
                0x080077ae                USBD_LL_Suspend
 .text.USBD_LL_Resume
                0x080077c0       0x16 Middlewares/ST/STM32_USB_Device_Library/Core/Src/usbd_core.o
                0x080077c0                USBD_LL_Resume
 .text.USBD_LL_SOF
                0x080077d6       0x1c Middlewares/ST/STM32_USB_Device_Library/Core/Src/usbd_core.o
                0x080077d6                USBD_LL_SOF
 .text.USBD_GetLen
                0x080077f2       0x14 Middlewares/ST/STM32_USB_Device_Library/Core/Src/usbd_ctlreq.o
 .text.USBD_SetFeature
                0x08007806       0x14 Middlewares/ST/STM32_USB_Device_Library/Core/Src/usbd_ctlreq.o
 .text.USBD_ParseSetupRequest
                0x0800781a       0x28 Middlewares/ST/STM32_USB_Device_Library/Core/Src/usbd_ctlreq.o
                0x0800781a                USBD_ParseSetupRequest
 .text.USBD_CtlError
                0x08007842       0x14 Middlewares/ST/STM32_USB_Device_Library/Core/Src/usbd_ctlreq.o
                0x08007842                USBD_CtlError
 .text.USBD_GetDescriptor
                0x08007856      0x1a8 Middlewares/ST/STM32_USB_Device_Library/Core/Src/usbd_ctlreq.o
 .text.USBD_SetAddress
                0x080079fe       0x4e Middlewares/ST/STM32_USB_Device_Library/Core/Src/usbd_ctlreq.o
 .text.USBD_SetConfig
                0x08007a4c       0xb0 Middlewares/ST/STM32_USB_Device_Library/Core/Src/usbd_ctlreq.o
 .text.USBD_GetConfig
                0x08007afc       0x3c Middlewares/ST/STM32_USB_Device_Library/Core/Src/usbd_ctlreq.o
 .text.USBD_GetStatus
                0x08007b38       0x38 Middlewares/ST/STM32_USB_Device_Library/Core/Src/usbd_ctlreq.o
 .text.USBD_ClrFeature
                0x08007b70       0x26 Middlewares/ST/STM32_USB_Device_Library/Core/Src/usbd_ctlreq.o
 .text.USBD_StdDevReq
                0x08007b96       0x68 Middlewares/ST/STM32_USB_Device_Library/Core/Src/usbd_ctlreq.o
                0x08007b96                USBD_StdDevReq
 .text.USBD_StdItfReq
                0x08007bfe       0x60 Middlewares/ST/STM32_USB_Device_Library/Core/Src/usbd_ctlreq.o
                0x08007bfe                USBD_StdItfReq
 .text.USBD_StdEPReq
                0x08007c5e      0x20e Middlewares/ST/STM32_USB_Device_Library/Core/Src/usbd_ctlreq.o
                0x08007c5e                USBD_StdEPReq
 .text.USBD_GetString
                0x08007e6c       0x38 Middlewares/ST/STM32_USB_Device_Library/Core/Src/usbd_ctlreq.o
                0x08007e6c                USBD_GetString
 .text.USBD_CtlSendData
                0x08007ea4       0x1a Middlewares/ST/STM32_USB_Device_Library/Core/Src/usbd_ioreq.o
                0x08007ea4                USBD_CtlSendData
 .text.USBD_CtlContinueSendData
                0x08007ebe       0x10 Middlewares/ST/STM32_USB_Device_Library/Core/Src/usbd_ioreq.o
                0x08007ebe                USBD_CtlContinueSendData
 .text.USBD_CtlPrepareRx
                0x08007ece       0x1e Middlewares/ST/STM32_USB_Device_Library/Core/Src/usbd_ioreq.o
                0x08007ece                USBD_CtlPrepareRx
 .text.USBD_CtlContinueRx
                0x08007eec       0x10 Middlewares/ST/STM32_USB_Device_Library/Core/Src/usbd_ioreq.o
                0x08007eec                USBD_CtlContinueRx
 .text.USBD_CtlSendStatus
                0x08007efc       0x16 Middlewares/ST/STM32_USB_Device_Library/Core/Src/usbd_ioreq.o
                0x08007efc                USBD_CtlSendStatus
 .text.USBD_CtlReceiveStatus
                0x08007f12       0x16 Middlewares/ST/STM32_USB_Device_Library/Core/Src/usbd_ioreq.o
                0x08007f12                USBD_CtlReceiveStatus
 .text.MX_ADC2_Init
                0x08007f28       0x84 Src/adc.o
                0x08007f28                MX_ADC2_Init
 .text.HAL_ADC_MspInit
                0x08007fac       0x64 Src/adc.o
                0x08007fac                HAL_ADC_MspInit
 .text.bluetooth_refreshSelfInfo
                0x08008010        0x4 Src/bluetooth.o
                0x08008010                bluetooth_refreshSelfInfo
 .text.bluetoothFifoFlush
                0x08008014       0x1c Src/bluetooth.o
                0x08008014                bluetoothFifoFlush
 .text.bluetoothMsgFifoFlush
                0x08008030       0x1c Src/bluetooth.o
                0x08008030                bluetoothMsgFifoFlush
 .text.bluetoothDecodeMsg
                0x0800804c      0x114 Src/bluetooth.o
                0x0800804c                bluetoothDecodeMsg
 .text.bluetoothCMD_ACK
                0x08008160       0x84 Src/bluetooth.o
                0x08008160                bluetoothCMD_ACK
 .text.bluetoothEnterCMD
                0x080081e4       0x24 Src/bluetooth.o
                0x080081e4                bluetoothEnterCMD
 .text.bluetoothLeaveCMD
                0x08008208       0x28 Src/bluetooth.o
                0x08008208                bluetoothLeaveCMD
 .text.bluetoothInit
                0x08008230      0x178 Src/bluetooth.o
                0x08008230                bluetoothInit
 .text.bluetoothCMD_Until
                0x080083a8       0x74 Src/bluetooth.o
                0x080083a8                bluetoothCMD_Until
 .text.bluetoothCMD_Time
                0x0800841c       0x60 Src/bluetooth.o
                0x0800841c                bluetoothCMD_Time
 .text.bluetoothConnect
                0x0800847c       0x60 Src/bluetooth.o
                0x0800847c                bluetoothConnect
 .text.bluetoothBond
                0x080084dc       0x40 Src/bluetooth.o
                0x080084dc                bluetoothBond
 .text.countOccurances
                0x0800851c       0x1c Src/bluetooth.o
                0x0800851c                countOccurances
 .text.replacechar
                0x08008538       0x20 Src/bluetooth.o
                0x08008538                replacechar
 .text.splitString
                0x08008558       0x26 Src/bluetooth.o
                0x08008558                splitString
 *fill*         0x0800857e        0x2 
 .text.bluetoothGetScannedDevices
                0x08008580      0x330 Src/bluetooth.o
                0x08008580                bluetoothGetScannedDevices
 .text.bluetoothGetBondedDevices
                0x080088b0      0x164 Src/bluetooth.o
                0x080088b0                bluetoothGetBondedDevices
 .text.bluetoothConnectKnown
                0x08008a14       0xe4 Src/bluetooth.o
                0x08008a14                bluetoothConnectKnown
 .text.bluetoothGetBondableDevices
                0x08008af8      0x330 Src/bluetooth.o
                0x08008af8                bluetoothGetBondableDevices
 .text.MX_CRC_Init
                0x08008e28       0x2c Src/crc.o
                0x08008e28                MX_CRC_Init
 .text.HAL_CRC_MspInit
                0x08008e54       0x2c Src/crc.o
                0x08008e54                HAL_CRC_MspInit
 .text.setStatus
                0x08008e80       0x70 Src/devStatus.o
                0x08008e80                setStatus
 .text.setStatusAll
                0x08008ef0       0x5c Src/devStatus.o
                0x08008ef0                setStatusAll
 .text.proccessPendingStatus
                0x08008f4c       0x68 Src/devStatus.o
                0x08008f4c                proccessPendingStatus
 .text.MX_DMA_Init
                0x08008fb4       0x64 Src/dma.o
                0x08008fb4                MX_DMA_Init
 .text.MX_GPIO_Init
                0x08009018      0x120 Src/gpio.o
                0x08009018                MX_GPIO_Init
 .text.MX_I2C1_Init
                0x08009138       0x68 Src/i2c.o
                0x08009138                MX_I2C1_Init
 .text.HAL_I2C_MspInit
                0x080091a0      0x110 Src/i2c.o
                0x080091a0                HAL_I2C_MspInit
 .text.SystemClock_Config
                0x080092b0       0xa4 Src/main.o
                0x080092b0                SystemClock_Config
 .text.main     0x08009354      0x2a4 Src/main.o
                0x08009354                main
 .text.HAL_GPIO_EXTI_Callback
                0x080095f8       0x50 Src/main.o
                0x080095f8                HAL_GPIO_EXTI_Callback
 .text.HAL_TIM_PeriodElapsedCallback
                0x08009648      0x260 Src/main.o
                0x08009648                HAL_TIM_PeriodElapsedCallback
 .text.USB_received_handle
                0x080098a8       0xc0 Src/main.o
                0x080098a8                USB_received_handle
 .text.USB_transmit_handle
                0x08009968        0xc Src/main.o
                0x08009968                USB_transmit_handle
 .text.HAL_UART_RxCpltCallback
                0x08009974      0x1c8 Src/main.o
                0x08009974                HAL_UART_RxCpltCallback
 .text.HAL_UART_TxCpltCallback
                0x08009b3c       0x5c Src/main.o
                0x08009b3c                HAL_UART_TxCpltCallback
 .text.Error_Handler
                0x08009b98        0x2 Src/main.o
                0x08009b98                Error_Handler
 .text.workerAssert
                0x08009b9a        0xa Src/midiControl.o
                0x08009b9a                workerAssert
 .text.workerDesert
                0x08009ba4        0x8 Src/midiControl.o
                0x08009ba4                workerDesert
 .text.strToSongMenu
                0x08009bac       0x8c Src/midiControl.o
                0x08009bac                strToSongMenu
 .text.midiControl_init
                0x08009c38       0x58 Src/midiControl.o
                0x08009c38                midiControl_init
 .text.midiControl_display_getState
                0x08009c90       0x4c Src/midiControl.o
                0x08009c90                midiControl_display_getState
 .text.midiControl_current_On
                0x08009cdc       0x26 Src/midiControl.o
                0x08009cdc                midiControl_current_On
 .text.midiControl_current_Off
                0x08009d02       0x26 Src/midiControl.o
                0x08009d02                midiControl_current_Off
 .text.midiControl_midiIO_getState
                0x08009d28       0x98 Src/midiControl.o
                0x08009d28                midiControl_midiIO_getState
 .text.midiControl_midiIO_init
                0x08009dc0        0x2 Src/midiControl.o
                0x08009dc0                midiControl_midiIO_init
 *fill*         0x08009dc2        0x2 
 .text.midiControl_record
                0x08009dc4       0x64 Src/midiControl.o
                0x08009dc4                midiControl_record
 .text.midiControl_play
                0x08009e28       0x80 Src/midiControl.o
                0x08009e28                midiControl_play
 .text.midiControl_stop
                0x08009ea8       0x40 Src/midiControl.o
                0x08009ea8                midiControl_stop
 .text.midiControl_keepalive_process
                0x08009ee8       0x68 Src/midiControl.o
                0x08009ee8                midiControl_keepalive_process
 .text.midiControl_setDisplayRaw
                0x08009f50       0x14 Src/midiControl.o
                0x08009f50                midiControl_setDisplayRaw
 .text.sendMsg  0x08009f64       0xc4 Src/msgDecoder.o
                0x08009f64                sendMsg
 .text.msgAOK   0x0800a028       0x56 Src/msgDecoder.o
                0x0800a028                msgAOK
 .text.msgERR   0x0800a07e       0x42 Src/msgDecoder.o
                0x0800a07e                msgERR
 .text.decodeMessage
                0x0800a0c0      0x148 Src/msgDecoder.o
                0x0800a0c0                decodeMessage
 .text.oled_StartSplash
                0x0800a208       0x60 Src/oled.o
                0x0800a208                oled_StartSplash
 .text.oled_BtDevInfoSplash
                0x0800a268      0x114 Src/oled.o
                0x0800a268                oled_BtDevInfoSplash
 .text.oled_LoadingSplash
                0x0800a37c       0xa0 Src/oled.o
                0x0800a37c                oled_LoadingSplash
 .text.oled_setDisplayedMenu
                0x0800a41c       0x74 Src/oled.o
                0x0800a41c                oled_setDisplayedMenu
 .text.oled_setDisplayedSplash
                0x0800a490       0x28 Src/oled.o
                0x0800a490                oled_setDisplayedSplash
 .text.oled_begin
                0x0800a4b8       0x8c Src/oled.o
                0x0800a4b8                oled_begin
 .text.oled_BtDevPairAckSplash
                0x0800a544      0x400 Src/oled.o
                0x0800a544                oled_BtDevPairAckSplash
 .text.oled_refreshPause
                0x0800a944        0xc Src/oled.o
                0x0800a944                oled_refreshPause
 .text.oled_menuOnclick
                0x0800a950      0x334 Src/oled.o
                0x0800a950                oled_menuOnclick
 .text.oled_drawMenu
                0x0800ac84      0x420 Src/oled.o
                0x0800ac84                oled_drawMenu
 .text.oled_refresh
                0x0800b0a4       0x38 Src/oled.o
                0x0800b0a4                oled_refresh
 .text.oled_refreshResume
                0x0800b0dc        0xc Src/oled.o
                0x0800b0dc                oled_refreshResume
 .text.oled_ErrorSplash
                0x0800b0e8       0x54 Src/oled.o
                0x0800b0e8                oled_ErrorSplash
 .text.oled_NothingFound
                0x0800b13c       0x54 Src/oled.o
                0x0800b13c                oled_NothingFound
 .text.oled_BtDevPairRequestSplash
                0x0800b190      0x104 Src/oled.o
                0x0800b190                oled_BtDevPairRequestSplash
 .text.oled_playingSplash
                0x0800b294      0x174 Src/oled.o
                0x0800b294                oled_playingSplash
 .text.oled_recordingSplash
                0x0800b408      0x174 Src/oled.o
                0x0800b408                oled_recordingSplash
 .text.MX_RTC_Init
                0x0800b57c       0x38 Src/rtc.o
                0x0800b57c                MX_RTC_Init
 .text.HAL_RTC_MspInit
                0x0800b5b4       0x24 Src/rtc.o
                0x0800b5b4                HAL_RTC_MspInit
 .text.ssd1306_WriteBufferByte
                0x0800b5d8       0x18 Src/ssd1306.o
                0x0800b5d8                ssd1306_WriteBufferByte
 .text.ssd1306_SendBuffer
                0x0800b5f0       0x2c Src/ssd1306.o
                0x0800b5f0                ssd1306_SendBuffer
 .text.ssd1306_Fill
                0x0800b61c       0x24 Src/ssd1306.o
                0x0800b61c                ssd1306_Fill
 .text.ssd1306_UpdateScreen
                0x0800b640       0x60 Src/ssd1306.o
                0x0800b640                ssd1306_UpdateScreen
 .text.ssd1306_Init
                0x0800b6a0      0x12c Src/ssd1306.o
                0x0800b6a0                ssd1306_Init
 .text.HAL_I2C_MemTxCpltCallback
                0x0800b7cc       0x40 Src/ssd1306.o
                0x0800b7cc                HAL_I2C_MemTxCpltCallback
 .text.ssd1306_DrawPixel
                0x0800b80c       0x5c Src/ssd1306.o
                0x0800b80c                ssd1306_DrawPixel
 .text.ssd1306_WriteChar
                0x0800b868       0xb4 Src/ssd1306.o
                0x0800b868                ssd1306_WriteChar
 .text.ssd1306_WriteString
                0x0800b91c       0x30 Src/ssd1306.o
                0x0800b91c                ssd1306_WriteString
 .text.ssd1306_SetCursor
                0x0800b94c       0x10 Src/ssd1306.o
                0x0800b94c                ssd1306_SetCursor
 .text.HAL_MspInit
                0x0800b95c       0x40 Src/stm32g4xx_hal_msp.o
                0x0800b95c                HAL_MspInit
 .text.NMI_Handler
                0x0800b99c        0x2 Src/stm32g4xx_it.o
                0x0800b99c                NMI_Handler
 .text.HardFault_Handler
                0x0800b99e        0x2 Src/stm32g4xx_it.o
                0x0800b99e                HardFault_Handler
 .text.MemManage_Handler
                0x0800b9a0        0x2 Src/stm32g4xx_it.o
                0x0800b9a0                MemManage_Handler
 .text.BusFault_Handler
                0x0800b9a2        0x2 Src/stm32g4xx_it.o
                0x0800b9a2                BusFault_Handler
 .text.UsageFault_Handler
                0x0800b9a4        0x2 Src/stm32g4xx_it.o
                0x0800b9a4                UsageFault_Handler
 .text.SVC_Handler
                0x0800b9a6        0x2 Src/stm32g4xx_it.o
                0x0800b9a6                SVC_Handler
 .text.DebugMon_Handler
                0x0800b9a8        0x2 Src/stm32g4xx_it.o
                0x0800b9a8                DebugMon_Handler
 .text.PendSV_Handler
                0x0800b9aa        0x2 Src/stm32g4xx_it.o
                0x0800b9aa                PendSV_Handler
 .text.SysTick_Handler
                0x0800b9ac        0x8 Src/stm32g4xx_it.o
                0x0800b9ac                SysTick_Handler
 .text.EXTI0_IRQHandler
                0x0800b9b4        0xa Src/stm32g4xx_it.o
                0x0800b9b4                EXTI0_IRQHandler
 .text.EXTI1_IRQHandler
                0x0800b9be        0xa Src/stm32g4xx_it.o
                0x0800b9be                EXTI1_IRQHandler
 .text.DMA1_Channel1_IRQHandler
                0x0800b9c8       0x10 Src/stm32g4xx_it.o
                0x0800b9c8                DMA1_Channel1_IRQHandler
 .text.DMA1_Channel2_IRQHandler
                0x0800b9d8       0x10 Src/stm32g4xx_it.o
                0x0800b9d8                DMA1_Channel2_IRQHandler
 .text.DMA1_Channel3_IRQHandler
                0x0800b9e8       0x10 Src/stm32g4xx_it.o
                0x0800b9e8                DMA1_Channel3_IRQHandler
 .text.USB_HP_IRQHandler
                0x0800b9f8       0x10 Src/stm32g4xx_it.o
                0x0800b9f8                USB_HP_IRQHandler
 .text.USB_LP_IRQHandler
                0x0800ba08       0x10 Src/stm32g4xx_it.o
                0x0800ba08                USB_LP_IRQHandler
 .text.TIM1_UP_TIM16_IRQHandler
                0x0800ba18       0x10 Src/stm32g4xx_it.o
                0x0800ba18                TIM1_UP_TIM16_IRQHandler
 .text.TIM1_CC_IRQHandler
                0x0800ba28       0x10 Src/stm32g4xx_it.o
                0x0800ba28                TIM1_CC_IRQHandler
 .text.TIM2_IRQHandler
                0x0800ba38       0x10 Src/stm32g4xx_it.o
                0x0800ba38                TIM2_IRQHandler
 .text.TIM4_IRQHandler
                0x0800ba48       0x10 Src/stm32g4xx_it.o
                0x0800ba48                TIM4_IRQHandler
 .text.I2C1_EV_IRQHandler
                0x0800ba58       0x10 Src/stm32g4xx_it.o
                0x0800ba58                I2C1_EV_IRQHandler
 .text.I2C1_ER_IRQHandler
                0x0800ba68       0x10 Src/stm32g4xx_it.o
                0x0800ba68                I2C1_ER_IRQHandler
 .text.USART1_IRQHandler
                0x0800ba78       0x10 Src/stm32g4xx_it.o
                0x0800ba78                USART1_IRQHandler
 .text.USART2_IRQHandler
                0x0800ba88       0x10 Src/stm32g4xx_it.o
                0x0800ba88                USART2_IRQHandler
 .text.USART3_IRQHandler
                0x0800ba98       0x10 Src/stm32g4xx_it.o
                0x0800ba98                USART3_IRQHandler
 .text._sbrk    0x0800baa8       0x3c Src/syscalls.o
                0x0800baa8                _sbrk
 .text.SystemInit
                0x0800bae4       0x1c Src/system_stm32g4xx.o
                0x0800bae4                SystemInit
 .text.MX_TIM1_Init
                0x0800bb00       0x98 Src/tim.o
                0x0800bb00                MX_TIM1_Init
 .text.MX_TIM2_Init
                0x0800bb98       0x74 Src/tim.o
                0x0800bb98                MX_TIM2_Init
 .text.MX_TIM4_Init
                0x0800bc0c       0x74 Src/tim.o
                0x0800bc0c                MX_TIM4_Init
 .text.HAL_TIM_Base_MspInit
                0x0800bc80      0x110 Src/tim.o
                0x0800bc80                HAL_TIM_Base_MspInit
 .text.HAL_TIM_PWM_MspInit
                0x0800bd90       0x70 Src/tim.o
                0x0800bd90                HAL_TIM_PWM_MspInit
 .text.HAL_TIM_MspPostInit
                0x0800be00       0x8c Src/tim.o
                0x0800be00                HAL_TIM_MspPostInit
 .text.MX_TIM15_Init
                0x0800be8c       0xb8 Src/tim.o
                0x0800be8c                MX_TIM15_Init
 .text.MX_TIM17_Init
                0x0800bf44       0xa4 Src/tim.o
                0x0800bf44                MX_TIM17_Init
 .text.MX_UCPD1_Init
                0x0800bfe8       0x20 Src/ucpd.o
                0x0800bfe8                MX_UCPD1_Init
 .text.MX_USART1_UART_Init
                0x0800c008       0x68 Src/usart.o
                0x0800c008                MX_USART1_UART_Init
 .text.MX_USART2_UART_Init
                0x0800c070       0x68 Src/usart.o
                0x0800c070                MX_USART2_UART_Init
 .text.MX_USART3_UART_Init
                0x0800c0d8       0x6c Src/usart.o
                0x0800c0d8                MX_USART3_UART_Init
 .text.HAL_UART_MspInit
                0x0800c144      0x130 Src/usart.o
                0x0800c144                HAL_UART_MspInit
 .text.MX_USB_Device_Init
                0x0800c274       0x54 Src/usb_device.o
                0x0800c274                MX_USB_Device_Init
 .text.CDC_DeInit_FS
                0x0800c2c8        0x4 Src/usbd_cdc_if.o
 .text.CDC_Control_FS
                0x0800c2cc        0x4 Src/usbd_cdc_if.o
 .text.CDC_Receive_FS
                0x0800c2d0       0x28 Src/usbd_cdc_if.o
 .text.CDC_Init_FS
                0x0800c2f8       0x28 Src/usbd_cdc_if.o
 .text.CDC_Transmit_FS
                0x0800c320       0x34 Src/usbd_cdc_if.o
                0x0800c320                CDC_Transmit_FS
 .text.USBD_Get_USB_Status
                0x0800c354       0x12 Src/usbd_conf.o
 .text.SystemClockConfig_Resume
                0x0800c366        0x8 Src/usbd_conf.o
 *fill*         0x0800c36e        0x2 
 .text.HAL_PCD_MspInit
                0x0800c370       0x50 Src/usbd_conf.o
                0x0800c370                HAL_PCD_MspInit
 .text.HAL_PCD_SetupStageCallback
                0x0800c3c0       0x10 Src/usbd_conf.o
                0x0800c3c0                HAL_PCD_SetupStageCallback
 .text.HAL_PCD_DataOutStageCallback
                0x0800c3d0       0x14 Src/usbd_conf.o
                0x0800c3d0                HAL_PCD_DataOutStageCallback
 .text.HAL_PCD_DataInStageCallback
                0x0800c3e4       0x12 Src/usbd_conf.o
                0x0800c3e4                HAL_PCD_DataInStageCallback
 .text.HAL_PCD_SOFCallback
                0x0800c3f6        0xc Src/usbd_conf.o
                0x0800c3f6                HAL_PCD_SOFCallback
 .text.HAL_PCD_ResetCallback
                0x0800c402       0x22 Src/usbd_conf.o
                0x0800c402                HAL_PCD_ResetCallback
 .text.HAL_PCD_SuspendCallback
                0x0800c424       0x20 Src/usbd_conf.o
                0x0800c424                HAL_PCD_SuspendCallback
 .text.HAL_PCD_ResumeCallback
                0x0800c444       0x28 Src/usbd_conf.o
                0x0800c444                HAL_PCD_ResumeCallback
 .text.USBD_LL_Init
                0x0800c46c       0x88 Src/usbd_conf.o
                0x0800c46c                USBD_LL_Init
 .text.USBD_LL_Start
                0x0800c4f4       0x10 Src/usbd_conf.o
                0x0800c4f4                USBD_LL_Start
 .text.USBD_LL_OpenEP
                0x0800c504       0x16 Src/usbd_conf.o
                0x0800c504                USBD_LL_OpenEP
 .text.USBD_LL_CloseEP
                0x0800c51a       0x10 Src/usbd_conf.o
                0x0800c51a                USBD_LL_CloseEP
 .text.USBD_LL_StallEP
                0x0800c52a       0x10 Src/usbd_conf.o
                0x0800c52a                USBD_LL_StallEP
 .text.USBD_LL_ClearStallEP
                0x0800c53a       0x10 Src/usbd_conf.o
                0x0800c53a                USBD_LL_ClearStallEP
 .text.USBD_LL_IsStallEP
                0x0800c54a       0x26 Src/usbd_conf.o
                0x0800c54a                USBD_LL_IsStallEP
 .text.USBD_LL_SetUSBAddress
                0x0800c570       0x10 Src/usbd_conf.o
                0x0800c570                USBD_LL_SetUSBAddress
 .text.USBD_LL_Transmit
                0x0800c580       0x10 Src/usbd_conf.o
                0x0800c580                USBD_LL_Transmit
 .text.USBD_LL_PrepareReceive
                0x0800c590       0x10 Src/usbd_conf.o
                0x0800c590                USBD_LL_PrepareReceive
 .text.USBD_LL_GetRxDataSize
                0x0800c5a0        0xc Src/usbd_conf.o
                0x0800c5a0                USBD_LL_GetRxDataSize
 .text.HAL_PCDEx_LPM_Callback
                0x0800c5ac       0x48 Src/usbd_conf.o
                0x0800c5ac                HAL_PCDEx_LPM_Callback
 .text.USBD_static_malloc
                0x0800c5f4        0x8 Src/usbd_conf.o
                0x0800c5f4                USBD_static_malloc
 .text.USBD_static_free
                0x0800c5fc        0x2 Src/usbd_conf.o
                0x0800c5fc                USBD_static_free
 *fill*         0x0800c5fe        0x2 
 .text.USBD_CDC_DeviceDescriptor
                0x0800c600        0xc Src/usbd_desc.o
                0x0800c600                USBD_CDC_DeviceDescriptor
 .text.USBD_CDC_LangIDStrDescriptor
                0x0800c60c        0xc Src/usbd_desc.o
                0x0800c60c                USBD_CDC_LangIDStrDescriptor
 .text.IntToUnicode
                0x0800c618       0x36 Src/usbd_desc.o
 *fill*         0x0800c64e        0x2 
 .text.Get_SerialNum
                0x0800c650       0x38 Src/usbd_desc.o
 .text.USBD_CDC_SerialStrDescriptor
                0x0800c688       0x14 Src/usbd_desc.o
                0x0800c688                USBD_CDC_SerialStrDescriptor
 .text.USBD_CDC_ProductStrDescriptor
                0x0800c69c       0x24 Src/usbd_desc.o
                0x0800c69c                USBD_CDC_ProductStrDescriptor
 .text.USBD_CDC_ManufacturerStrDescriptor
                0x0800c6c0       0x1c Src/usbd_desc.o
                0x0800c6c0                USBD_CDC_ManufacturerStrDescriptor
 .text.USBD_CDC_ConfigStrDescriptor
                0x0800c6dc       0x24 Src/usbd_desc.o
                0x0800c6dc                USBD_CDC_ConfigStrDescriptor
 .text.USBD_CDC_InterfaceStrDescriptor
                0x0800c700       0x24 Src/usbd_desc.o
                0x0800c700                USBD_CDC_InterfaceStrDescriptor
 .text.setLEDcolor
                0x0800c724       0xc0 Src/ws2812.o
                0x0800c724                setLEDcolor
 .text.setWHOLEcolor
                0x0800c7e4       0x2c Src/ws2812.o
                0x0800c7e4                setWHOLEcolor
 .text.fillBufferBlack
                0x0800c810       0x60 Src/ws2812.o
                0x0800c810                fillBufferBlack
 .text.ws2812_init
                0x0800c870       0x3c Src/ws2812.o
                0x0800c870                ws2812_init
 .text.Reset_Handler
                0x0800c8ac       0x50 startup/startup_stm32g431xx.o
                0x0800c8ac                Reset_Handler
 .text.Default_Handler
                0x0800c8fc        0x2 startup/startup_stm32g431xx.o
                0x0800c8fc                RTC_Alarm_IRQHandler
                0x0800c8fc                EXTI2_IRQHandler
                0x0800c8fc                TIM8_TRG_COM_IRQHandler
                0x0800c8fc                TIM8_CC_IRQHandler
                0x0800c8fc                CORDIC_IRQHandler
                0x0800c8fc                EXTI3_IRQHandler
                0x0800c8fc                I2C3_ER_IRQHandler
                0x0800c8fc                I2C2_EV_IRQHandler
                0x0800c8fc                FPU_IRQHandler
                0x0800c8fc                FDCAN1_IT1_IRQHandler
                0x0800c8fc                ADC1_2_IRQHandler
                0x0800c8fc                SPI1_IRQHandler
                0x0800c8fc                TIM6_DAC_IRQHandler
                0x0800c8fc                TIM8_UP_IRQHandler
                0x0800c8fc                DMA2_Channel2_IRQHandler
                0x0800c8fc                DMA1_Channel4_IRQHandler
                0x0800c8fc                DMA2_Channel1_IRQHandler
                0x0800c8fc                DMA1_Channel6_IRQHandler
                0x0800c8fc                UART4_IRQHandler
                0x0800c8fc                DMA2_Channel4_IRQHandler
                0x0800c8fc                TIM3_IRQHandler
                0x0800c8fc                RCC_IRQHandler
                0x0800c8fc                Default_Handler
                0x0800c8fc                RTC_TAMP_LSECSS_IRQHandler
                0x0800c8fc                FMAC_IRQHandler
                0x0800c8fc                EXTI15_10_IRQHandler
                0x0800c8fc                TIM7_IRQHandler
                0x0800c8fc                UCPD1_IRQHandler
                0x0800c8fc                I2C3_EV_IRQHandler
                0x0800c8fc                EXTI9_5_IRQHandler
                0x0800c8fc                RTC_WKUP_IRQHandler
                0x0800c8fc                PVD_PVM_IRQHandler
                0x0800c8fc                SPI2_IRQHandler
                0x0800c8fc                DMA2_Channel5_IRQHandler
                0x0800c8fc                CRS_IRQHandler
                0x0800c8fc                DMA1_Channel5_IRQHandler
                0x0800c8fc                EXTI4_IRQHandler
                0x0800c8fc                RNG_IRQHandler
                0x0800c8fc                TIM1_TRG_COM_TIM17_IRQHandler
                0x0800c8fc                WWDG_IRQHandler
                0x0800c8fc                LPUART1_IRQHandler
                0x0800c8fc                DMA2_Channel6_IRQHandler
                0x0800c8fc                FDCAN1_IT0_IRQHandler
                0x0800c8fc                COMP1_2_3_IRQHandler
                0x0800c8fc                I2C2_ER_IRQHandler
                0x0800c8fc                TIM8_BRK_IRQHandler
                0x0800c8fc                FLASH_IRQHandler
                0x0800c8fc                SPI3_IRQHandler
                0x0800c8fc                LPTIM1_IRQHandler
                0x0800c8fc                DMAMUX_OVR_IRQHandler
                0x0800c8fc                USBWakeUp_IRQHandler
                0x0800c8fc                SAI1_IRQHandler
                0x0800c8fc                DMA2_Channel3_IRQHandler
                0x0800c8fc                COMP4_IRQHandler
                0x0800c8fc                TIM1_BRK_TIM15_IRQHandler
 *fill*         0x0800c8fe        0x2 
 .text.__errno  0x0800c900        0xc c:/program files/ac6/plugins/fr.ac6.mcu.externaltools.arm-none.win32_1.17.0.201812190825/tools/compiler/bin/../lib/gcc/arm-none-eabi/7.3.1/../../../../arm-none-eabi/lib/thumb/v7e-m/fpv4-sp/hard\libc_nano.a(lib_a-errno.o)
                0x0800c900                __errno
 .text.__libc_init_array
                0x0800c90c       0x48 c:/program files/ac6/plugins/fr.ac6.mcu.externaltools.arm-none.win32_1.17.0.201812190825/tools/compiler/bin/../lib/gcc/arm-none-eabi/7.3.1/../../../../arm-none-eabi/lib/thumb/v7e-m/fpv4-sp/hard\libc_nano.a(lib_a-init.o)
                0x0800c90c                __libc_init_array
 .text.malloc   0x0800c954       0x10 c:/program files/ac6/plugins/fr.ac6.mcu.externaltools.arm-none.win32_1.17.0.201812190825/tools/compiler/bin/../lib/gcc/arm-none-eabi/7.3.1/../../../../arm-none-eabi/lib/thumb/v7e-m/fpv4-sp/hard\libc_nano.a(lib_a-malloc.o)
                0x0800c954                malloc
 .text.free     0x0800c964       0x10 c:/program files/ac6/plugins/fr.ac6.mcu.externaltools.arm-none.win32_1.17.0.201812190825/tools/compiler/bin/../lib/gcc/arm-none-eabi/7.3.1/../../../../arm-none-eabi/lib/thumb/v7e-m/fpv4-sp/hard\libc_nano.a(lib_a-malloc.o)
                0x0800c964                free
 .text.memcpy   0x0800c974       0x16 c:/program files/ac6/plugins/fr.ac6.mcu.externaltools.arm-none.win32_1.17.0.201812190825/tools/compiler/bin/../lib/gcc/arm-none-eabi/7.3.1/../../../../arm-none-eabi/lib/thumb/v7e-m/fpv4-sp/hard\libc_nano.a(lib_a-memcpy-stub.o)
                0x0800c974                memcpy
 .text.memset   0x0800c98a       0x10 c:/program files/ac6/plugins/fr.ac6.mcu.externaltools.arm-none.win32_1.17.0.201812190825/tools/compiler/bin/../lib/gcc/arm-none-eabi/7.3.1/../../../../arm-none-eabi/lib/thumb/v7e-m/fpv4-sp/hard\libc_nano.a(lib_a-memset.o)
                0x0800c98a                memset
 *fill*         0x0800c99a        0x2 
 .text._free_r  0x0800c99c       0x9c c:/program files/ac6/plugins/fr.ac6.mcu.externaltools.arm-none.win32_1.17.0.201812190825/tools/compiler/bin/../lib/gcc/arm-none-eabi/7.3.1/../../../../arm-none-eabi/lib/thumb/v7e-m/fpv4-sp/hard\libc_nano.a(lib_a-nano-freer.o)
                0x0800c99c                _free_r
 .text._malloc_r
                0x0800ca38       0xb4 c:/program files/ac6/plugins/fr.ac6.mcu.externaltools.arm-none.win32_1.17.0.201812190825/tools/compiler/bin/../lib/gcc/arm-none-eabi/7.3.1/../../../../arm-none-eabi/lib/thumb/v7e-m/fpv4-sp/hard\libc_nano.a(lib_a-nano-mallocr.o)
                0x0800ca38                _malloc_r
 .text._sbrk_r  0x0800caec       0x20 c:/program files/ac6/plugins/fr.ac6.mcu.externaltools.arm-none.win32_1.17.0.201812190825/tools/compiler/bin/../lib/gcc/arm-none-eabi/7.3.1/../../../../arm-none-eabi/lib/thumb/v7e-m/fpv4-sp/hard\libc_nano.a(lib_a-sbrkr.o)
                0x0800caec                _sbrk_r
 .text.sprintf  0x0800cb0c       0x40 c:/program files/ac6/plugins/fr.ac6.mcu.externaltools.arm-none.win32_1.17.0.201812190825/tools/compiler/bin/../lib/gcc/arm-none-eabi/7.3.1/../../../../arm-none-eabi/lib/thumb/v7e-m/fpv4-sp/hard\libc_nano.a(lib_a-sprintf.o)
                0x0800cb0c                siprintf
                0x0800cb0c                sprintf
 .text.sscanf   0x0800cb4c       0x54 c:/program files/ac6/plugins/fr.ac6.mcu.externaltools.arm-none.win32_1.17.0.201812190825/tools/compiler/bin/../lib/gcc/arm-none-eabi/7.3.1/../../../../arm-none-eabi/lib/thumb/v7e-m/fpv4-sp/hard\libc_nano.a(lib_a-sscanf.o)
                0x0800cb4c                siscanf
                0x0800cb4c                sscanf
 .text.__seofread
                0x0800cba0        0x4 c:/program files/ac6/plugins/fr.ac6.mcu.externaltools.arm-none.win32_1.17.0.201812190825/tools/compiler/bin/../lib/gcc/arm-none-eabi/7.3.1/../../../../arm-none-eabi/lib/thumb/v7e-m/fpv4-sp/hard\libc_nano.a(lib_a-stdio.o)
                0x0800cba0                __seofread
 .text.strchr   0x0800cba4       0x1a c:/program files/ac6/plugins/fr.ac6.mcu.externaltools.arm-none.win32_1.17.0.201812190825/tools/compiler/bin/../lib/gcc/arm-none-eabi/7.3.1/../../../../arm-none-eabi/lib/thumb/v7e-m/fpv4-sp/hard\libc_nano.a(lib_a-strchr.o)
                0x0800cba4                strchr
 .text.strcpy   0x0800cbbe       0x10 c:/program files/ac6/plugins/fr.ac6.mcu.externaltools.arm-none.win32_1.17.0.201812190825/tools/compiler/bin/../lib/gcc/arm-none-eabi/7.3.1/../../../../arm-none-eabi/lib/thumb/v7e-m/fpv4-sp/hard\libc_nano.a(lib_a-strcpy.o)
                0x0800cbbe                strcpy
 .text.strstr   0x0800cbce       0x34 c:/program files/ac6/plugins/fr.ac6.mcu.externaltools.arm-none.win32_1.17.0.201812190825/tools/compiler/bin/../lib/gcc/arm-none-eabi/7.3.1/../../../../arm-none-eabi/lib/thumb/v7e-m/fpv4-sp/hard\libc_nano.a(lib_a-strstr.o)
                0x0800cbce                strstr
 *fill*         0x0800cc02        0x2 
 .text.strtok   0x0800cc04       0x54 c:/program files/ac6/plugins/fr.ac6.mcu.externaltools.arm-none.win32_1.17.0.201812190825/tools/compiler/bin/../lib/gcc/arm-none-eabi/7.3.1/../../../../arm-none-eabi/lib/thumb/v7e-m/fpv4-sp/hard\libc_nano.a(lib_a-strtok.o)
                0x0800cc04                strtok
 .text.__strtok_r
                0x0800cc58       0x54 c:/program files/ac6/plugins/fr.ac6.mcu.externaltools.arm-none.win32_1.17.0.201812190825/tools/compiler/bin/../lib/gcc/arm-none-eabi/7.3.1/../../../../arm-none-eabi/lib/thumb/v7e-m/fpv4-sp/hard\libc_nano.a(lib_a-strtok_r.o)
                0x0800cc58                __strtok_r
 .text.__malloc_lock
                0x0800ccac        0x2 c:/program files/ac6/plugins/fr.ac6.mcu.externaltools.arm-none.win32_1.17.0.201812190825/tools/compiler/bin/../lib/gcc/arm-none-eabi/7.3.1/../../../../arm-none-eabi/lib/thumb/v7e-m/fpv4-sp/hard\libc_nano.a(lib_a-mlock.o)
                0x0800ccac                __malloc_lock
 .text.__malloc_unlock
                0x0800ccae        0x2 c:/program files/ac6/plugins/fr.ac6.mcu.externaltools.arm-none.win32_1.17.0.201812190825/tools/compiler/bin/../lib/gcc/arm-none-eabi/7.3.1/../../../../arm-none-eabi/lib/thumb/v7e-m/fpv4-sp/hard\libc_nano.a(lib_a-mlock.o)
                0x0800ccae                __malloc_unlock
 .text.__ssputs_r
                0x0800ccb0       0xb4 c:/program files/ac6/plugins/fr.ac6.mcu.externaltools.arm-none.win32_1.17.0.201812190825/tools/compiler/bin/../lib/gcc/arm-none-eabi/7.3.1/../../../../arm-none-eabi/lib/thumb/v7e-m/fpv4-sp/hard\libc_nano.a(lib_a-nano-svfprintf.o)
                0x0800ccb0                __ssputs_r
 .text._svfprintf_r
                0x0800cd64      0x1f0 c:/program files/ac6/plugins/fr.ac6.mcu.externaltools.arm-none.win32_1.17.0.201812190825/tools/compiler/bin/../lib/gcc/arm-none-eabi/7.3.1/../../../../arm-none-eabi/lib/thumb/v7e-m/fpv4-sp/hard\libc_nano.a(lib_a-nano-svfprintf.o)
                0x0800cd64                _svfiprintf_r
                0x0800cd64                _svfprintf_r
 .text._sungetc_r
                0x0800cf54       0x7a c:/program files/ac6/plugins/fr.ac6.mcu.externaltools.arm-none.win32_1.17.0.201812190825/tools/compiler/bin/../lib/gcc/arm-none-eabi/7.3.1/../../../../arm-none-eabi/lib/thumb/v7e-m/fpv4-sp/hard\libc_nano.a(lib_a-nano-svfscanf.o)
                0x0800cf54                _sungetc_r
 .text.__ssrefill_r
                0x0800cfce       0x3a c:/program files/ac6/plugins/fr.ac6.mcu.externaltools.arm-none.win32_1.17.0.201812190825/tools/compiler/bin/../lib/gcc/arm-none-eabi/7.3.1/../../../../arm-none-eabi/lib/thumb/v7e-m/fpv4-sp/hard\libc_nano.a(lib_a-nano-svfscanf.o)
                0x0800cfce                __ssrefill_r
 .text.__ssvfscanf_r
                0x0800d008      0x2a0 c:/program files/ac6/plugins/fr.ac6.mcu.externaltools.arm-none.win32_1.17.0.201812190825/tools/compiler/bin/../lib/gcc/arm-none-eabi/7.3.1/../../../../arm-none-eabi/lib/thumb/v7e-m/fpv4-sp/hard\libc_nano.a(lib_a-nano-svfscanf.o)
                0x0800d008                __ssvfiscanf_r
                0x0800d008                __ssvfscanf_r
 .text._printf_common
                0x0800d2a8       0xea c:/program files/ac6/plugins/fr.ac6.mcu.externaltools.arm-none.win32_1.17.0.201812190825/tools/compiler/bin/../lib/gcc/arm-none-eabi/7.3.1/../../../../arm-none-eabi/lib/thumb/v7e-m/fpv4-sp/hard\libc_nano.a(lib_a-nano-vfprintf_i.o)
                0x0800d2a8                _printf_common
 *fill*         0x0800d392        0x2 
 .text._printf_i
                0x0800d394      0x224 c:/program files/ac6/plugins/fr.ac6.mcu.externaltools.arm-none.win32_1.17.0.201812190825/tools/compiler/bin/../lib/gcc/arm-none-eabi/7.3.1/../../../../arm-none-eabi/lib/thumb/v7e-m/fpv4-sp/hard\libc_nano.a(lib_a-nano-vfprintf_i.o)
                0x0800d394                _printf_i
 .text._scanf_chars
                0x0800d5b8       0xc6 c:/program files/ac6/plugins/fr.ac6.mcu.externaltools.arm-none.win32_1.17.0.201812190825/tools/compiler/bin/../lib/gcc/arm-none-eabi/7.3.1/../../../../arm-none-eabi/lib/thumb/v7e-m/fpv4-sp/hard\libc_nano.a(lib_a-nano-vfscanf_i.o)
                0x0800d5b8                _scanf_chars
 *fill*         0x0800d67e        0x2 
 .text._scanf_i
                0x0800d680      0x1e8 c:/program files/ac6/plugins/fr.ac6.mcu.externaltools.arm-none.win32_1.17.0.201812190825/tools/compiler/bin/../lib/gcc/arm-none-eabi/7.3.1/../../../../arm-none-eabi/lib/thumb/v7e-m/fpv4-sp/hard\libc_nano.a(lib_a-nano-vfscanf_i.o)
                0x0800d680                _scanf_i
 .text.__sccl   0x0800d868       0x64 c:/program files/ac6/plugins/fr.ac6.mcu.externaltools.arm-none.win32_1.17.0.201812190825/tools/compiler/bin/../lib/gcc/arm-none-eabi/7.3.1/../../../../arm-none-eabi/lib/thumb/v7e-m/fpv4-sp/hard\libc_nano.a(lib_a-sccl.o)
                0x0800d868                __sccl
 .text._strtol_l.isra.0
                0x0800d8cc       0xf6 c:/program files/ac6/plugins/fr.ac6.mcu.externaltools.arm-none.win32_1.17.0.201812190825/tools/compiler/bin/../lib/gcc/arm-none-eabi/7.3.1/../../../../arm-none-eabi/lib/thumb/v7e-m/fpv4-sp/hard\libc_nano.a(lib_a-strtol.o)
 *fill*         0x0800d9c2        0x2 
 .text._strtol_r
                0x0800d9c4       0x24 c:/program files/ac6/plugins/fr.ac6.mcu.externaltools.arm-none.win32_1.17.0.201812190825/tools/compiler/bin/../lib/gcc/arm-none-eabi/7.3.1/../../../../arm-none-eabi/lib/thumb/v7e-m/fpv4-sp/hard\libc_nano.a(lib_a-strtol.o)
                0x0800d9c4                _strtol_r
 .text._strtoul_l.isra.0
                0x0800d9e8       0xf4 c:/program files/ac6/plugins/fr.ac6.mcu.externaltools.arm-none.win32_1.17.0.201812190825/tools/compiler/bin/../lib/gcc/arm-none-eabi/7.3.1/../../../../arm-none-eabi/lib/thumb/v7e-m/fpv4-sp/hard\libc_nano.a(lib_a-strtoul.o)
 .text._strtoul_r
                0x0800dadc       0x24 c:/program files/ac6/plugins/fr.ac6.mcu.externaltools.arm-none.win32_1.17.0.201812190825/tools/compiler/bin/../lib/gcc/arm-none-eabi/7.3.1/../../../../arm-none-eabi/lib/thumb/v7e-m/fpv4-sp/hard\libc_nano.a(lib_a-strtoul.o)
                0x0800dadc                _strtoul_r
 .text.__submore
                0x0800db00       0x74 c:/program files/ac6/plugins/fr.ac6.mcu.externaltools.arm-none.win32_1.17.0.201812190825/tools/compiler/bin/../lib/gcc/arm-none-eabi/7.3.1/../../../../arm-none-eabi/lib/thumb/v7e-m/fpv4-sp/hard\libc_nano.a(lib_a-ungetc.o)
                0x0800db00                __submore
 .text.__locale_ctype_ptr_l
                0x0800db74        0x6 c:/program files/ac6/plugins/fr.ac6.mcu.externaltools.arm-none.win32_1.17.0.201812190825/tools/compiler/bin/../lib/gcc/arm-none-eabi/7.3.1/../../../../arm-none-eabi/lib/thumb/v7e-m/fpv4-sp/hard\libc_nano.a(lib_a-locale.o)
                0x0800db74                __locale_ctype_ptr_l
 *fill*         0x0800db7a        0x2 
 .text.__locale_ctype_ptr
                0x0800db7c       0x1c c:/program files/ac6/plugins/fr.ac6.mcu.externaltools.arm-none.win32_1.17.0.201812190825/tools/compiler/bin/../lib/gcc/arm-none-eabi/7.3.1/../../../../arm-none-eabi/lib/thumb/v7e-m/fpv4-sp/hard\libc_nano.a(lib_a-locale.o)
                0x0800db7c                __locale_ctype_ptr
 .text.__ascii_mbtowc
                0x0800db98       0x24 c:/program files/ac6/plugins/fr.ac6.mcu.externaltools.arm-none.win32_1.17.0.201812190825/tools/compiler/bin/../lib/gcc/arm-none-eabi/7.3.1/../../../../arm-none-eabi/lib/thumb/v7e-m/fpv4-sp/hard\libc_nano.a(lib_a-mbtowc_r.o)
                0x0800db98                __ascii_mbtowc
 .text.memmove  0x0800dbbc       0x32 c:/program files/ac6/plugins/fr.ac6.mcu.externaltools.arm-none.win32_1.17.0.201812190825/tools/compiler/bin/../lib/gcc/arm-none-eabi/7.3.1/../../../../arm-none-eabi/lib/thumb/v7e-m/fpv4-sp/hard\libc_nano.a(lib_a-memmove.o)
                0x0800dbbc                memmove
 .text._realloc_r
                0x0800dbee       0x4c c:/program files/ac6/plugins/fr.ac6.mcu.externaltools.arm-none.win32_1.17.0.201812190825/tools/compiler/bin/../lib/gcc/arm-none-eabi/7.3.1/../../../../arm-none-eabi/lib/thumb/v7e-m/fpv4-sp/hard\libc_nano.a(lib_a-nano-reallocr.o)
                0x0800dbee                _realloc_r
 .text.__ascii_wctomb
                0x0800dc3a       0x1a c:/program files/ac6/plugins/fr.ac6.mcu.externaltools.arm-none.win32_1.17.0.201812190825/tools/compiler/bin/../lib/gcc/arm-none-eabi/7.3.1/../../../../arm-none-eabi/lib/thumb/v7e-m/fpv4-sp/hard\libc_nano.a(lib_a-wctomb_r.o)
                0x0800dc3a                __ascii_wctomb
 .text._malloc_usable_size_r
                0x0800dc54       0x10 c:/program files/ac6/plugins/fr.ac6.mcu.externaltools.arm-none.win32_1.17.0.201812190825/tools/compiler/bin/../lib/gcc/arm-none-eabi/7.3.1/../../../../arm-none-eabi/lib/thumb/v7e-m/fpv4-sp/hard\libc_nano.a(lib_a-nano-msizer.o)
                0x0800dc54                _malloc_usable_size_r
 *(.glue_7)
 .glue_7        0x0800dc64        0x0 linker stubs
 *(.glue_7t)
 .glue_7t       0x0800dc64        0x0 linker stubs
 *(.eh_frame)
 .eh_frame      0x0800dc64        0x0 c:/program files/ac6/plugins/fr.ac6.mcu.externaltools.arm-none.win32_1.17.0.201812190825/tools/compiler/bin/../lib/gcc/arm-none-eabi/7.3.1/thumb/v7e-m/fpv4-sp/hard/crtbegin.o
 *(.init)
 .init          0x0800dc64        0x4 c:/program files/ac6/plugins/fr.ac6.mcu.externaltools.arm-none.win32_1.17.0.201812190825/tools/compiler/bin/../lib/gcc/arm-none-eabi/7.3.1/thumb/v7e-m/fpv4-sp/hard/crti.o
                0x0800dc64                _init
 .init          0x0800dc68        0x8 c:/program files/ac6/plugins/fr.ac6.mcu.externaltools.arm-none.win32_1.17.0.201812190825/tools/compiler/bin/../lib/gcc/arm-none-eabi/7.3.1/thumb/v7e-m/fpv4-sp/hard/crtn.o
 *(.fini)
 .fini          0x0800dc70        0x4 c:/program files/ac6/plugins/fr.ac6.mcu.externaltools.arm-none.win32_1.17.0.201812190825/tools/compiler/bin/../lib/gcc/arm-none-eabi/7.3.1/thumb/v7e-m/fpv4-sp/hard/crti.o
                0x0800dc70                _fini
 .fini          0x0800dc74        0x8 c:/program files/ac6/plugins/fr.ac6.mcu.externaltools.arm-none.win32_1.17.0.201812190825/tools/compiler/bin/../lib/gcc/arm-none-eabi/7.3.1/thumb/v7e-m/fpv4-sp/hard/crtn.o
                0x0800dc7c                . = ALIGN (0x4)
                0x0800dc7c                _etext = .

.vfp11_veneer   0x0800dc7c        0x0
 .vfp11_veneer  0x0800dc7c        0x0 linker stubs

.v4_bx          0x0800dc7c        0x0
 .v4_bx         0x0800dc7c        0x0 linker stubs

.iplt           0x0800dc7c        0x0
 .iplt          0x0800dc7c        0x0 c:/program files/ac6/plugins/fr.ac6.mcu.externaltools.arm-none.win32_1.17.0.201812190825/tools/compiler/bin/../lib/gcc/arm-none-eabi/7.3.1/thumb/v7e-m/fpv4-sp/hard/crtbegin.o

.rodata         0x0800dc7c     0x2f78
                0x0800dc7c                . = ALIGN (0x4)
 *(.rodata)
 .rodata        0x0800dc7c       0x10 Drivers/STM32G4xx_HAL_Driver/Src/stm32g4xx_hal_uart_ex.o
 .rodata        0x0800dc8c     0x2910 Src/ssd1306_fonts.o
 .rodata        0x0801059c       0x18 Src/system_stm32g4xx.o
                0x0801059c                AHBPrescTable
                0x080105ac                APBPrescTable
 .rodata        0x080105b4        0xc c:/program files/ac6/plugins/fr.ac6.mcu.externaltools.arm-none.win32_1.17.0.201812190825/tools/compiler/bin/../lib/gcc/arm-none-eabi/7.3.1/../../../../arm-none-eabi/lib/thumb/v7e-m/fpv4-sp/hard\libc_nano.a(lib_a-nano-vfscanf_i.o)
 *(.rodata*)
 .rodata.str1.4
                0x080105c0      0x234 Src/bluetooth.o
                                0x259 (size before relaxing)
 .rodata.str1.4
                0x080107f4       0x5f Src/main.o
                                 0x63 (size before relaxing)
 .rodata.str1.4
                0x08010853        0x9 Src/midiControl.o
 *fill*         0x08010853        0x1 
 .rodata.str1.4
                0x08010854      0x1b6 Src/oled.o
                                0x24e (size before relaxing)
 *fill*         0x08010a0a        0x2 
 .rodata.str1.4
                0x08010a0c       0x2c Src/usbd_desc.o
                                 0x36 (size before relaxing)
 .rodata._svfprintf_r.str1.1
                0x08010a38       0x11 c:/program files/ac6/plugins/fr.ac6.mcu.externaltools.arm-none.win32_1.17.0.201812190825/tools/compiler/bin/../lib/gcc/arm-none-eabi/7.3.1/../../../../arm-none-eabi/lib/thumb/v7e-m/fpv4-sp/hard\libc_nano.a(lib_a-nano-svfprintf.o)
 .rodata.__ssvfscanf_r.str1.1
                0x08010a49        0x4 c:/program files/ac6/plugins/fr.ac6.mcu.externaltools.arm-none.win32_1.17.0.201812190825/tools/compiler/bin/../lib/gcc/arm-none-eabi/7.3.1/../../../../arm-none-eabi/lib/thumb/v7e-m/fpv4-sp/hard\libc_nano.a(lib_a-nano-svfscanf.o)
 .rodata._printf_i.str1.1
                0x08010a49       0x22 c:/program files/ac6/plugins/fr.ac6.mcu.externaltools.arm-none.win32_1.17.0.201812190825/tools/compiler/bin/../lib/gcc/arm-none-eabi/7.3.1/../../../../arm-none-eabi/lib/thumb/v7e-m/fpv4-sp/hard\libc_nano.a(lib_a-nano-vfprintf_i.o)
 .rodata._scanf_i.str1.1
                0x08010a6b       0x12 c:/program files/ac6/plugins/fr.ac6.mcu.externaltools.arm-none.win32_1.17.0.201812190825/tools/compiler/bin/../lib/gcc/arm-none-eabi/7.3.1/../../../../arm-none-eabi/lib/thumb/v7e-m/fpv4-sp/hard\libc_nano.a(lib_a-nano-vfscanf_i.o)
 .rodata.str1.1
                0x08010a7d        0x9 c:/program files/ac6/plugins/fr.ac6.mcu.externaltools.arm-none.win32_1.17.0.201812190825/tools/compiler/bin/../lib/gcc/arm-none-eabi/7.3.1/../../../../arm-none-eabi/lib/thumb/v7e-m/fpv4-sp/hard\libc_nano.a(lib_a-nano-vfscanf_i.o)
 *fill*         0x08010a86        0x2 
 .rodata.__sf_fake_stderr