Archive member included to satisfy reference by file (symbol)

c:/program files/ac6/plugins/fr.ac6.mcu.externaltools.arm-none.win32_1.17.0.201812190825/tools/compiler/bin/../lib/gcc/arm-none-eabi/7.3.1/thumb/v7e-m/fpv4-sp/hard\libgcc.a(_aeabi_uldivmod.o)
                              Drivers/STM32G4xx_HAL_Driver/Src/stm32g4xx_hal_uart.o (__aeabi_uldivmod)
c:/program files/ac6/plugins/fr.ac6.mcu.externaltools.arm-none.win32_1.17.0.201812190825/tools/compiler/bin/../lib/gcc/arm-none-eabi/7.3.1/thumb/v7e-m/fpv4-sp/hard\libgcc.a(_udivmoddi4.o)
                              c:/program files/ac6/plugins/fr.ac6.mcu.externaltools.arm-none.win32_1.17.0.201812190825/tools/compiler/bin/../lib/gcc/arm-none-eabi/7.3.1/thumb/v7e-m/fpv4-sp/hard\libgcc.a(_aeabi_uldivmod.o) (__udivmoddi4)
c:/program files/ac6/plugins/fr.ac6.mcu.externaltools.arm-none.win32_1.17.0.201812190825/tools/compiler/bin/../lib/gcc/arm-none-eabi/7.3.1/thumb/v7e-m/fpv4-sp/hard\libgcc.a(_dvmd_tls.o)
                              c:/program files/ac6/plugins/fr.ac6.mcu.externaltools.arm-none.win32_1.17.0.201812190825/tools/compiler/bin/../lib/gcc/arm-none-eabi/7.3.1/thumb/v7e-m/fpv4-sp/hard\libgcc.a(_aeabi_uldivmod.o) (__aeabi_ldiv0)
c:/program files/ac6/plugins/fr.ac6.mcu.externaltools.arm-none.win32_1.17.0.201812190825/tools/compiler/bin/../lib/gcc/arm-none-eabi/7.3.1/../../../../arm-none-eabi/lib/thumb/v7e-m/fpv4-sp/hard\libc_nano.a(lib_a-errno.o)
                              Src/syscalls.o (__errno)
c:/program files/ac6/plugins/fr.ac6.mcu.externaltools.arm-none.win32_1.17.0.201812190825/tools/compiler/bin/../lib/gcc/arm-none-eabi/7.3.1/../../../../arm-none-eabi/lib/thumb/v7e-m/fpv4-sp/hard\libc_nano.a(lib_a-exit.o)
                              c:/program files/ac6/plugins/fr.ac6.mcu.externaltools.arm-none.win32_1.17.0.201812190825/tools/compiler/bin/../lib/gcc/arm-none-eabi/7.3.1/../../../../arm-none-eabi/lib/thumb/v7e-m/fpv4-sp/hard/crt0.o (exit)
c:/program files/ac6/plugins/fr.ac6.mcu.externaltools.arm-none.win32_1.17.0.201812190825/tools/compiler/bin/../lib/gcc/arm-none-eabi/7.3.1/../../../../arm-none-eabi/lib/thumb/v7e-m/fpv4-sp/hard\libc_nano.a(lib_a-impure.o)
                              c:/program files/ac6/plugins/fr.ac6.mcu.externaltools.arm-none.win32_1.17.0.201812190825/tools/compiler/bin/../lib/gcc/arm-none-eabi/7.3.1/../../../../arm-none-eabi/lib/thumb/v7e-m/fpv4-sp/hard\libc_nano.a(lib_a-exit.o) (_global_impure_ptr)
c:/program files/ac6/plugins/fr.ac6.mcu.externaltools.arm-none.win32_1.17.0.201812190825/tools/compiler/bin/../lib/gcc/arm-none-eabi/7.3.1/../../../../arm-none-eabi/lib/thumb/v7e-m/fpv4-sp/hard\libc_nano.a(lib_a-init.o)
                              c:/program files/ac6/plugins/fr.ac6.mcu.externaltools.arm-none.win32_1.17.0.201812190825/tools/compiler/bin/../lib/gcc/arm-none-eabi/7.3.1/../../../../arm-none-eabi/lib/thumb/v7e-m/fpv4-sp/hard/crt0.o (__libc_init_array)
c:/program files/ac6/plugins/fr.ac6.mcu.externaltools.arm-none.win32_1.17.0.201812190825/tools/compiler/bin/../lib/gcc/arm-none-eabi/7.3.1/../../../../arm-none-eabi/lib/thumb/v7e-m/fpv4-sp/hard\libc_nano.a(lib_a-malloc.o)
                              Src/msgDecoder.o (malloc)
c:/program files/ac6/plugins/fr.ac6.mcu.externaltools.arm-none.win32_1.17.0.201812190825/tools/compiler/bin/../lib/gcc/arm-none-eabi/7.3.1/../../../../arm-none-eabi/lib/thumb/v7e-m/fpv4-sp/hard\libc_nano.a(lib_a-memcpy-stub.o)
                              Src/bluetooth.o (memcpy)
c:/program files/ac6/plugins/fr.ac6.mcu.externaltools.arm-none.win32_1.17.0.201812190825/tools/compiler/bin/../lib/gcc/arm-none-eabi/7.3.1/../../../../arm-none-eabi/lib/thumb/v7e-m/fpv4-sp/hard\libc_nano.a(lib_a-memset.o)
                              c:/program files/ac6/plugins/fr.ac6.mcu.externaltools.arm-none.win32_1.17.0.201812190825/tools/compiler/bin/../lib/gcc/arm-none-eabi/7.3.1/../../../../arm-none-eabi/lib/thumb/v7e-m/fpv4-sp/hard/crt0.o (memset)
c:/program files/ac6/plugins/fr.ac6.mcu.externaltools.arm-none.win32_1.17.0.201812190825/tools/compiler/bin/../lib/gcc/arm-none-eabi/7.3.1/../../../../arm-none-eabi/lib/thumb/v7e-m/fpv4-sp/hard\libc_nano.a(lib_a-nano-freer.o)
                              c:/program files/ac6/plugins/fr.ac6.mcu.externaltools.arm-none.win32_1.17.0.201812190825/tools/compiler/bin/../lib/gcc/arm-none-eabi/7.3.1/../../../../arm-none-eabi/lib/thumb/v7e-m/fpv4-sp/hard\libc_nano.a(lib_a-malloc.o) (_free_r)
c:/program files/ac6/plugins/fr.ac6.mcu.externaltools.arm-none.win32_1.17.0.201812190825/tools/compiler/bin/../lib/gcc/arm-none-eabi/7.3.1/../../../../arm-none-eabi/lib/thumb/v7e-m/fpv4-sp/hard\libc_nano.a(lib_a-nano-mallocr.o)
                              c:/program files/ac6/plugins/fr.ac6.mcu.externaltools.arm-none.win32_1.17.0.201812190825/tools/compiler/bin/../lib/gcc/arm-none-eabi/7.3.1/../../../../arm-none-eabi/lib/thumb/v7e-m/fpv4-sp/hard\libc_nano.a(lib_a-malloc.o) (_malloc_r)
[...]
Memory Configuration

Name             Origin             Length             Attributes
RAM              0x20000000         0x00008000         xrw
FLASH            0x08000000         0x00020000         xr
*default*        0x00000000         0xffffffff

Linker script and memory map

LOAD c:/program files/ac6/plugins/fr.ac6.mcu.externaltools.arm-none.win32_1.17.0.201812190825/tools/compiler/bin/../lib/gcc/arm-none-eabi/7.3.1/thumb/v7e-m/fpv4-sp/hard/crti.o
LOAD c:/program files/ac6/plugins/fr.ac6.mcu.externaltools.arm-none.win32_1.17.0.201812190825/tools/compiler/bin/../lib/gcc/arm-none-eabi/7.3.1/thumb/v7e-m/fpv4-sp/hard/crtbegin.o
LOAD c:/program files/ac6/plugins/fr.ac6.mcu.externaltools.arm-none.win32_1.17.0.201812190825/tools/compiler/bin/../lib/gcc/arm-none-eabi/7.3.1/../../../../arm-none-eabi/lib/thumb/v7e-m/fpv4-sp/hard/crt0.o
LOAD Drivers/STM32G4xx_HAL_Driver/Src/stm32g4xx_hal.o
LOAD Drivers/STM32G4xx_HAL_Driver/Src/stm32g4xx_hal_adc.o
LOAD Drivers/STM32G4xx_HAL_Driver/Src/stm32g4xx_hal_adc_ex.o
LOAD Drivers/STM32G4xx_HAL_Driver/Src/stm32g4xx_hal_cortex.o
LOAD Drivers/STM32G4xx_HAL_Driver/Src/stm32g4xx_hal_crc.o
LOAD Drivers/STM32G4xx_HAL_Driver/Src/stm32g4xx_hal_crc_ex.o
LOAD Drivers/STM32G4xx_HAL_Driver/Src/stm32g4xx_hal_dma.o
LOAD Drivers/STM32G4xx_HAL_Driver/Src/stm32g4xx_hal_dma_ex.o
LOAD Drivers/STM32G4xx_HAL_Driver/Src/stm32g4xx_hal_exti.o
LOAD Drivers/STM32G4xx_HAL_Driver/Src/stm32g4xx_hal_flash.o
LOAD Drivers/STM32G4xx_HAL_Driver/Src/stm32g4xx_hal_flash_ex.o
LOAD Drivers/STM32G4xx_HAL_Driver/Src/stm32g4xx_hal_flash_ramfunc.o
LOAD Drivers/STM32G4xx_HAL_Driver/Src/stm32g4xx_hal_gpio.o
LOAD Drivers/STM32G4xx_HAL_Driver/Src/stm32g4xx_hal_i2c.o
LOAD Drivers/STM32G4xx_HAL_Driver/Src/stm32g4xx_hal_i2c_ex.o
LOAD Drivers/STM32G4xx_HAL_Driver/Src/stm32g4xx_hal_pcd.o
LOAD Drivers/STM32G4xx_HAL_Driver/Src/stm32g4xx_hal_pcd_ex.o
LOAD Drivers/STM32G4xx_HAL_Driver/Src/stm32g4xx_hal_pwr.o
LOAD Drivers/STM32G4xx_HAL_Driver/Src/stm32g4xx_hal_pwr_ex.o
LOAD Drivers/STM32G4xx_HAL_Driver/Src/stm32g4xx_hal_rcc.o
LOAD Drivers/STM32G4xx_HAL_Driver/Src/stm32g4xx_hal_rcc_ex.o
LOAD Drivers/STM32G4xx_HAL_Driver/Src/stm32g4xx_hal_rtc.o
LOAD Drivers/STM32G4xx_HAL_Driver/Src/stm32g4xx_hal_rtc_ex.o
LOAD Drivers/STM32G4xx_HAL_Driver/Src/stm32g4xx_hal_tim.o
LOAD Drivers/STM32G4xx_HAL_Driver/Src/stm32g4xx_hal_tim_ex.o
LOAD Drivers/STM32G4xx_HAL_Driver/Src/stm32g4xx_hal_uart.o
LOAD Drivers/STM32G4xx_HAL_Driver/Src/stm32g4xx_hal_uart_ex.o
LOAD Drivers/STM32G4xx_HAL_Driver/Src/stm32g4xx_ll_adc.o
LOAD Drivers/STM32G4xx_HAL_Driver/Src/stm32g4xx_ll_dma.o
LOAD Drivers/STM32G4xx_HAL_Driver/Src/stm32g4xx_ll_exti.o
LOAD Drivers/STM32G4xx_HAL_Driver/Src/stm32g4xx_ll_gpio.o
LOAD Drivers/STM32G4xx_HAL_Driver/Src/stm32g4xx_ll_pwr.o
LOAD Drivers/STM32G4xx_HAL_Driver/Src/stm32g4xx_ll_ucpd.o
LOAD Drivers/STM32G4xx_HAL_Driver/Src/stm32g4xx_ll_usb.o
LOAD Drivers/STM32G4xx_HAL_Driver/Src/stm32g4xx_ll_utils.o
LOAD Middlewares/ST/STM32_USB_Device_Library/Class/CDC/Src/usbd_cdc.o
LOAD Middlewares/ST/STM32_USB_Device_Library/Core/Src/usbd_core.o
LOAD Middlewares/ST/STM32_USB_Device_Library/Core/Src/usbd_ctlreq.o
LOAD Middlewares/ST/STM32_USB_Device_Library/Core/Src/usbd_ioreq.o
LOAD Src/adc.o
LOAD Src/bluetooth.o
LOAD Src/crc.o
LOAD Src/devStatus.o
LOAD Src/dma.o
LOAD Src/gpio.o
LOAD Src/i2c.o
LOAD Src/main.o
LOAD Src/midiControl.o
LOAD Src/msgDecoder.o
LOAD Src/oled.o
LOAD Src/rtc.o
LOAD Src/ssd1306.o
LOAD Src/ssd1306_fonts.o
LOAD Src/stm32g4xx_hal_msp.o
LOAD Src/stm32g4xx_it.o
LOAD Src/sys.o
LOAD Src/syscalls.o
LOAD Src/system_stm32g4xx.o
LOAD Src/tim.o
LOAD Src/ucpd.o
LOAD Src/usart.o
LOAD Src/usb_device.o
LOAD Src/usbd_cdc_if.o
LOAD Src/usbd_conf.o
LOAD Src/usbd_desc.o
LOAD Src/ws2812.o
LOAD startup/startup_stm32g431xx.o
LOAD c:/program files/ac6/plugins/fr.ac6.mcu.externaltools.arm-none.win32_1.17.0.201812190825/tools/compiler/bin/../lib/gcc/arm-none-eabi/7.3.1/../../../../arm-none-eabi/lib/thumb/v7e-m/fpv4-sp/hard\libm.a
START GROUP
LOAD c:/program files/ac6/plugins/fr.ac6.mcu.externaltools.arm-none.win32_1.17.0.201812190825/tools/compiler/bin/../lib/gcc/arm-none-eabi/7.3.1/thumb/v7e-m/fpv4-sp/hard\libgcc.a
LOAD c:/program files/ac6/plugins/fr.ac6.mcu.externaltools.arm-none.win32_1.17.0.201812190825/tools/compiler/bin/../lib/gcc/arm-none-eabi/7.3.1/../../../../arm-none-eabi/lib/thumb/v7e-m/fpv4-sp/hard\libc_nano.a
END GROUP
START GROUP
LOAD c:/program files/ac6/plugins/fr.ac6.mcu.externaltools.arm-none.win32_1.17.0.201812190825/tools/compiler/bin/../lib/gcc/arm-none-eabi/7.3.1/thumb/v7e-m/fpv4-sp/hard\libgcc.a
LOAD c:/program files/ac6/plugins/fr.ac6.mcu.externaltools.arm-none.win32_1.17.0.201812190825/tools/compiler/bin/../lib/gcc/arm-none-eabi/7.3.1/../../../../arm-none-eabi/lib/thumb/v7e-m/fpv4-sp/hard\libc_nano.a
LOAD c:/program files/ac6/plugins/fr.ac6.mcu.externaltools.arm-none.win32_1.17.0.201812190825/tools/compiler/bin/../lib/gcc/arm-none-eabi/7.3.1/../../../../arm-none-eabi/lib/thumb/v7e-m/fpv4-sp/hard\libnosys.a
END GROUP
START GROUP
LOAD c:/program files/ac6/plugins/fr.ac6.mcu.externaltools.arm-none.win32_1.17.0.201812190825/tools/compiler/bin/../lib/gcc/arm-none-eabi/7.3.1/thumb/v7e-m/fpv4-sp/hard\libgcc.a
LOAD c:/program files/ac6/plugins/fr.ac6.mcu.externaltools.arm-none.win32_1.17.0.201812190825/tools/compiler/bin/../lib/gcc/arm-none-eabi/7.3.1/../../../../arm-none-eabi/lib/thumb/v7e-m/fpv4-sp/hard\libc_nano.a
LOAD c:/program files/ac6/plugins/fr.ac6.mcu.externaltools.arm-none.win32_1.17.0.201812190825/tools/compiler/bin/../lib/gcc/arm-none-eabi/7.3.1/../../../../arm-none-eabi/lib/thumb/v7e-m/fpv4-sp/hard\libnosys.a
END GROUP
LOAD c:/program files/ac6/plugins/fr.ac6.mcu.externaltools.arm-none.win32_1.17.0.201812190825/tools/compiler/bin/../lib/gcc/arm-none-eabi/7.3.1/thumb/v7e-m/fpv4-sp/hard/crtend.o
LOAD c:/program files/ac6/plugins/fr.ac6.mcu.externaltools.arm-none.win32_1.17.0.201812190825/tools/compiler/bin/../lib/gcc/arm-none-eabi/7.3.1/thumb/v7e-m/fpv4-sp/hard/crtn.o
                0x20008000                _estack = 0x20008000
                0x00000200                _Min_Heap_Size = 0x200
                0x00000400                _Min_Stack_Size = 0x400

.isr_vector     0x08000000      0x1d8
                0x08000000                . = ALIGN (0x4)
 *(.isr_vector)
 .isr_vector    0x08000000      0x1d8 startup/startup_stm32g431xx.o
                0x08000000                g_pfnVectors
                0x080001d8                . = ALIGN (0x4)

.text           0x080001e0     0xc090
                0x080001e0                . = ALIGN (0x4)
 *(.text)
 .text          0x080001e0       0x40 c:/program files/ac6/plugins/fr.ac6.mcu.externaltools.arm-none.win32_1.17.0.201812190825/tools/compiler/bin/../lib/gcc/arm-none-eabi/7.3.1/thumb/v7e-m/fpv4-sp/hard/crtbegin.o
 .text          0x08000220       0x30 c:/program files/ac6/plugins/fr.ac6.mcu.externaltools.arm-none.win32_1.17.0.201812190825/tools/compiler/bin/../lib/gcc/arm-none-eabi/7.3.1/thumb/v7e-m/fpv4-sp/hard\libgcc.a(_aeabi_uldivmod.o)
                0x08000220                __aeabi_uldivmod
 .text          0x08000250      0x2cc c:/program files/ac6/plugins/fr.ac6.mcu.externaltools.arm-none.win32_1.17.0.201812190825/tools/compiler/bin/../lib/gcc/arm-none-eabi/7.3.1/thumb/v7e-m/fpv4-sp/hard\libgcc.a(_udivmoddi4.o)
                0x08000250                __udivmoddi4
 .text          0x0800051c        0x4 c:/program files/ac6/plugins/fr.ac6.mcu.externaltools.arm-none.win32_1.17.0.201812190825/tools/compiler/bin/../lib/gcc/arm-none-eabi/7.3.1/thumb/v7e-m/fpv4-sp/hard\libgcc.a(_dvmd_tls.o)
                0x0800051c                __aeabi_idiv0
                0x0800051c                __aeabi_ldiv0
 .text          0x08000520       0x14 c:/program files/ac6/plugins/fr.ac6.mcu.externaltools.arm-none.win32_1.17.0.201812190825/tools/compiler/bin/../lib/gcc/arm-none-eabi/7.3.1/../../../../arm-none-eabi/lib/thumb/v7e-m/fpv4-sp/hard\libc_nano.a(lib_a-strcmp.o)
                0x08000520                strcmp
 .text          0x08000534       0x10 c:/program files/ac6/plugins/fr.ac6.mcu.externaltools.arm-none.win32_1.17.0.201812190825/tools/compiler/bin/../lib/gcc/arm-none-eabi/7.3.1/../../../../arm-none-eabi/lib/thumb/v7e-m/fpv4-sp/hard\libc_nano.a(lib_a-strlen.o)
                0x08000534                strlen
 *fill*         0x08000544        0xc 
 .text          0x08000550       0xa0 c:/program files/ac6/plugins/fr.ac6.mcu.externaltools.arm-none.win32_1.17.0.201812190825/tools/compiler/bin/../lib/gcc/arm-none-eabi/7.3.1/../../../../arm-none-eabi/lib/thumb/v7e-m/fpv4-sp/hard\libc_nano.a(lib_a-memchr.o)
                0x08000550                memchr
 *(.text*)
 .text.HAL_InitTick
                0x080005f0       0x4c Drivers/STM32G4xx_HAL_Driver/Src/stm32g4xx_hal.o
                0x080005f0                HAL_InitTick
 .text.HAL_Init
                0x0800063c       0x1e Drivers/STM32G4xx_HAL_Driver/Src/stm32g4xx_hal.o
                0x0800063c                HAL_Init
 *fill*         0x0800065a        0x2 
 .text.HAL_IncTick
                0x0800065c       0x18 Drivers/STM32G4xx_HAL_Driver/Src/stm32g4xx_hal.o
                0x0800065c                HAL_IncTick
 .text.HAL_GetTick
                0x08000674        0xc Drivers/STM32G4xx_HAL_Driver/Src/stm32g4xx_hal.o
                0x08000674                HAL_GetTick
 .text.HAL_Delay
                0x08000680       0x28 Drivers/STM32G4xx_HAL_Driver/Src/stm32g4xx_hal.o
                0x08000680                HAL_Delay
 .text.HAL_ADC_Init
                0x080006a8      0x254 Drivers/STM32G4xx_HAL_Driver/Src/stm32g4xx_hal_adc.o
                0x080006a8                HAL_ADC_Init
 .text.HAL_ADC_ConfigChannel
                0x080008fc      0x494 Drivers/STM32G4xx_HAL_Driver/Src/stm32g4xx_hal_adc.o
                0x080008fc                HAL_ADC_ConfigChannel
 .text.HAL_NVIC_SetPriorityGrouping
                0x08000d90       0x24 Drivers/STM32G4xx_HAL_Driver/Src/stm32g4xx_hal_cortex.o
                0x08000d90                HAL_NVIC_SetPriorityGrouping
 .text.HAL_NVIC_SetPriority
                0x08000db4       0x68 Drivers/STM32G4xx_HAL_Driver/Src/stm32g4xx_hal_cortex.o
                0x08000db4                HAL_NVIC_SetPriority
 .text.HAL_NVIC_EnableIRQ
                0x08000e1c       0x1c Drivers/STM32G4xx_HAL_Driver/Src/stm32g4xx_hal_cortex.o
                0x08000e1c                HAL_NVIC_EnableIRQ
 .text.HAL_NVIC_DisableIRQ
                0x08000e38       0x24 Drivers/STM32G4xx_HAL_Driver/Src/stm32g4xx_hal_cortex.o
                0x08000e38                HAL_NVIC_DisableIRQ
 .text.HAL_SYSTICK_Config
                0x08000e5c       0x2c Drivers/STM32G4xx_HAL_Driver/Src/stm32g4xx_hal_cortex.o
                0x08000e5c                HAL_SYSTICK_Config
 .text.HAL_NVIC_ClearPendingIRQ
                0x08000e88       0x1c Drivers/STM32G4xx_HAL_Driver/Src/stm32g4xx_hal_cortex.o
                0x08000e88                HAL_NVIC_ClearPendingIRQ
 .text.HAL_CRC_Init
                0x08000ea4       0x80 Drivers/STM32G4xx_HAL_Driver/Src/stm32g4xx_hal_crc.o
                0x08000ea4                HAL_CRC_Init
 .text.HAL_CRCEx_Polynomial_Set
                0x08000f24       0x6c Drivers/STM32G4xx_HAL_Driver/Src/stm32g4xx_hal_crc_ex.o
                0x08000f24                HAL_CRCEx_Polynomial_Set
 .text.DMA_SetConfig
                0x08000f90       0x40 Drivers/STM32G4xx_HAL_Driver/Src/stm32g4xx_hal_dma.o
 .text.DMA_CalcDMAMUXChannelBaseAndMask
                0x08000fd0       0x48 Drivers/STM32G4xx_HAL_Driver/Src/stm32g4xx_hal_dma.o
 .text.DMA_CalcDMAMUXRequestGenBaseAndMask
                0x08001018       0x28 Drivers/STM32G4xx_HAL_Driver/Src/stm32g4xx_hal_dma.o
 .text.HAL_DMA_Init
                0x08001040       0xdc Drivers/STM32G4xx_HAL_Driver/Src/stm32g4xx_hal_dma.o
                0x08001040                HAL_DMA_Init
 .text.HAL_DMA_Start_IT
                0x0800111c       0x94 Drivers/STM32G4xx_HAL_Driver/Src/stm32g4xx_hal_dma.o
                0x0800111c                HAL_DMA_Start_IT
 .text.HAL_DMA_Abort_IT
                0x080011b0       0x7e Drivers/STM32G4xx_HAL_Driver/Src/stm32g4xx_hal_dma.o
                0x080011b0                HAL_DMA_Abort_IT
 .text.HAL_DMA_IRQHandler
                0x0800122e       0xc4 Drivers/STM32G4xx_HAL_Driver/Src/stm32g4xx_hal_dma.o
                0x0800122e                HAL_DMA_IRQHandler
 .text.HAL_DMA_GetState
                0x080012f2        0x6 Drivers/STM32G4xx_HAL_Driver/Src/stm32g4xx_hal_dma.o
                0x080012f2                HAL_DMA_GetState
 .text.HAL_GPIO_Init
                0x080012f8      0x1a0 Drivers/STM32G4xx_HAL_Driver/Src/stm32g4xx_hal_gpio.o
                0x080012f8                HAL_GPIO_Init
 .text.HAL_GPIO_ReadPin
                0x08001498        0xe Drivers/STM32G4xx_HAL_Driver/Src/stm32g4xx_hal_gpio.o
                0x08001498                HAL_GPIO_ReadPin
 .text.HAL_GPIO_WritePin
                0x080014a6        0xa Drivers/STM32G4xx_HAL_Driver/Src/stm32g4xx_hal_gpio.o
                0x080014a6                HAL_GPIO_WritePin
 .text.HAL_GPIO_EXTI_IRQHandler
                0x080014b0       0x1c Drivers/STM32G4xx_HAL_Driver/Src/stm32g4xx_hal_gpio.o
                0x080014b0                HAL_GPIO_EXTI_IRQHandler
 .text.I2C_Flush_TXDR
                0x080014cc       0x22 Drivers/STM32G4xx_HAL_Driver/Src/stm32g4xx_hal_i2c.o
 .text.I2C_TransferConfig
                0x080014ee       0x36 Drivers/STM32G4xx_HAL_Driver/Src/stm32g4xx_hal_i2c.o
 .text.I2C_Enable_IRQ
                0x08001524       0x80 Drivers/STM32G4xx_HAL_Driver/Src/stm32g4xx_hal_i2c.o
 .text.I2C_Disable_IRQ
                0x080015a4       0xb8 Drivers/STM32G4xx_HAL_Driver/Src/stm32g4xx_hal_i2c.o
 .text.I2C_IsAcknowledgeFailed
                0x0800165c       0x90 Drivers/STM32G4xx_HAL_Driver/Src/stm32g4xx_hal_i2c.o
 .text.I2C_WaitOnTXISFlagUntilTimeout
                0x080016ec       0x56 Drivers/STM32G4xx_HAL_Driver/Src/stm32g4xx_hal_i2c.o
 .text.I2C_WaitOnFlagUntilTimeout
                0x08001742       0x52 Drivers/STM32G4xx_HAL_Driver/Src/stm32g4xx_hal_i2c.o
 .text.I2C_RequestMemoryWrite
                0x08001794       0x70 Drivers/STM32G4xx_HAL_Driver/Src/stm32g4xx_hal_i2c.o
 .text.HAL_I2C_Init
                0x08001804       0xbc Drivers/STM32G4xx_HAL_Driver/Src/stm32g4xx_hal_i2c.o
                0x08001804                HAL_I2C_Init
 .text.HAL_I2C_Mem_Write_DMA
                0x080018c0      0x168 Drivers/STM32G4xx_HAL_Driver/Src/stm32g4xx_hal_i2c.o
                0x080018c0                HAL_I2C_Mem_Write_DMA
 .text.HAL_I2C_EV_IRQHandler
                0x08001a28       0x10 Drivers/STM32G4xx_HAL_Driver/Src/stm32g4xx_hal_i2c.o
                0x08001a28                HAL_I2C_EV_IRQHandler
 .text.HAL_I2C_MasterTxCpltCallback
                0x08001a38        0x2 Drivers/STM32G4xx_HAL_Driver/Src/stm32g4xx_hal_i2c.o
                0x08001a38                HAL_I2C_MasterTxCpltCallback
 .text.HAL_I2C_MasterRxCpltCallback
                0x08001a3a        0x2 Drivers/STM32G4xx_HAL_Driver/Src/stm32g4xx_hal_i2c.o
                0x08001a3a                HAL_I2C_MasterRxCpltCallback
 .text.I2C_ITMasterSeqCplt
                0x08001a3c       0x54 Drivers/STM32G4xx_HAL_Driver/Src/stm32g4xx_hal_i2c.o
 .text.HAL_I2C_SlaveTxCpltCallback
                0x08001a90        0x2 Drivers/STM32G4xx_HAL_Driver/Src/stm32g4xx_hal_i2c.o
                0x08001a90                HAL_I2C_SlaveTxCpltCallback
 .text.HAL_I2C_SlaveRxCpltCallback
                0x08001a92        0x2 Drivers/STM32G4xx_HAL_Driver/Src/stm32g4xx_hal_i2c.o
                0x08001a92                HAL_I2C_SlaveRxCpltCallback
 .text.I2C_ITSlaveSeqCplt
                0x08001a94       0x5c Drivers/STM32G4xx_HAL_Driver/Src/stm32g4xx_hal_i2c.o
 .text.HAL_I2C_AddrCallback
                0x08001af0        0x2 Drivers/STM32G4xx_HAL_Driver/Src/stm32g4xx_hal_i2c.o
                0x08001af0                HAL_I2C_AddrCallback
 .text.I2C_ITAddrCplt
                0x08001af2       0x9c Drivers/STM32G4xx_HAL_Driver/Src/stm32g4xx_hal_i2c.o
 .text.HAL_I2C_ListenCpltCallback
                0x08001b8e        0x2 Drivers/STM32G4xx_HAL_Driver/Src/stm32g4xx_hal_i2c.o
                0x08001b8e                HAL_I2C_ListenCpltCallback
 .text.I2C_ITListenCplt
                0x08001b90       0x64 Drivers/STM32G4xx_HAL_Driver/Src/stm32g4xx_hal_i2c.o
 .text.HAL_I2C_MemRxCpltCallback
                0x08001bf4        0x2 Drivers/STM32G4xx_HAL_Driver/Src/stm32g4xx_hal_i2c.o
                0x08001bf4                HAL_I2C_MemRxCpltCallback
 .text.HAL_I2C_ErrorCallback
                0x08001bf6        0x2 Drivers/STM32G4xx_HAL_Driver/Src/stm32g4xx_hal_i2c.o
                0x08001bf6                HAL_I2C_ErrorCallback
 .text.HAL_I2C_AbortCpltCallback
                0x08001bf8        0x2 Drivers/STM32G4xx_HAL_Driver/Src/stm32g4xx_hal_i2c.o
                0x08001bf8                HAL_I2C_AbortCpltCallback
 *fill*         0x08001bfa        0x2 
 .text.I2C_ITError
                0x08001bfc       0xf4 Drivers/STM32G4xx_HAL_Driver/Src/stm32g4xx_hal_i2c.o
 .text.I2C_ITSlaveCplt
                0x08001cf0      0x120 Drivers/STM32G4xx_HAL_Driver/Src/stm32g4xx_hal_i2c.o
 .text.I2C_Slave_ISR_IT
                0x08001e10      0x14e Drivers/STM32G4xx_HAL_Driver/Src/stm32g4xx_hal_i2c.o
 .text.I2C_ITMasterCplt
                0x08001f5e       0xe2 Drivers/STM32G4xx_HAL_Driver/Src/stm32g4xx_hal_i2c.o
 .text.I2C_Slave_ISR_DMA
                0x08002040       0xf8 Drivers/STM32G4xx_HAL_Driver/Src/stm32g4xx_hal_i2c.o
 .text.I2C_Master_ISR_DMA
                0x08002138      0x140 Drivers/STM32G4xx_HAL_Driver/Src/stm32g4xx_hal_i2c.o
 .text.I2C_DMAError
                0x08002278       0x16 Drivers/STM32G4xx_HAL_Driver/Src/stm32g4xx_hal_i2c.o
 .text.I2C_DMAMasterTransmitCplt
                0x0800228e       0x5a Drivers/STM32G4xx_HAL_Driver/Src/stm32g4xx_hal_i2c.o
 .text.HAL_I2C_ER_IRQHandler
                0x080022e8       0x6a Drivers/STM32G4xx_HAL_Driver/Src/stm32g4xx_hal_i2c.o
                0x080022e8                HAL_I2C_ER_IRQHandler
 .text.I2C_DMAAbort
                0x08002352       0x2a Drivers/STM32G4xx_HAL_Driver/Src/stm32g4xx_hal_i2c.o
 .text.HAL_I2CEx_ConfigAnalogFilter
                0x0800237c       0x5c Drivers/STM32G4xx_HAL_Driver/Src/stm32g4xx_hal_i2c_ex.o
                0x0800237c                HAL_I2CEx_ConfigAnalogFilter
 .text.HAL_I2CEx_ConfigDigitalFilter
                0x080023d8       0x58 Drivers/STM32G4xx_HAL_Driver/Src/stm32g4xx_hal_i2c_ex.o
                0x080023d8                HAL_I2CEx_ConfigDigitalFilter
 .text.HAL_PCD_Init
                0x08002430       0xc2 Drivers/STM32G4xx_HAL_Driver/Src/stm32g4xx_hal_pcd.o
                0x08002430                HAL_PCD_Init
 .text.HAL_PCD_Start
                0x080024f2       0x2a Drivers/STM32G4xx_HAL_Driver/Src/stm32g4xx_hal_pcd.o
                0x080024f2                HAL_PCD_Start
 .text.HAL_PCD_SetAddress
                0x0800251c       0x28 Drivers/STM32G4xx_HAL_Driver/Src/stm32g4xx_hal_pcd.o
                0x0800251c                HAL_PCD_SetAddress
 .text.HAL_PCD_EP_Open
                0x08002544       0x70 Drivers/STM32G4xx_HAL_Driver/Src/stm32g4xx_hal_pcd.o
                0x08002544                HAL_PCD_EP_Open
 .text.HAL_PCD_EP_Close
                0x080025b4       0x5c Drivers/STM32G4xx_HAL_Driver/Src/stm32g4xx_hal_pcd.o
                0x080025b4                HAL_PCD_EP_Close
 .text.HAL_PCD_EP_Receive
                0x08002610       0x3e Drivers/STM32G4xx_HAL_Driver/Src/stm32g4xx_hal_pcd.o
                0x08002610                HAL_PCD_EP_Receive
 .text.HAL_PCD_EP_GetRxCount
                0x0800264e        0xe Drivers/STM32G4xx_HAL_Driver/Src/stm32g4xx_hal_pcd.o
                0x0800264e                HAL_PCD_EP_GetRxCount
 .text.HAL_PCD_EP_Transmit
                0x0800265c       0x3c Drivers/STM32G4xx_HAL_Driver/Src/stm32g4xx_hal_pcd.o
                0x0800265c                HAL_PCD_EP_Transmit
 .text.PCD_EP_ISR_Handler
                0x08002698      0x354 Drivers/STM32G4xx_HAL_Driver/Src/stm32g4xx_hal_pcd.o
 .text.HAL_PCD_IRQHandler
                0x080029ec      0x1de Drivers/STM32G4xx_HAL_Driver/Src/stm32g4xx_hal_pcd.o
                0x080029ec                HAL_PCD_IRQHandler
 .text.HAL_PCD_EP_SetStall
                0x08002bca       0x6e Drivers/STM32G4xx_HAL_Driver/Src/stm32g4xx_hal_pcd.o
                0x08002bca                HAL_PCD_EP_SetStall
 .text.HAL_PCD_EP_ClrStall
                0x08002c38       0x6e Drivers/STM32G4xx_HAL_Driver/Src/stm32g4xx_hal_pcd.o
                0x08002c38                HAL_PCD_EP_ClrStall
 .text.HAL_PCDEx_PMAConfig
                0x08002ca6       0x30 Drivers/STM32G4xx_HAL_Driver/Src/stm32g4xx_hal_pcd_ex.o
                0x08002ca6                HAL_PCDEx_PMAConfig
 .text.HAL_PCDEx_ActivateLPM
                0x08002cd6       0x28 Drivers/STM32G4xx_HAL_Driver/Src/stm32g4xx_hal_pcd_ex.o
                0x08002cd6                HAL_PCDEx_ActivateLPM
 *fill*         0x08002cfe        0x2 
 .text.HAL_PWREx_ControlVoltageScaling
                0x08002d00      0x10c Drivers/STM32G4xx_HAL_Driver/Src/stm32g4xx_hal_pwr_ex.o
                0x08002d00                HAL_PWREx_ControlVoltageScaling
 .text.RCC_GetSysClockFreqFromPLLSource
                0x08002e0c       0x58 Drivers/STM32G4xx_HAL_Driver/Src/stm32g4xx_hal_rcc.o
 .text.HAL_RCC_OscConfig
                0x08002e64      0x4e8 Drivers/STM32G4xx_HAL_Driver/Src/stm32g4xx_hal_rcc.o
                0x08002e64                HAL_RCC_OscConfig
 .text.HAL_RCC_GetSysClockFreq
                0x0800334c       0x88 Drivers/STM32G4xx_HAL_Driver/Src/stm32g4xx_hal_rcc.o
                0x0800334c                HAL_RCC_GetSysClockFreq
 .text.HAL_RCC_ClockConfig
                0x080033d4      0x1fc Drivers/STM32G4xx_HAL_Driver/Src/stm32g4xx_hal_rcc.o
                0x080033d4                HAL_RCC_ClockConfig
 .text.HAL_RCC_GetHCLKFreq
                0x080035d0        0xc Drivers/STM32G4xx_HAL_Driver/Src/stm32g4xx_hal_rcc.o
                0x080035d0                HAL_RCC_GetHCLKFreq
 .text.HAL_RCC_GetPCLK1Freq
                0x080035dc       0x24 Drivers/STM32G4xx_HAL_Driver/Src/stm32g4xx_hal_rcc.o
                0x080035dc                HAL_RCC_GetPCLK1Freq
 .text.HAL_RCC_GetPCLK2Freq
                0x08003600       0x24 Drivers/STM32G4xx_HAL_Driver/Src/stm32g4xx_hal_rcc.o
                0x08003600                HAL_RCC_GetPCLK2Freq
 .text.HAL_RCCEx_PeriphCLKConfig
                0x08003624      0x2e4 Drivers/STM32G4xx_HAL_Driver/Src/stm32g4xx_hal_rcc_ex.o
                0x08003624                HAL_RCCEx_PeriphCLKConfig
 .text.HAL_RTC_WaitForSynchro
                0x08003908       0x34 Drivers/STM32G4xx_HAL_Driver/Src/stm32g4xx_hal_rtc.o
                0x08003908                HAL_RTC_WaitForSynchro
 .text.RTC_EnterInitMode
                0x0800393c       0x4c Drivers/STM32G4xx_HAL_Driver/Src/stm32g4xx_hal_rtc.o
                0x0800393c                RTC_EnterInitMode
 .text.RTC_ExitInitMode
                0x08003988       0x50 Drivers/STM32G4xx_HAL_Driver/Src/stm32g4xx_hal_rtc.o
                0x08003988                RTC_ExitInitMode
 .text.HAL_RTC_Init
                0x080039d8       0x98 Drivers/STM32G4xx_HAL_Driver/Src/stm32g4xx_hal_rtc.o
                0x080039d8                HAL_RTC_Init
 .text.RTC_Bcd2ToByte
                0x08003a70       0x12 Drivers/STM32G4xx_HAL_Driver/Src/stm32g4xx_hal_rtc.o
                0x08003a70                RTC_Bcd2ToByte
 *fill*         0x08003a82        0x2 
 .text.HAL_RTC_GetTime
                0x08003a84       0x54 Drivers/STM32G4xx_HAL_Driver/Src/stm32g4xx_hal_rtc.o
                0x08003a84                HAL_RTC_GetTime
 .text.HAL_RTC_GetDate
                0x08003ad8       0x48 Drivers/STM32G4xx_HAL_Driver/Src/stm32g4xx_hal_rtc.o
                0x08003ad8                HAL_RTC_GetDate
 .text.TIM_OC1_SetConfig
                0x08003b20       0x9c Drivers/STM32G4xx_HAL_Driver/Src/stm32g4xx_hal_tim.o
 .text.TIM_OC3_SetConfig
                0x08003bbc       0x8c Drivers/STM32G4xx_HAL_Driver/Src/stm32g4xx_hal_tim.o
 .text.TIM_OC4_SetConfig
                0x08003c48       0x8c Drivers/STM32G4xx_HAL_Driver/Src/stm32g4xx_hal_tim.o
 .text.TIM_OC5_SetConfig
                0x08003cd4       0x68 Drivers/STM32G4xx_HAL_Driver/Src/stm32g4xx_hal_tim.o
 .text.TIM_OC6_SetConfig
                0x08003d3c       0x6c Drivers/STM32G4xx_HAL_Driver/Src/stm32g4xx_hal_tim.o
 .text.TIM_TI1_ConfigInputStage
                0x08003da8       0x26 Drivers/STM32G4xx_HAL_Driver/Src/stm32g4xx_hal_tim.o
 .text.TIM_TI2_ConfigInputStage
                0x08003dce       0x28 Drivers/STM32G4xx_HAL_Driver/Src/stm32g4xx_hal_tim.o
 .text.TIM_ITRx_SetConfig
                0x08003df6       0x14 Drivers/STM32G4xx_HAL_Driver/Src/stm32g4xx_hal_tim.o
 *fill*         0x08003e0a        0x2 
 .text.HAL_TIM_Base_Start_IT
                0x08003e0c       0x2c Drivers/STM32G4xx_HAL_Driver/Src/stm32g4xx_hal_tim.o
                0x08003e0c                HAL_TIM_Base_Start_IT
 .text.HAL_TIM_Base_Stop_IT
                0x08003e38       0x2c Drivers/STM32G4xx_HAL_Driver/Src/stm32g4xx_hal_tim.o
                0x08003e38                HAL_TIM_Base_Stop_IT
 .text.HAL_TIM_OC_DelayElapsedCallback
                0x08003e64        0x2 Drivers/STM32G4xx_HAL_Driver/Src/stm32g4xx_hal_tim.o
                0x08003e64                HAL_TIM_OC_DelayElapsedCallback
 .text.HAL_TIM_IC_CaptureCallback
                0x08003e66        0x2 Drivers/STM32G4xx_HAL_Driver/Src/stm32g4xx_hal_tim.o
                0x08003e66                HAL_TIM_IC_CaptureCallback
 .text.HAL_TIM_PWM_PulseFinishedCallback
                0x08003e68        0x2 Drivers/STM32G4xx_HAL_Driver/Src/stm32g4xx_hal_tim.o
                0x08003e68                HAL_TIM_PWM_PulseFinishedCallback
 .text.TIM_DMADelayPulseCplt
                0x08003e6a       0x44 Drivers/STM32G4xx_HAL_Driver/Src/stm32g4xx_hal_tim.o
                0x08003e6a                TIM_DMADelayPulseCplt
 .text.HAL_TIM_PWM_PulseFinishedHalfCpltCallback
                0x08003eae        0x2 Drivers/STM32G4xx_HAL_Driver/Src/stm32g4xx_hal_tim.o
                0x08003eae                HAL_TIM_PWM_PulseFinishedHalfCpltCallback
 .text.TIM_DMADelayPulseHalfCplt
                0x08003eb0       0x44 Drivers/STM32G4xx_HAL_Driver/Src/stm32g4xx_hal_tim.o
                0x08003eb0                TIM_DMADelayPulseHalfCplt
 .text.HAL_TIM_TriggerCallback
                0x08003ef4        0x2 Drivers/STM32G4xx_HAL_Driver/Src/stm32g4xx_hal_tim.o
                0x08003ef4                HAL_TIM_TriggerCallback
 .text.HAL_TIM_IRQHandler
                0x08003ef6      0x21e Drivers/STM32G4xx_HAL_Driver/Src/stm32g4xx_hal_tim.o
                0x08003ef6                HAL_TIM_IRQHandler
 .text.HAL_TIM_ErrorCallback
                0x08004114        0x2 Drivers/STM32G4xx_HAL_Driver/Src/stm32g4xx_hal_tim.o
                0x08004114                HAL_TIM_ErrorCallback
 .text.TIM_DMAError
                0x08004116       0x10 Drivers/STM32G4xx_HAL_Driver/Src/stm32g4xx_hal_tim.o
                0x08004116                TIM_DMAError
 .text.HAL_TIM_Base_GetState
                0x08004126        0x6 Drivers/STM32G4xx_HAL_Driver/Src/stm32g4xx_hal_tim.o
                0x08004126                HAL_TIM_Base_GetState
 .text.TIM_Base_SetConfig
                0x0800412c       0xb8 Drivers/STM32G4xx_HAL_Driver/Src/stm32g4xx_hal_tim.o
                0x0800412c                TIM_Base_SetConfig
 .text.HAL_TIM_Base_Init
                0x080041e4       0x32 Drivers/STM32G4xx_HAL_Driver/Src/stm32g4xx_hal_tim.o
                0x080041e4                HAL_TIM_Base_Init
 .text.HAL_TIM_PWM_Init
                0x08004216       0x32 Drivers/STM32G4xx_HAL_Driver/Src/stm32g4xx_hal_tim.o
                0x08004216                HAL_TIM_PWM_Init
 .text.TIM_OC2_SetConfig
                0x08004248       0x8c Drivers/STM32G4xx_HAL_Driver/Src/stm32g4xx_hal_tim.o
                0x08004248                TIM_OC2_SetConfig
 .text.HAL_TIM_PWM_ConfigChannel
                0x080042d4      0x134 Drivers/STM32G4xx_HAL_Driver/Src/stm32g4xx_hal_tim.o
                0x080042d4                HAL_TIM_PWM_ConfigChannel
 .text.TIM_ETR_SetConfig
                0x08004408       0x18 Drivers/STM32G4xx_HAL_Driver/Src/stm32g4xx_hal_tim.o
                0x08004408                TIM_ETR_SetConfig
 .text.HAL_TIM_ConfigClockSource
                0x08004420      0x108 Drivers/STM32G4xx_HAL_Driver/Src/stm32g4xx_hal_tim.o
                0x08004420                HAL_TIM_ConfigClockSource
 .text.TIM_CCxChannelCmd
                0x08004528       0x22 Drivers/STM32G4xx_HAL_Driver/Src/stm32g4xx_hal_tim.o
                0x08004528                TIM_CCxChannelCmd
 *fill*         0x0800454a        0x2 
 .text.HAL_TIM_PWM_Start_DMA
                0x0800454c      0x180 Drivers/STM32G4xx_HAL_Driver/Src/stm32g4xx_hal_tim.o
                0x0800454c                HAL_TIM_PWM_Start_DMA
 .text.HAL_TIMEx_MasterConfigSynchronization
                0x080046cc       0x68 Drivers/STM32G4xx_HAL_Driver/Src/stm32g4xx_hal_tim_ex.o
                0x080046cc                HAL_TIMEx_MasterConfigSynchronization
 .text.HAL_TIMEx_ConfigBreakDeadTime
                0x08004734       0xbc Drivers/STM32G4xx_HAL_Driver/Src/stm32g4xx_hal_tim_ex.o
                0x08004734                HAL_TIMEx_ConfigBreakDeadTime
 .text.HAL_TIMEx_CommutCallback
                0x080047f0        0x2 Drivers/STM32G4xx_HAL_Driver/Src/stm32g4xx_hal_tim_ex.o
                0x080047f0                HAL_TIMEx_CommutCallback
 .text.HAL_TIMEx_BreakCallback
                0x080047f2        0x2 Drivers/STM32G4xx_HAL_Driver/Src/stm32g4xx_hal_tim_ex.o
                0x080047f2                HAL_TIMEx_BreakCallback
 .text.HAL_TIMEx_Break2Callback
                0x080047f4        0x2 Drivers/STM32G4xx_HAL_Driver/Src/stm32g4xx_hal_tim_ex.o
                0x080047f4                HAL_TIMEx_Break2Callback
 .text.HAL_TIMEx_EncoderIndexCallback
                0x080047f6        0x2 Drivers/STM32G4xx_HAL_Driver/Src/stm32g4xx_hal_tim_ex.o
                0x080047f6                HAL_TIMEx_EncoderIndexCallback
 .text.HAL_TIMEx_DirectionChangeCallback
                0x080047f8        0x2 Drivers/STM32G4xx_HAL_Driver/Src/stm32g4xx_hal_tim_ex.o
                0x080047f8                HAL_TIMEx_DirectionChangeCallback
 .text.HAL_TIMEx_IndexErrorCallback
                0x080047fa        0x2 Drivers/STM32G4xx_HAL_Driver/Src/stm32g4xx_hal_tim_ex.o
                0x080047fa                HAL_TIMEx_IndexErrorCallback
 .text.HAL_TIMEx_TransitionErrorCallback
                0x080047fc        0x2 Drivers/STM32G4xx_HAL_Driver/Src/stm32g4xx_hal_tim_ex.o
                0x080047fc                HAL_TIMEx_TransitionErrorCallback
 .text.UART_EndRxTransfer
                0x080047fe       0x24 Drivers/STM32G4xx_HAL_Driver/Src/stm32g4xx_hal_uart.o
 .text.UART_TxISR_8BIT
                0x08004822       0x44 Drivers/STM32G4xx_HAL_Driver/Src/stm32g4xx_hal_uart.o
 .text.UART_TxISR_16BIT
                0x08004866       0x48 Drivers/STM32G4xx_HAL_Driver/Src/stm32g4xx_hal_uart.o
 .text.UART_TxISR_8BIT_FIFOEN
                0x080048ae       0x5c Drivers/STM32G4xx_HAL_Driver/Src/stm32g4xx_hal_uart.o
 .text.UART_TxISR_16BIT_FIFOEN
                0x0800490a       0x60 Drivers/STM32G4xx_HAL_Driver/Src/stm32g4xx_hal_uart.o
 *fill*         0x0800496a        0x2 
 .text.HAL_UART_Transmit_IT
                0x0800496c       0xb8 Drivers/STM32G4xx_HAL_Driver/Src/stm32g4xx_hal_uart.o
                0x0800496c                HAL_UART_Transmit_IT
 .text.HAL_UART_Receive_IT
                0x08004a24      0x128 Drivers/STM32G4xx_HAL_Driver/Src/stm32g4xx_hal_uart.o
                0x08004a24                HAL_UART_Receive_IT
 .text.UART_EndTransmit_IT
                0x08004b4c       0x1c Drivers/STM32G4xx_HAL_Driver/Src/stm32g4xx_hal_uart.o
 .text.UART_RxISR_8BIT
                0x08004b68       0x66 Drivers/STM32G4xx_HAL_Driver/Src/stm32g4xx_hal_uart.o
 .text.UART_RxISR_16BIT
                0x08004bce       0x64 Drivers/STM32G4xx_HAL_Driver/Src/stm32g4xx_hal_uart.o
 *fill*         0x08004c32        0x2 
 .text.UART_RxISR_8BIT_FIFOEN
                0x08004c34       0xac Drivers/STM32G4xx_HAL_Driver/Src/stm32g4xx_hal_uart.o
 .text.UART_RxISR_16BIT_FIFOEN
                0x08004ce0       0xa8 Drivers/STM32G4xx_HAL_Driver/Src/stm32g4xx_hal_uart.o
 .text.HAL_UART_ErrorCallback
                0x08004d88        0x2 Drivers/STM32G4xx_HAL_Driver/Src/stm32g4xx_hal_uart.o
                0x08004d88                HAL_UART_ErrorCallback
 *fill*         0x08004d8a        0x2 
 .text.HAL_UART_IRQHandler
                0x08004d8c      0x1bc Drivers/STM32G4xx_HAL_Driver/Src/stm32g4xx_hal_uart.o
                0x08004d8c                HAL_UART_IRQHandler
 .text.UART_DMAAbortOnError
                0x08004f48       0x14 Drivers/STM32G4xx_HAL_Driver/Src/stm32g4xx_hal_uart.o
 *fill*         0x08004f5c        0x4 
 .text.UART_SetConfig
                0x08004f60      0xd10 Drivers/STM32G4xx_HAL_Driver/Src/stm32g4xx_hal_uart.o
                0x08004f60                UART_SetConfig
 .text.UART_AdvFeatureConfig
                0x08005c70       0xca Drivers/STM32G4xx_HAL_Driver/Src/stm32g4xx_hal_uart.o
                0x08005c70                UART_AdvFeatureConfig
 .text.UART_WaitOnFlagUntilTimeout
                0x08005d3a       0x64 Drivers/STM32G4xx_HAL_Driver/Src/stm32g4xx_hal_uart.o
                0x08005d3a                UART_WaitOnFlagUntilTimeout
 .text.UART_CheckIdleState
                0x08005d9e       0x72 Drivers/STM32G4xx_HAL_Driver/Src/stm32g4xx_hal_uart.o
                0x08005d9e                UART_CheckIdleState
 .text.HAL_UART_Init
                0x08005e10       0x66 Drivers/STM32G4xx_HAL_Driver/Src/stm32g4xx_hal_uart.o
                0x08005e10                HAL_UART_Init
 *fill*         0x08005e76        0x2 
 .text.UARTEx_SetNbDataToProcess
                0x08005e78       0x74 Drivers/STM32G4xx_HAL_Driver/Src/stm32g4xx_hal_uart_ex.o
 .text.HAL_UARTEx_WakeupCallback
                0x08005eec        0x2 Drivers/STM32G4xx_HAL_Driver/Src/stm32g4xx_hal_uart_ex.o
                0x08005eec                HAL_UARTEx_WakeupCallback
 .text.HAL_UARTEx_RxFifoFullCallback
                0x08005eee        0x2 Drivers/STM32G4xx_HAL_Driver/Src/stm32g4xx_hal_uart_ex.o
                0x08005eee                HAL_UARTEx_RxFifoFullCallback
 .text.HAL_UARTEx_TxFifoEmptyCallback
                0x08005ef0        0x2 Drivers/STM32G4xx_HAL_Driver/Src/stm32g4xx_hal_uart_ex.o
                0x08005ef0                HAL_UARTEx_TxFifoEmptyCallback
 .text.HAL_UARTEx_EnableFifoMode
                0x08005ef2       0x48 Drivers/STM32G4xx_HAL_Driver/Src/stm32g4xx_hal_uart_ex.o
                0x08005ef2                HAL_UARTEx_EnableFifoMode
 .text.HAL_UARTEx_DisableFifoMode
                0x08005f3a       0x3e Drivers/STM32G4xx_HAL_Driver/Src/stm32g4xx_hal_uart_ex.o
                0x08005f3a                HAL_UARTEx_DisableFifoMode
 .text.HAL_UARTEx_SetTxFifoThreshold
                0x08005f78       0x4a Drivers/STM32G4xx_HAL_Driver/Src/stm32g4xx_hal_uart_ex.o
                0x08005f78                HAL_UARTEx_SetTxFifoThreshold
 .text.HAL_UARTEx_SetRxFifoThreshold
                0x08005fc2       0x4a Drivers/STM32G4xx_HAL_Driver/Src/stm32g4xx_hal_uart_ex.o
                0x08005fc2                HAL_UARTEx_SetRxFifoThreshold
 .text.USB_EnableGlobalInt
                0x0800600c       0x14 Drivers/STM32G4xx_HAL_Driver/Src/stm32g4xx_ll_usb.o
                0x0800600c                USB_EnableGlobalInt
 .text.USB_DisableGlobalInt
                0x08006020       0x14 Drivers/STM32G4xx_HAL_Driver/Src/stm32g4xx_ll_usb.o
                0x08006020                USB_DisableGlobalInt
 .text.USB_DevInit
                0x08006034       0x2c Drivers/STM32G4xx_HAL_Driver/Src/stm32g4xx_ll_usb.o
                0x08006034                USB_DevInit
 .text.USB_ActivateEndpoint
                0x08006060      0x36a Drivers/STM32G4xx_HAL_Driver/Src/stm32g4xx_ll_usb.o
                0x08006060                USB_ActivateEndpoint
 .text.USB_DeactivateEndpoint
                0x080063ca      0x1d6 Drivers/STM32G4xx_HAL_Driver/Src/stm32g4xx_ll_usb.o
                0x080063ca                USB_DeactivateEndpoint
 .text.USB_EPSetStall
                0x080065a0       0x4a Drivers/STM32G4xx_HAL_Driver/Src/stm32g4xx_ll_usb.o
                0x080065a0                USB_EPSetStall
 .text.USB_EPClearStall
                0x080065ea       0xa2 Drivers/STM32G4xx_HAL_Driver/Src/stm32g4xx_ll_usb.o
                0x080065ea                USB_EPClearStall
 .text.USB_SetDevAddress
                0x0800668c        0xc Drivers/STM32G4xx_HAL_Driver/Src/stm32g4xx_ll_usb.o
                0x0800668c                USB_SetDevAddress
 .text.USB_DevConnect
                0x08006698       0x10 Drivers/STM32G4xx_HAL_Driver/Src/stm32g4xx_ll_usb.o
                0x08006698                USB_DevConnect
 .text.USB_ReadInterrupts
                0x080066a8        0x6 Drivers/STM32G4xx_HAL_Driver/Src/stm32g4xx_ll_usb.o
                0x080066a8                USB_ReadInterrupts
 .text.USB_EP0_OutStart
                0x080066ae        0x4 Drivers/STM32G4xx_HAL_Driver/Src/stm32g4xx_ll_usb.o
                0x080066ae                USB_EP0_OutStart
 .text.USB_WritePMA
                0x080066b2       0x2a Drivers/STM32G4xx_HAL_Driver/Src/stm32g4xx_ll_usb.o
                0x080066b2                USB_WritePMA
 .text.USB_EPStartXfer
                0x080066dc      0x320 Drivers/STM32G4xx_HAL_Driver/Src/stm32g4xx_ll_usb.o
                0x080066dc                USB_EPStartXfer
 .text.USB_ReadPMA
                0x080069fc       0x2e Drivers/STM32G4xx_HAL_Driver/Src/stm32g4xx_ll_usb.o
                0x080069fc                USB_ReadPMA
 .text.USBD_CDC_EP0_RxReady
                0x08006a2a       0x28 Middlewares/ST/STM32_USB_Device_Library/Class/CDC/Src/usbd_cdc.o
 *fill*         0x08006a52        0x2 
 .text.USBD_CDC_GetFSCfgDesc
                0x08006a54        0xc Middlewares/ST/STM32_USB_Device_Library/Class/CDC/Src/usbd_cdc.o
 .text.USBD_CDC_GetHSCfgDesc
                0x08006a60        0xc Middlewares/ST/STM32_USB_Device_Library/Class/CDC/Src/usbd_cdc.o
 .text.USBD_CDC_GetOtherSpeedCfgDesc
                0x08006a6c        0xc Middlewares/ST/STM32_USB_Device_Library/Class/CDC/Src/usbd_cdc.o
 .text.USBD_CDC_GetDeviceQualifierDescriptor
                0x08006a78        0xc Middlewares/ST/STM32_USB_Device_Library/Class/CDC/Src/usbd_cdc.o
                0x08006a78                USBD_CDC_GetDeviceQualifierDescriptor
 .text.USBD_CDC_DataOut
                0x08006a84       0x2e Middlewares/ST/STM32_USB_Device_Library/Class/CDC/Src/usbd_cdc.o
 .text.USBD_CDC_DataIn
                0x08006ab2       0x4c Middlewares/ST/STM32_USB_Device_Library/Class/CDC/Src/usbd_cdc.o
 .text.USBD_CDC_Setup
                0x08006afe       0xda Middlewares/ST/STM32_USB_Device_Library/Class/CDC/Src/usbd_cdc.o
 .text.USBD_CDC_DeInit
                0x08006bd8       0x42 Middlewares/ST/STM32_USB_Device_Library/Class/CDC/Src/usbd_cdc.o
 .text.USBD_CDC_Init
                0x08006c1a       0xaa Middlewares/ST/STM32_USB_Device_Library/Class/CDC/Src/usbd_cdc.o
 .text.USBD_CDC_RegisterInterface
                0x08006cc4        0xe Middlewares/ST/STM32_USB_Device_Library/Class/CDC/Src/usbd_cdc.o
                0x08006cc4                USBD_CDC_RegisterInterface
 .text.USBD_CDC_SetTxBuffer
                0x08006cd2       0x10 Middlewares/ST/STM32_USB_Device_Library/Class/CDC/Src/usbd_cdc.o
                0x08006cd2                USBD_CDC_SetTxBuffer
 .text.USBD_CDC_SetRxBuffer
                0x08006ce2        0xc Middlewares/ST/STM32_USB_Device_Library/Class/CDC/Src/usbd_cdc.o
                0x08006ce2                USBD_CDC_SetRxBuffer
 .text.USBD_CDC_TransmitPacket
                0x08006cee       0x34 Middlewares/ST/STM32_USB_Device_Library/Class/CDC/Src/usbd_cdc.o
                0x08006cee                USBD_CDC_TransmitPacket
 .text.USBD_CDC_ReceivePacket
                0x08006d22       0x32 Middlewares/ST/STM32_USB_Device_Library/Class/CDC/Src/usbd_cdc.o
                0x08006d22                USBD_CDC_ReceivePacket
 .text.USBD_Init
                0x08006d54       0x2e Middlewares/ST/STM32_USB_Device_Library/Core/Src/usbd_core.o
                0x08006d54                USBD_Init
 .text.USBD_RegisterClass
                0x08006d82        0xe Middlewares/ST/STM32_USB_Device_Library/Core/Src/usbd_core.o
                0x08006d82                USBD_RegisterClass
 .text.USBD_Start
                0x08006d90        0xa Middlewares/ST/STM32_USB_Device_Library/Core/Src/usbd_core.o
                0x08006d90                USBD_Start
 .text.USBD_SetClassConfig
                0x08006d9a       0x1a Middlewares/ST/STM32_USB_Device_Library/Core/Src/usbd_core.o
                0x08006d9a                USBD_SetClassConfig
 .text.USBD_ClrClassConfig
                0x08006db4        0xe Middlewares/ST/STM32_USB_Device_Library/Core/Src/usbd_core.o
                0x08006db4                USBD_ClrClassConfig
 .text.USBD_LL_SetupStage
                0x08006dc2       0x5a Middlewares/ST/STM32_USB_Device_Library/Core/Src/usbd_core.o
                0x08006dc2                USBD_LL_SetupStage
 .text.USBD_LL_DataOutStage
                0x08006e1c       0x92 Middlewares/ST/STM32_USB_Device_Library/Core/Src/usbd_core.o
                0x08006e1c                USBD_LL_DataOutStage
 .text.USBD_LL_DataInStage
                0x08006eae       0xd2 Middlewares/ST/STM32_USB_Device_Library/Core/Src/usbd_core.o
                0x08006eae                USBD_LL_DataInStage
 .text.USBD_LL_Reset
                0x08006f80       0x50 Middlewares/ST/STM32_USB_Device_Library/Core/Src/usbd_core.o
                0x08006f80                USBD_LL_Reset
 .text.USBD_LL_SetSpeed
                0x08006fd0        0x6 Middlewares/ST/STM32_USB_Device_Library/Core/Src/usbd_core.o
                0x08006fd0                USBD_LL_SetSpeed
 .text.USBD_LL_Suspend
                0x08006fd6       0x12 Middlewares/ST/STM32_USB_Device_Library/Core/Src/usbd_core.o
                0x08006fd6                USBD_LL_Suspend
 .text.USBD_LL_Resume
                0x08006fe8       0x16 Middlewares/ST/STM32_USB_Device_Library/Core/Src/usbd_core.o
                0x08006fe8                USBD_LL_Resume
 .text.USBD_LL_SOF
                0x08006ffe       0x1c Middlewares/ST/STM32_USB_Device_Library/Core/Src/usbd_core.o
                0x08006ffe                USBD_LL_SOF
 .text.USBD_GetLen
                0x0800701a       0x14 Middlewares/ST/STM32_USB_Device_Library/Core/Src/usbd_ctlreq.o
 .text.USBD_SetFeature
                0x0800702e       0x14 Middlewares/ST/STM32_USB_Device_Library/Core/Src/usbd_ctlreq.o
 .text.USBD_ParseSetupRequest
                0x08007042       0x28 Middlewares/ST/STM32_USB_Device_Library/Core/Src/usbd_ctlreq.o
                0x08007042                USBD_ParseSetupRequest
 .text.USBD_CtlError
                0x0800706a       0x14 Middlewares/ST/STM32_USB_Device_Library/Core/Src/usbd_ctlreq.o
                0x0800706a                USBD_CtlError
 .text.USBD_GetDescriptor
                0x0800707e      0x1a8 Middlewares/ST/STM32_USB_Device_Library/Core/Src/usbd_ctlreq.o
 .text.USBD_SetAddress
                0x08007226       0x4e Middlewares/ST/STM32_USB_Device_Library/Core/Src/usbd_ctlreq.o
 .text.USBD_SetConfig
                0x08007274       0xb0 Middlewares/ST/STM32_USB_Device_Library/Core/Src/usbd_ctlreq.o
 .text.USBD_GetConfig
                0x08007324       0x3c Middlewares/ST/STM32_USB_Device_Library/Core/Src/usbd_ctlreq.o
 .text.USBD_GetStatus
                0x08007360       0x38 Middlewares/ST/STM32_USB_Device_Library/Core/Src/usbd_ctlreq.o
 .text.USBD_ClrFeature
                0x08007398       0x26 Middlewares/ST/STM32_USB_Device_Library/Core/Src/usbd_ctlreq.o
 .text.USBD_StdDevReq
                0x080073be       0x68 Middlewares/ST/STM32_USB_Device_Library/Core/Src/usbd_ctlreq.o
                0x080073be                USBD_StdDevReq
 .text.USBD_StdItfReq
                0x08007426       0x60 Middlewares/ST/STM32_USB_Device_Library/Core/Src/usbd_ctlreq.o
                0x08007426                USBD_StdItfReq
 .text.USBD_StdEPReq
                0x08007486      0x20e Middlewares/ST/STM32_USB_Device_Library/Core/Src/usbd_ctlreq.o
                0x08007486                USBD_StdEPReq
 .text.USBD_GetString
                0x08007694       0x38 Middlewares/ST/STM32_USB_Device_Library/Core/Src/usbd_ctlreq.o
                0x08007694                USBD_GetString
 .text.USBD_CtlSendData
                0x080076cc       0x1a Middlewares/ST/STM32_USB_Device_Library/Core/Src/usbd_ioreq.o
                0x080076cc                USBD_CtlSendData
 .text.USBD_CtlContinueSendData
                0x080076e6       0x10 Middlewares/ST/STM32_USB_Device_Library/Core/Src/usbd_ioreq.o
                0x080076e6                USBD_CtlContinueSendData
 .text.USBD_CtlPrepareRx
                0x080076f6       0x1e Middlewares/ST/STM32_USB_Device_Library/Core/Src/usbd_ioreq.o
                0x080076f6                USBD_CtlPrepareRx
 .text.USBD_CtlContinueRx
                0x08007714       0x10 Middlewares/ST/STM32_USB_Device_Library/Core/Src/usbd_ioreq.o
                0x08007714                USBD_CtlContinueRx
 .text.USBD_CtlSendStatus
                0x08007724       0x16 Middlewares/ST/STM32_USB_Device_Library/Core/Src/usbd_ioreq.o
                0x08007724                USBD_CtlSendStatus
 .text.USBD_CtlReceiveStatus
                0x0800773a       0x16 Middlewares/ST/STM32_USB_Device_Library/Core/Src/usbd_ioreq.o
                0x0800773a                USBD_CtlReceiveStatus
 .text.MX_ADC2_Init
                0x08007750       0x84 Src/adc.o
                0x08007750                MX_ADC2_Init
 .text.HAL_ADC_MspInit
                0x080077d4       0x64 Src/adc.o
                0x080077d4                HAL_ADC_MspInit
 .text.bluetoothFifoFlush
                0x08007838       0x1c Src/bluetooth.o
                0x08007838                bluetoothFifoFlush
 .text.bluetoothMsgFifoFlush
                0x08007854       0x1c Src/bluetooth.o
                0x08007854                bluetoothMsgFifoFlush
 .text.bluetoothDecodeMsg
                0x08007870      0x100 Src/bluetooth.o
                0x08007870                bluetoothDecodeMsg
 .text.bluetoothCMD_ACK
                0x08007970       0x60 Src/bluetooth.o
                0x08007970                bluetoothCMD_ACK
 .text.bluetoothEnterCMD
                0x080079d0       0x24 Src/bluetooth.o
                0x080079d0                bluetoothEnterCMD
 .text.bluetoothLeaveCMD
                0x080079f4       0x28 Src/bluetooth.o
                0x080079f4                bluetoothLeaveCMD
 .text.bluetoothInit
                0x08007a1c      0x170 Src/bluetooth.o
                0x08007a1c                bluetoothInit
 .text.bluetoothCMD_Until
                0x08007b8c       0x74 Src/bluetooth.o
                0x08007b8c                bluetoothCMD_Until
 .text.bluetooth_refreshSelfInfo
                0x08007c00       0x40 Src/bluetooth.o
                0x08007c00                bluetooth_refreshSelfInfo
 .text.bluetoothCMD_Time
                0x08007c40       0x60 Src/bluetooth.o
                0x08007c40                bluetoothCMD_Time
 .text.countOccurances
                0x08007ca0       0x1c Src/bluetooth.o
                0x08007ca0                countOccurances
 .text.replacechar
                0x08007cbc       0x20 Src/bluetooth.o
                0x08007cbc                replacechar
 .text.splitString
                0x08007cdc       0x26 Src/bluetooth.o
                0x08007cdc                splitString
 *fill*         0x08007d02        0x2 
 .text.bluetoothGetScannedDevices
                0x08007d04      0x370 Src/bluetooth.o
                0x08007d04                bluetoothGetScannedDevices
 .text.bluetoothGetBondedDevices
                0x08008074      0x17c Src/bluetooth.o
                0x08008074                bluetoothGetBondedDevices
 .text.MX_CRC_Init
                0x080081f0       0x2c Src/crc.o
                0x080081f0                MX_CRC_Init
 .text.HAL_CRC_MspInit
                0x0800821c       0x2c Src/crc.o
                0x0800821c                HAL_CRC_MspInit
 .text.setStatus
                0x08008248       0x70 Src/devStatus.o
                0x08008248                setStatus
 .text.setStatusAll
                0x080082b8       0x5c Src/devStatus.o
                0x080082b8                setStatusAll
 .text.proccessPendingStatus
                0x08008314       0x68 Src/devStatus.o
                0x08008314                proccessPendingStatus
 .text.MX_DMA_Init
                0x0800837c       0x64 Src/dma.o
                0x0800837c                MX_DMA_Init
 .text.MX_GPIO_Init
                0x080083e0      0x120 Src/gpio.o
                0x080083e0                MX_GPIO_Init
 .text.MX_I2C1_Init
                0x08008500       0x68 Src/i2c.o
                0x08008500                MX_I2C1_Init
 .text.HAL_I2C_MspInit
                0x08008568      0x110 Src/i2c.o
                0x08008568                HAL_I2C_MspInit
 .text.SystemClock_Config
                0x08008678       0xa4 Src/main.o
                0x08008678                SystemClock_Config
 .text.main     0x0800871c      0x13c Src/main.o
                0x0800871c                main
 .text.HAL_GPIO_EXTI_Callback
                0x08008858       0x50 Src/main.o
                0x08008858                HAL_GPIO_EXTI_Callback
 .text.HAL_TIM_PeriodElapsedCallback
                0x080088a8      0x1d8 Src/main.o
                0x080088a8                HAL_TIM_PeriodElapsedCallback
 .text.USB_received_handle
                0x08008a80       0xc0 Src/main.o
                0x08008a80                USB_received_handle
 .text.USB_transmit_handle
                0x08008b40        0xc Src/main.o
                0x08008b40                USB_transmit_handle
 .text.HAL_UART_RxCpltCallback
                0x08008b4c      0x1ec Src/main.o
                0x08008b4c                HAL_UART_RxCpltCallback
 .text.HAL_UART_TxCpltCallback
                0x08008d38       0x5c Src/main.o
                0x08008d38                HAL_UART_TxCpltCallback
 .text.Error_Handler
                0x08008d94        0x2 Src/main.o
                0x08008d94                Error_Handler
 *fill*         0x08008d96        0x2 
 .text.midiControl_init
                0x08008d98       0x38 Src/midiControl.o
                0x08008d98                midiControl_init
 .text.midiControl_display_getState
                0x08008dd0       0x4c Src/midiControl.o
                0x08008dd0                midiControl_display_getState
 .text.midiControl_current_On
                0x08008e1c       0x26 Src/midiControl.o
                0x08008e1c                midiControl_current_On
 .text.midiControl_current_Off
                0x08008e42       0x26 Src/midiControl.o
                0x08008e42                midiControl_current_Off
 .text.midiControl_midiIO_getState
                0x08008e68       0x98 Src/midiControl.o
                0x08008e68                midiControl_midiIO_getState
 .text.midiControl_midiIO_init
                0x08008f00        0x2 Src/midiControl.o
                0x08008f00                midiControl_midiIO_init
 .text.midiControl_record
                0x08008f02        0x2 Src/midiControl.o
                0x08008f02                midiControl_record
 .text.midiControl_keepalive_process
                0x08008f04       0x44 Src/midiControl.o
                0x08008f04                midiControl_keepalive_process
 .text.sendMsg  0x08008f48       0x5e Src/msgDecoder.o
                0x08008f48                sendMsg
 .text.msgAOK   0x08008fa6       0x56 Src/msgDecoder.o
                0x08008fa6                msgAOK
 .text.msgERR   0x08008ffc       0x42 Src/msgDecoder.o
                0x08008ffc                msgERR
 *fill*         0x0800903e        0x2 
 .text.decodeMessage
                0x08009040       0xd8 Src/msgDecoder.o
                0x08009040                decodeMessage
 .text.oled_StartSplash
                0x08009118       0x60 Src/oled.o
                0x08009118                oled_StartSplash
 .text.oled_LoadingSplash
                0x08009178       0xa0 Src/oled.o
                0x08009178                oled_LoadingSplash
 .text.oled_BtDevInfoSplash
                0x08009218      0x120 Src/oled.o
                0x08009218                oled_BtDevInfoSplash
 .text.oled_setDisplayedMenu
                0x08009338       0x6c Src/oled.o
                0x08009338                oled_setDisplayedMenu
 .text.oled_setDisplayedSplash
                0x080093a4       0x28 Src/oled.o
                0x080093a4                oled_setDisplayedSplash
 .text.oled_menuOnclick
                0x080093cc      0x1b4 Src/oled.o
                0x080093cc                oled_menuOnclick
 .text.oled_begin
                0x08009580       0x7c Src/oled.o
                0x08009580                oled_begin
 .text.oled_drawMenu
                0x080095fc      0x400 Src/oled.o
                0x080095fc                oled_drawMenu
 .text.oled_refresh
                0x080099fc       0x44 Src/oled.o
                0x080099fc                oled_refresh
 .text.oled_BtDevPairRequestSplash
                0x08009a40      0x130 Src/oled.o
                0x08009a40                oled_BtDevPairRequestSplash
 .text.MX_RTC_Init
                0x08009b70       0x38 Src/rtc.o
                0x08009b70                MX_RTC_Init
 .text.HAL_RTC_MspInit
                0x08009ba8       0x24 Src/rtc.o
                0x08009ba8                HAL_RTC_MspInit
 .text.ssd1306_WriteBufferByte
                0x08009bcc       0x18 Src/ssd1306.o
                0x08009bcc                ssd1306_WriteBufferByte
 .text.ssd1306_SendBuffer
                0x08009be4       0x2c Src/ssd1306.o
                0x08009be4                ssd1306_SendBuffer
 .text.ssd1306_Fill
                0x08009c10       0x24 Src/ssd1306.o
                0x08009c10                ssd1306_Fill
 .text.ssd1306_UpdateScreen
                0x08009c34       0x60 Src/ssd1306.o
                0x08009c34                ssd1306_UpdateScreen
 .text.ssd1306_Init
                0x08009c94      0x12c Src/ssd1306.o
                0x08009c94                ssd1306_Init
 .text.HAL_I2C_MemTxCpltCallback
                0x08009dc0       0x40 Src/ssd1306.o
                0x08009dc0                HAL_I2C_MemTxCpltCallback
 .text.ssd1306_DrawPixel
                0x08009e00       0x5c Src/ssd1306.o
                0x08009e00                ssd1306_DrawPixel
 .text.ssd1306_WriteChar
                0x08009e5c       0xb4 Src/ssd1306.o
                0x08009e5c                ssd1306_WriteChar
 .text.ssd1306_WriteString
                0x08009f10       0x30 Src/ssd1306.o
                0x08009f10                ssd1306_WriteString
 .text.ssd1306_SetCursor
                0x08009f40       0x10 Src/ssd1306.o
                0x08009f40                ssd1306_SetCursor
 .text.HAL_MspInit
                0x08009f50       0x40 Src/stm32g4xx_hal_msp.o
                0x08009f50                HAL_MspInit
 .text.NMI_Handler
                0x08009f90        0x2 Src/stm32g4xx_it.o
                0x08009f90                NMI_Handler
 .text.HardFault_Handler
                0x08009f92        0x2 Src/stm32g4xx_it.o
                0x08009f92                HardFault_Handler
 .text.MemManage_Handler
                0x08009f94        0x2 Src/stm32g4xx_it.o
                0x08009f94                MemManage_Handler
 .text.BusFault_Handler
                0x08009f96        0x2 Src/stm32g4xx_it.o
                0x08009f96                BusFault_Handler
 .text.UsageFault_Handler
                0x08009f98        0x2 Src/stm32g4xx_it.o
                0x08009f98                UsageFault_Handler
 .text.SVC_Handler
                0x08009f9a        0x2 Src/stm32g4xx_it.o
                0x08009f9a                SVC_Handler
 .text.DebugMon_Handler
                0x08009f9c        0x2 Src/stm32g4xx_it.o
                0x08009f9c                DebugMon_Handler
 .text.PendSV_Handler
                0x08009f9e        0x2 Src/stm32g4xx_it.o
                0x08009f9e                PendSV_Handler
 .text.SysTick_Handler
                0x08009fa0        0x8 Src/stm32g4xx_it.o
                0x08009fa0                SysTick_Handler
 .text.EXTI0_IRQHandler
                0x08009fa8        0xa Src/stm32g4xx_it.o
                0x08009fa8                EXTI0_IRQHandler
 .text.EXTI1_IRQHandler
                0x08009fb2        0xa Src/stm32g4xx_it.o
                0x08009fb2                EXTI1_IRQHandler
 .text.DMA1_Channel1_IRQHandler
                0x08009fbc       0x10 Src/stm32g4xx_it.o
                0x08009fbc                DMA1_Channel1_IRQHandler
 .text.DMA1_Channel2_IRQHandler
                0x08009fcc       0x10 Src/stm32g4xx_it.o
                0x08009fcc                DMA1_Channel2_IRQHandler
 .text.DMA1_Channel3_IRQHandler
                0x08009fdc       0x10 Src/stm32g4xx_it.o
                0x08009fdc                DMA1_Channel3_IRQHandler
 .text.USB_HP_IRQHandler
                0x08009fec       0x10 Src/stm32g4xx_it.o
                0x08009fec                USB_HP_IRQHandler
 .text.USB_LP_IRQHandler
                0x08009ffc       0x10 Src/stm32g4xx_it.o
                0x08009ffc                USB_LP_IRQHandler
 .text.TIM1_UP_TIM16_IRQHandler
                0x0800a00c       0x10 Src/stm32g4xx_it.o
                0x0800a00c                TIM1_UP_TIM16_IRQHandler
 .text.TIM1_CC_IRQHandler
                0x0800a01c       0x10 Src/stm32g4xx_it.o
                0x0800a01c                TIM1_CC_IRQHandler
 .text.TIM2_IRQHandler
                0x0800a02c       0x10 Src/stm32g4xx_it.o
                0x0800a02c                TIM2_IRQHandler
 .text.TIM4_IRQHandler
                0x0800a03c       0x10 Src/stm32g4xx_it.o
                0x0800a03c                TIM4_IRQHandler
 .text.I2C1_EV_IRQHandler
                0x0800a04c       0x10 Src/stm32g4xx_it.o
                0x0800a04c                I2C1_EV_IRQHandler
 .text.I2C1_ER_IRQHandler
                0x0800a05c       0x10 Src/stm32g4xx_it.o
                0x0800a05c                I2C1_ER_IRQHandler
 .text.USART1_IRQHandler
                0x0800a06c       0x10 Src/stm32g4xx_it.o
                0x0800a06c                USART1_IRQHandler
 .text.USART2_IRQHandler
                0x0800a07c       0x10 Src/stm32g4xx_it.o
                0x0800a07c                USART2_IRQHandler
 .text.USART3_IRQHandler
                0x0800a08c       0x10 Src/stm32g4xx_it.o
                0x0800a08c                USART3_IRQHandler
 .text._sbrk    0x0800a09c       0x3c Src/syscalls.o
                0x0800a09c                _sbrk
 .text.SystemInit
                0x0800a0d8       0x1c Src/system_stm32g4xx.o
                0x0800a0d8                SystemInit
 .text.MX_TIM1_Init
                0x0800a0f4       0x98 Src/tim.o
                0x0800a0f4                MX_TIM1_Init
 .text.MX_TIM2_Init
                0x0800a18c       0x74 Src/tim.o
                0x0800a18c                MX_TIM2_Init
 .text.MX_TIM4_Init
                0x0800a200       0x74 Src/tim.o
                0x0800a200                MX_TIM4_Init
 .text.HAL_TIM_Base_MspInit
                0x0800a274      0x110 Src/tim.o
                0x0800a274                HAL_TIM_Base_MspInit
 .text.HAL_TIM_PWM_MspInit
                0x0800a384       0x70 Src/tim.o
                0x0800a384                HAL_TIM_PWM_MspInit
 .text.HAL_TIM_MspPostInit
                0x0800a3f4       0x8c Src/tim.o
                0x0800a3f4                HAL_TIM_MspPostInit
 .text.MX_TIM15_Init
                0x0800a480       0xb8 Src/tim.o
                0x0800a480                MX_TIM15_Init
 .text.MX_TIM17_Init
                0x0800a538       0xa4 Src/tim.o
                0x0800a538                MX_TIM17_Init
 .text.MX_UCPD1_Init
                0x0800a5dc       0x20 Src/ucpd.o
                0x0800a5dc                MX_UCPD1_Init
 .text.MX_USART1_UART_Init
                0x0800a5fc       0x68 Src/usart.o
                0x0800a5fc                MX_USART1_UART_Init
 .text.MX_USART2_UART_Init
                0x0800a664       0x68 Src/usart.o
                0x0800a664                MX_USART2_UART_Init
 .text.MX_USART3_UART_Init
                0x0800a6cc       0x68 Src/usart.o
                0x0800a6cc                MX_USART3_UART_Init
 .text.HAL_UART_MspInit
                0x0800a734      0x134 Src/usart.o
                0x0800a734                HAL_UART_MspInit
 .text.MX_USB_Device_Init
                0x0800a868       0x54 Src/usb_device.o
                0x0800a868                MX_USB_Device_Init
 .text.CDC_DeInit_FS
                0x0800a8bc        0x4 Src/usbd_cdc_if.o
 .text.CDC_Control_FS
                0x0800a8c0        0x4 Src/usbd_cdc_if.o
 .text.CDC_Receive_FS
                0x0800a8c4       0x28 Src/usbd_cdc_if.o
 .text.CDC_Init_FS
                0x0800a8ec       0x28 Src/usbd_cdc_if.o
 .text.CDC_Transmit_FS
                0x0800a914       0x34 Src/usbd_cdc_if.o
                0x0800a914                CDC_Transmit_FS
 .text.USBD_Get_USB_Status
                0x0800a948       0x12 Src/usbd_conf.o
 .text.SystemClockConfig_Resume
                0x0800a95a        0x8 Src/usbd_conf.o
 *fill*         0x0800a962        0x2 
 .text.HAL_PCD_MspInit
                0x0800a964       0x50 Src/usbd_conf.o
                0x0800a964                HAL_PCD_MspInit
 .text.HAL_PCD_SetupStageCallback
                0x0800a9b4       0x10 Src/usbd_conf.o
                0x0800a9b4                HAL_PCD_SetupStageCallback
 .text.HAL_PCD_DataOutStageCallback
                0x0800a9c4       0x14 Src/usbd_conf.o
                0x0800a9c4                HAL_PCD_DataOutStageCallback
 .text.HAL_PCD_DataInStageCallback
                0x0800a9d8       0x12 Src/usbd_conf.o
                0x0800a9d8                HAL_PCD_DataInStageCallback
 .text.HAL_PCD_SOFCallback
                0x0800a9ea        0xc Src/usbd_conf.o
                0x0800a9ea                HAL_PCD_SOFCallback
 .text.HAL_PCD_ResetCallback
                0x0800a9f6       0x22 Src/usbd_conf.o
                0x0800a9f6                HAL_PCD_ResetCallback
 .text.HAL_PCD_SuspendCallback
                0x0800aa18       0x20 Src/usbd_conf.o
                0x0800aa18                HAL_PCD_SuspendCallback
 .text.HAL_PCD_ResumeCallback
                0x0800aa38       0x28 Src/usbd_conf.o
                0x0800aa38                HAL_PCD_ResumeCallback
 .text.USBD_LL_Init
                0x0800aa60       0x88 Src/usbd_conf.o
                0x0800aa60                USBD_LL_Init
 .text.USBD_LL_Start
                0x0800aae8       0x10 Src/usbd_conf.o
                0x0800aae8                USBD_LL_Start
 .text.USBD_LL_OpenEP
                0x0800aaf8       0x16 Src/usbd_conf.o
                0x0800aaf8                USBD_LL_OpenEP
 .text.USBD_LL_CloseEP
                0x0800ab0e       0x10 Src/usbd_conf.o
                0x0800ab0e                USBD_LL_CloseEP
 .text.USBD_LL_StallEP
                0x0800ab1e       0x10 Src/usbd_conf.o
                0x0800ab1e                USBD_LL_StallEP
 .text.USBD_LL_ClearStallEP
                0x0800ab2e       0x10 Src/usbd_conf.o
                0x0800ab2e                USBD_LL_ClearStallEP
 .text.USBD_LL_IsStallEP
                0x0800ab3e       0x26 Src/usbd_conf.o
                0x0800ab3e                USBD_LL_IsStallEP
 .text.USBD_LL_SetUSBAddress
                0x0800ab64       0x10 Src/usbd_conf.o
                0x0800ab64                USBD_LL_SetUSBAddress
 .text.USBD_LL_Transmit
                0x0800ab74       0x10 Src/usbd_conf.o
                0x0800ab74                USBD_LL_Transmit
 .text.USBD_LL_PrepareReceive
                0x0800ab84       0x10 Src/usbd_conf.o
                0x0800ab84                USBD_LL_PrepareReceive
 .text.USBD_LL_GetRxDataSize
                0x0800ab94        0xc Src/usbd_conf.o
                0x0800ab94                USBD_LL_GetRxDataSize
 .text.HAL_PCDEx_LPM_Callback
                0x0800aba0       0x48 Src/usbd_conf.o
                0x0800aba0                HAL_PCDEx_LPM_Callback
 .text.USBD_static_malloc
                0x0800abe8        0x8 Src/usbd_conf.o
                0x0800abe8                USBD_static_malloc
 .text.USBD_static_free
                0x0800abf0        0x2 Src/usbd_conf.o
                0x0800abf0                USBD_static_free
 *fill*         0x0800abf2        0x2 
 .text.USBD_CDC_DeviceDescriptor
                0x0800abf4        0xc Src/usbd_desc.o
                0x0800abf4                USBD_CDC_DeviceDescriptor
 .text.USBD_CDC_LangIDStrDescriptor
                0x0800ac00        0xc Src/usbd_desc.o
                0x0800ac00                USBD_CDC_LangIDStrDescriptor
 .text.IntToUnicode
                0x0800ac0c       0x36 Src/usbd_desc.o
 *fill*         0x0800ac42        0x2 
 .text.Get_SerialNum
                0x0800ac44       0x38 Src/usbd_desc.o
 .text.USBD_CDC_SerialStrDescriptor
                0x0800ac7c       0x14 Src/usbd_desc.o
                0x0800ac7c                USBD_CDC_SerialStrDescriptor
 .text.USBD_CDC_ProductStrDescriptor
                0x0800ac90       0x24 Src/usbd_desc.o
                0x0800ac90                USBD_CDC_ProductStrDescriptor
 .text.USBD_CDC_ManufacturerStrDescriptor
                0x0800acb4       0x1c Src/usbd_desc.o
                0x0800acb4                USBD_CDC_ManufacturerStrDescriptor
 .text.USBD_CDC_ConfigStrDescriptor
                0x0800acd0       0x24 Src/usbd_desc.o
                0x0800acd0                USBD_CDC_ConfigStrDescriptor
 .text.USBD_CDC_InterfaceStrDescriptor
                0x0800acf4       0x24 Src/usbd_desc.o
                0x0800acf4                USBD_CDC_InterfaceStrDescriptor
 .text.setLEDcolor
                0x0800ad18       0xc0 Src/ws2812.o
                0x0800ad18                setLEDcolor
 .text.setWHOLEcolor
                0x0800add8       0x2c Src/ws2812.o
                0x0800add8                setWHOLEcolor
 .text.fillBufferBlack
                0x0800ae04       0x60 Src/ws2812.o
                0x0800ae04                fillBufferBlack
 .text.ws2812_init
                0x0800ae64       0x3c Src/ws2812.o
                0x0800ae64                ws2812_init
 .text.Reset_Handler
                0x0800aea0       0x50 startup/startup_stm32g431xx.o
                0x0800aea0                Reset_Handler
 .text.Default_Handler
                0x0800aef0        0x2 startup/startup_stm32g431xx.o
                0x0800aef0                RTC_Alarm_IRQHandler
                0x0800aef0                EXTI2_IRQHandler
                0x0800aef0                TIM8_TRG_COM_IRQHandler
                0x0800aef0                TIM8_CC_IRQHandler
                0x0800aef0                CORDIC_IRQHandler
                0x0800aef0                EXTI3_IRQHandler
                0x0800aef0                I2C3_ER_IRQHandler
                0x0800aef0                I2C2_EV_IRQHandler
                0x0800aef0                FPU_IRQHandler
                0x0800aef0                FDCAN1_IT1_IRQHandler
                0x0800aef0                ADC1_2_IRQHandler
                0x0800aef0                SPI1_IRQHandler
                0x0800aef0                TIM6_DAC_IRQHandler
                0x0800aef0                TIM8_UP_IRQHandler
                0x0800aef0                DMA2_Channel2_IRQHandler
                0x0800aef0                DMA1_Channel4_IRQHandler
                0x0800aef0                DMA2_Channel1_IRQHandler
                0x0800aef0                DMA1_Channel6_IRQHandler
                0x0800aef0                UART4_IRQHandler
                0x0800aef0                DMA2_Channel4_IRQHandler
                0x0800aef0                TIM3_IRQHandler
                0x0800aef0                RCC_IRQHandler
                0x0800aef0                Default_Handler
                0x0800aef0                RTC_TAMP_LSECSS_IRQHandler
                0x0800aef0                FMAC_IRQHandler
                0x0800aef0                EXTI15_10_IRQHandler
                0x0800aef0                TIM7_IRQHandler
                0x0800aef0                UCPD1_IRQHandler
                0x0800aef0                I2C3_EV_IRQHandler
                0x0800aef0                EXTI9_5_IRQHandler
                0x0800aef0                RTC_WKUP_IRQHandler
                0x0800aef0                PVD_PVM_IRQHandler
                0x0800aef0                SPI2_IRQHandler
                0x0800aef0                DMA2_Channel5_IRQHandler
                0x0800aef0                CRS_IRQHandler
                0x0800aef0                DMA1_Channel5_IRQHandler
                0x0800aef0                EXTI4_IRQHandler
                0x0800aef0                RNG_IRQHandler
                0x0800aef0                TIM1_TRG_COM_TIM17_IRQHandler
                0x0800aef0                WWDG_IRQHandler
                0x0800aef0                LPUART1_IRQHandler
                0x0800aef0                DMA2_Channel6_IRQHandler
                0x0800aef0                FDCAN1_IT0_IRQHandler
                0x0800aef0                COMP1_2_3_IRQHandler
                0x0800aef0                I2C2_ER_IRQHandler
                0x0800aef0                TIM8_BRK_IRQHandler
                0x0800aef0                FLASH_IRQHandler
                0x0800aef0                SPI3_IRQHandler
                0x0800aef0                LPTIM1_IRQHandler
                0x0800aef0                DMAMUX_OVR_IRQHandler
                0x0800aef0                USBWakeUp_IRQHandler
                0x0800aef0                SAI1_IRQHandler
                0x0800aef0                DMA2_Channel3_IRQHandler
                0x0800aef0                COMP4_IRQHandler
                0x0800aef0                TIM1_BRK_TIM15_IRQHandler
 *fill*         0x0800aef2        0x2 
 .text.__errno  0x0800aef4        0xc c:/program files/ac6/plugins/fr.ac6.mcu.externaltools.arm-none.win32_1.17.0.201812190825/tools/compiler/bin/../lib/gcc/arm-none-eabi/7.3.1/../../../../arm-none-eabi/lib/thumb/v7e-m/fpv4-sp/hard\libc_nano.a(lib_a-errno.o)
                0x0800aef4                __errno
 .text.__libc_init_array
                0x0800af00       0x48 c:/program files/ac6/plugins/fr.ac6.mcu.externaltools.arm-none.win32_1.17.0.201812190825/tools/compiler/bin/../lib/gcc/arm-none-eabi/7.3.1/../../../../arm-none-eabi/lib/thumb/v7e-m/fpv4-sp/hard\libc_nano.a(lib_a-init.o)
                0x0800af00                __libc_init_array
 .text.malloc   0x0800af48       0x10 c:/program files/ac6/plugins/fr.ac6.mcu.externaltools.arm-none.win32_1.17.0.201812190825/tools/compiler/bin/../lib/gcc/arm-none-eabi/7.3.1/../../../../arm-none-eabi/lib/thumb/v7e-m/fpv4-sp/hard\libc_nano.a(lib_a-malloc.o)
                0x0800af48                malloc
 .text.free     0x0800af58       0x10 c:/program files/ac6/plugins/fr.ac6.mcu.externaltools.arm-none.win32_1.17.0.201812190825/tools/compiler/bin/../lib/gcc/arm-none-eabi/7.3.1/../../../../arm-none-eabi/lib/thumb/v7e-m/fpv4-sp/hard\libc_nano.a(lib_a-malloc.o)
                0x0800af58                free
 .text.memcpy   0x0800af68       0x16 c:/program files/ac6/plugins/fr.ac6.mcu.externaltools.arm-none.win32_1.17.0.201812190825/tools/compiler/bin/../lib/gcc/arm-none-eabi/7.3.1/../../../../arm-none-eabi/lib/thumb/v7e-m/fpv4-sp/hard\libc_nano.a(lib_a-memcpy-stub.o)
                0x0800af68                memcpy
 .text.memset   0x0800af7e       0x10 c:/program files/ac6/plugins/fr.ac6.mcu.externaltools.arm-none.win32_1.17.0.201812190825/tools/compiler/bin/../lib/gcc/arm-none-eabi/7.3.1/../../../../arm-none-eabi/lib/thumb/v7e-m/fpv4-sp/hard\libc_nano.a(lib_a-memset.o)
                0x0800af7e                memset
 *fill*         0x0800af8e        0x2 
 .text._free_r  0x0800af90       0x9c c:/program files/ac6/plugins/fr.ac6.mcu.externaltools.arm-none.win32_1.17.0.201812190825/tools/compiler/bin/../lib/gcc/arm-none-eabi/7.3.1/../../../../arm-none-eabi/lib/thumb/v7e-m/fpv4-sp/hard\libc_nano.a(lib_a-nano-freer.o)
                0x0800af90                _free_r
 .text._malloc_r
                0x0800b02c       0xb4 c:/program files/ac6/plugins/fr.ac6.mcu.externaltools.arm-none.win32_1.17.0.201812190825/tools/compiler/bin/../lib/gcc/arm-none-eabi/7.3.1/../../../../arm-none-eabi/lib/thumb/v7e-m/fpv4-sp/hard\libc_nano.a(lib_a-nano-mallocr.o)
                0x0800b02c                _malloc_r
 .text._sbrk_r  0x0800b0e0       0x20 c:/program files/ac6/plugins/fr.ac6.mcu.externaltools.arm-none.win32_1.17.0.201812190825/tools/compiler/bin/../lib/gcc/arm-none-eabi/7.3.1/../../../../arm-none-eabi/lib/thumb/v7e-m/fpv4-sp/hard\libc_nano.a(lib_a-sbrkr.o)
                0x0800b0e0                _sbrk_r
 .text.sprintf  0x0800b100       0x40 c:/program files/ac6/plugins/fr.ac6.mcu.externaltools.arm-none.win32_1.17.0.201812190825/tools/compiler/bin/../lib/gcc/arm-none-eabi/7.3.1/../../../../arm-none-eabi/lib/thumb/v7e-m/fpv4-sp/hard\libc_nano.a(lib_a-sprintf.o)
                0x0800b100                siprintf
                0x0800b100                sprintf
 .text.sscanf   0x0800b140       0x54 c:/program files/ac6/plugins/fr.ac6.mcu.externaltools.arm-none.win32_1.17.0.201812190825/tools/compiler/bin/../lib/gcc/arm-none-eabi/7.3.1/../../../../arm-none-eabi/lib/thumb/v7e-m/fpv4-sp/hard\libc_nano.a(lib_a-sscanf.o)
                0x0800b140                siscanf
                0x0800b140                sscanf
 .text.__seofread
                0x0800b194        0x4 c:/program files/ac6/plugins/fr.ac6.mcu.externaltools.arm-none.win32_1.17.0.201812190825/tools/compiler/bin/../lib/gcc/arm-none-eabi/7.3.1/../../../../arm-none-eabi/lib/thumb/v7e-m/fpv4-sp/hard\libc_nano.a(lib_a-stdio.o)
                0x0800b194                __seofread
 .text.strchr   0x0800b198       0x1a c:/program files/ac6/plugins/fr.ac6.mcu.externaltools.arm-none.win32_1.17.0.201812190825/tools/compiler/bin/../lib/gcc/arm-none-eabi/7.3.1/../../../../arm-none-eabi/lib/thumb/v7e-m/fpv4-sp/hard\libc_nano.a(lib_a-strchr.o)
                0x0800b198                strchr
 .text.strcpy   0x0800b1b2       0x10 c:/program files/ac6/plugins/fr.ac6.mcu.externaltools.arm-none.win32_1.17.0.201812190825/tools/compiler/bin/../lib/gcc/arm-none-eabi/7.3.1/../../../../arm-none-eabi/lib/thumb/v7e-m/fpv4-sp/hard\libc_nano.a(lib_a-strcpy.o)
                0x0800b1b2                strcpy
 .text.strstr   0x0800b1c2       0x34 c:/program files/ac6/plugins/fr.ac6.mcu.externaltools.arm-none.win32_1.17.0.201812190825/tools/compiler/bin/../lib/gcc/arm-none-eabi/7.3.1/../../../../arm-none-eabi/lib/thumb/v7e-m/fpv4-sp/hard\libc_nano.a(lib_a-strstr.o)
                0x0800b1c2                strstr
 *fill*         0x0800b1f6        0x2 
 .text.strtok   0x0800b1f8       0x54 c:/program files/ac6/plugins/fr.ac6.mcu.externaltools.arm-none.win32_1.17.0.201812190825/tools/compiler/bin/../lib/gcc/arm-none-eabi/7.3.1/../../../../arm-none-eabi/lib/thumb/v7e-m/fpv4-sp/hard\libc_nano.a(lib_a-strtok.o)
                0x0800b1f8                strtok
 .text.__strtok_r
                0x0800b24c       0x54 c:/program files/ac6/plugins/fr.ac6.mcu.externaltools.arm-none.win32_1.17.0.201812190825/tools/compiler/bin/../lib/gcc/arm-none-eabi/7.3.1/../../../../arm-none-eabi/lib/thumb/v7e-m/fpv4-sp/hard\libc_nano.a(lib_a-strtok_r.o)
                0x0800b24c                __strtok_r
 .text.__malloc_lock
                0x0800b2a0        0x2 c:/program files/ac6/plugins/fr.ac6.mcu.externaltools.arm-none.win32_1.17.0.201812190825/tools/compiler/bin/../lib/gcc/arm-none-eabi/7.3.1/../../../../arm-none-eabi/lib/thumb/v7e-m/fpv4-sp/hard\libc_nano.a(lib_a-mlock.o)
                0x0800b2a0                __malloc_lock
 .text.__malloc_unlock
                0x0800b2a2        0x2 c:/program files/ac6/plugins/fr.ac6.mcu.externaltools.arm-none.win32_1.17.0.201812190825/tools/compiler/bin/../lib/gcc/arm-none-eabi/7.3.1/../../../../arm-none-eabi/lib/thumb/v7e-m/fpv4-sp/hard\libc_nano.a(lib_a-mlock.o)
                0x0800b2a2                __malloc_unlock
 .text.__ssputs_r
                0x0800b2a4       0xb4 c:/program files/ac6/plugins/fr.ac6.mcu.externaltools.arm-none.win32_1.17.0.201812190825/tools/compiler/bin/../lib/gcc/arm-none-eabi/7.3.1/../../../../arm-none-eabi/lib/thumb/v7e-m/fpv4-sp/hard\libc_nano.a(lib_a-nano-svfprintf.o)
                0x0800b2a4                __ssputs_r
 .text._svfprintf_r
                0x0800b358      0x1f0 c:/program files/ac6/plugins/fr.ac6.mcu.externaltools.arm-none.win32_1.17.0.201812190825/tools/compiler/bin/../lib/gcc/arm-none-eabi/7.3.1/../../../../arm-none-eabi/lib/thumb/v7e-m/fpv4-sp/hard\libc_nano.a(lib_a-nano-svfprintf.o)
                0x0800b358                _svfiprintf_r
                0x0800b358                _svfprintf_r
 .text._sungetc_r
                0x0800b548       0x7a c:/program files/ac6/plugins/fr.ac6.mcu.externaltools.arm-none.win32_1.17.0.201812190825/tools/compiler/bin/../lib/gcc/arm-none-eabi/7.3.1/../../../../arm-none-eabi/lib/thumb/v7e-m/fpv4-sp/hard\libc_nano.a(lib_a-nano-svfscanf.o)
                0x0800b548                _sungetc_r
 .text.__ssrefill_r
                0x0800b5c2       0x3a c:/program files/ac6/plugins/fr.ac6.mcu.externaltools.arm-none.win32_1.17.0.201812190825/tools/compiler/bin/../lib/gcc/arm-none-eabi/7.3.1/../../../../arm-none-eabi/lib/thumb/v7e-m/fpv4-sp/hard\libc_nano.a(lib_a-nano-svfscanf.o)
                0x0800b5c2                __ssrefill_r
 .text.__ssvfscanf_r
                0x0800b5fc      0x2a0 c:/program files/ac6/plugins/fr.ac6.mcu.externaltools.arm-none.win32_1.17.0.201812190825/tools/compiler/bin/../lib/gcc/arm-none-eabi/7.3.1/../../../../arm-none-eabi/lib/thumb/v7e-m/fpv4-sp/hard\libc_nano.a(lib_a-nano-svfscanf.o)
                0x0800b5fc                __ssvfiscanf_r
                0x0800b5fc                __ssvfscanf_r
 .text._printf_common
                0x0800b89c       0xea c:/program files/ac6/plugins/fr.ac6.mcu.externaltools.arm-none.win32_1.17.0.201812190825/tools/compiler/bin/../lib/gcc/arm-none-eabi/7.3.1/../../../../arm-none-eabi/lib/thumb/v7e-m/fpv4-sp/hard\libc_nano.a(lib_a-nano-vfprintf_i.o)
                0x0800b89c                _printf_common
 *fill*         0x0800b986        0x2 
 .text._printf_i
                0x0800b988      0x224 c:/program files/ac6/plugins/fr.ac6.mcu.externaltools.arm-none.win32_1.17.0.201812190825/tools/compiler/bin/../lib/gcc/arm-none-eabi/7.3.1/../../../../arm-none-eabi/lib/thumb/v7e-m/fpv4-sp/hard\libc_nano.a(lib_a-nano-vfprintf_i.o)
                0x0800b988                _printf_i
 .text._scanf_chars
                0x0800bbac       0xc6 c:/program files/ac6/plugins/fr.ac6.mcu.externaltools.arm-none.win32_1.17.0.201812190825/tools/compiler/bin/../lib/gcc/arm-none-eabi/7.3.1/../../../../arm-none-eabi/lib/thumb/v7e-m/fpv4-sp/hard\libc_nano.a(lib_a-nano-vfscanf_i.o)
                0x0800bbac                _scanf_chars
 *fill*         0x0800bc72        0x2 
 .text._scanf_i
                0x0800bc74      0x1e8 c:/program files/ac6/plugins/fr.ac6.mcu.externaltools.arm-none.win32_1.17.0.201812190825/tools/compiler/bin/../lib/gcc/arm-none-eabi/7.3.1/../../../../arm-none-eabi/lib/thumb/v7e-m/fpv4-sp/hard\libc_nano.a(lib_a-nano-vfscanf_i.o)
                0x0800bc74                _scanf_i
 .text.__sccl   0x0800be5c       0x64 c:/program files/ac6/plugins/fr.ac6.mcu.externaltools.arm-none.win32_1.17.0.201812190825/tools/compiler/bin/../lib/gcc/arm-none-eabi/7.3.1/../../../../arm-none-eabi/lib/thumb/v7e-m/fpv4-sp/hard\libc_nano.a(lib_a-sccl.o)
                0x0800be5c                __sccl
 .text._strtol_l.isra.0
                0x0800bec0       0xf6 c:/program files/ac6/plugins/fr.ac6.mcu.externaltools.arm-none.win32_1.17.0.201812190825/tools/compiler/bin/../lib/gcc/arm-none-eabi/7.3.1/../../../../arm-none-eabi/lib/thumb/v7e-m/fpv4-sp/hard\libc_nano.a(lib_a-strtol.o)
 *fill*         0x0800bfb6        0x2 
 .text._strtol_r
                0x0800bfb8       0x24 c:/program files/ac6/plugins/fr.ac6.mcu.externaltools.arm-none.win32_1.17.0.201812190825/tools/compiler/bin/../lib/gcc/arm-none-eabi/7.3.1/../../../../arm-none-eabi/lib/thumb/v7e-m/fpv4-sp/hard\libc_nano.a(lib_a-strtol.o)
                0x0800bfb8                _strtol_r
 .text._strtoul_l.isra.0
                0x0800bfdc       0xf4 c:/program files/ac6/plugins/fr.ac6.mcu.externaltools.arm-none.win32_1.17.0.201812190825/tools/compiler/bin/../lib/gcc/arm-none-eabi/7.3.1/../../../../arm-none-eabi/lib/thumb/v7e-m/fpv4-sp/hard\libc_nano.a(lib_a-strtoul.o)
 .text._strtoul_r
                0x0800c0d0       0x24 c:/program files/ac6/plugins/fr.ac6.mcu.externaltools.arm-none.win32_1.17.0.201812190825/tools/compiler/bin/../lib/gcc/arm-none-eabi/7.3.1/../../../../arm-none-eabi/lib/thumb/v7e-m/fpv4-sp/hard\libc_nano.a(lib_a-strtoul.o)
                0x0800c0d0                _strtoul_r
 .text.__submore
                0x0800c0f4       0x74 c:/program files/ac6/plugins/fr.ac6.mcu.externaltools.arm-none.win32_1.17.0.201812190825/tools/compiler/bin/../lib/gcc/arm-none-eabi/7.3.1/../../../../arm-none-eabi/lib/thumb/v7e-m/fpv4-sp/hard\libc_nano.a(lib_a-ungetc.o)
                0x0800c0f4                __submore
 .text.__locale_ctype_ptr_l
                0x0800c168        0x6 c:/program files/ac6/plugins/fr.ac6.mcu.externaltools.arm-none.win32_1.17.0.201812190825/tools/compiler/bin/../lib/gcc/arm-none-eabi/7.3.1/../../../../arm-none-eabi/lib/thumb/v7e-m/fpv4-sp/hard\libc_nano.a(lib_a-locale.o)
                0x0800c168                __locale_ctype_ptr_l
 *fill*         0x0800c16e        0x2 
 .text.__locale_ctype_ptr
                0x0800c170       0x1c c:/program files/ac6/plugins/fr.ac6.mcu.externaltools.arm-none.win32_1.17.0.201812190825/tools/compiler/bin/../lib/gcc/arm-none-eabi/7.3.1/../../../../arm-none-eabi/lib/thumb/v7e-m/fpv4-sp/hard\libc_nano.a(lib_a-locale.o)
                0x0800c170                __locale_ctype_ptr
 .text.__ascii_mbtowc
                0x0800c18c       0x24 c:/program files/ac6/plugins/fr.ac6.mcu.externaltools.arm-none.win32_1.17.0.201812190825/tools/compiler/bin/../lib/gcc/arm-none-eabi/7.3.1/../../../../arm-none-eabi/lib/thumb/v7e-m/fpv4-sp/hard\libc_nano.a(lib_a-mbtowc_r.o)
                0x0800c18c                __ascii_mbtowc
 .text.memmove  0x0800c1b0       0x32 c:/program files/ac6/plugins/fr.ac6.mcu.externaltools.arm-none.win32_1.17.0.201812190825/tools/compiler/bin/../lib/gcc/arm-none-eabi/7.3.1/../../../../arm-none-eabi/lib/thumb/v7e-m/fpv4-sp/hard\libc_nano.a(lib_a-memmove.o)
                0x0800c1b0                memmove
 .text._realloc_r
                0x0800c1e2       0x4c c:/program files/ac6/plugins/fr.ac6.mcu.externaltools.arm-none.win32_1.17.0.201812190825/tools/compiler/bin/../lib/gcc/arm-none-eabi/7.3.1/../../../../arm-none-eabi/lib/thumb/v7e-m/fpv4-sp/hard\libc_nano.a(lib_a-nano-reallocr.o)
                0x0800c1e2                _realloc_r
 .text.__ascii_wctomb
                0x0800c22e       0x1a c:/program files/ac6/plugins/fr.ac6.mcu.externaltools.arm-none.win32_1.17.0.201812190825/tools/compiler/bin/../lib/gcc/arm-none-eabi/7.3.1/../../../../arm-none-eabi/lib/thumb/v7e-m/fpv4-sp/hard\libc_nano.a(lib_a-wctomb_r.o)
                0x0800c22e                __ascii_wctomb
 .text._malloc_usable_size_r
                0x0800c248       0x10 c:/program files/ac6/plugins/fr.ac6.mcu.externaltools.arm-none.win32_1.17.0.201812190825/tools/compiler/bin/../lib/gcc/arm-none-eabi/7.3.1/../../../../arm-none-eabi/lib/thumb/v7e-m/fpv4-sp/hard\libc_nano.a(lib_a-nano-msizer.o)
                0x0800c248                _malloc_usable_size_r
 *(.glue_7)
 .glue_7        0x0800c258        0x0 linker stubs
 *(.glue_7t)
 .glue_7t       0x0800c258        0x0 linker stubs
 *(.eh_frame)
 .eh_frame      0x0800c258        0x0 c:/program files/ac6/plugins/fr.ac6.mcu.externaltools.arm-none.win32_1.17.0.201812190825/tools/compiler/bin/../lib/gcc/arm-none-eabi/7.3.1/thumb/v7e-m/fpv4-sp/hard/crtbegin.o
 *(.init)
 .init          0x0800c258        0x4 c:/program files/ac6/plugins/fr.ac6.mcu.externaltools.arm-none.win32_1.17.0.201812190825/tools/compiler/bin/../lib/gcc/arm-none-eabi/7.3.1/thumb/v7e-m/fpv4-sp/hard/crti.o
                0x0800c258                _init
 .init          0x0800c25c        0x8 c:/program files/ac6/plugins/fr.ac6.mcu.externaltools.arm-none.win32_1.17.0.201812190825/tools/compiler/bin/../lib/gcc/arm-none-eabi/7.3.1/thumb/v7e-m/fpv4-sp/hard/crtn.o
 *(.fini)
 .fini          0x0800c264        0x4 c:/program files/ac6/plugins/fr.ac6.mcu.externaltools.arm-none.win32_1.17.0.201812190825/tools/compiler/bin/../lib/gcc/arm-none-eabi/7.3.1/thumb/v7e-m/fpv4-sp/hard/crti.o
                0x0800c264                _fini
 .fini          0x0800c268        0x8 c:/program files/ac6/plugins/fr.ac6.mcu.externaltools.arm-none.win32_1.17.0.201812190825/tools/compiler/bin/../lib/gcc/arm-none-eabi/7.3.1/thumb/v7e-m/fpv4-sp/hard/crtn.o
                0x0800c270                . = ALIGN (0x4)
                0x0800c270                _etext = .

.vfp11_veneer   0x0800c270        0x0
 .vfp11_veneer  0x0800c270        0x0 linker stubs

.v4_bx          0x0800c270        0x0
 .v4_bx         0x0800c270        0x0 linker stubs

.iplt           0x0800c270        0x0
 .iplt          0x0800c270        0x0 c:/program files/ac6/plugins/fr.ac6.mcu.externaltools.arm-none.win32_1.17.0.201812190825/tools/compiler/bin/../lib/gcc/arm-none-eabi/7.3.1/thumb/v7e-m/fpv4-sp/hard/crtbegin.o

.rodata         0x0800c270     0x2eac
                0x0800c270                . = ALIGN (0x4)
 *(.rodata)
 .rodata        0x0800c270       0x10 Drivers/STM32G4xx_HAL_Driver/Src/stm32g4xx_hal_uart_ex.o
 .rodata        0x0800c280     0x2910 Src/ssd1306_fonts.o
 .rodata        0x0800eb90       0x18 Src/system_stm32g4xx.o
                0x0800eb90                AHBPrescTable
                0x0800eba0                APBPrescTable
 .rodata        0x0800eba8        0xc c:/program files/ac6/plugins/fr.ac6.mcu.externaltools.arm-none.win32_1.17.0.201812190825/tools/compiler/bin/../lib/gcc/arm-none-eabi/7.3.1/../../../../arm-none-eabi/lib/thumb/v7e-m/fpv4-sp/hard\libc_nano.a(lib_a-nano-vfscanf_i.o)
 *(.rodata*)
 .rodata.str1.4
                0x0800ebb4      0x238 Src/bluetooth.o
                                0x240 (size before relaxing)
 .rodata.str1.4
                0x0800edec       0x24 Src/main.o
 .rodata.str1.4
                0x0800ee10      0x122 Src/oled.o
                                0x17e (size before relaxing)
 *fill*         0x0800ef32        0x2 
 .rodata.str1.4
                0x0800ef34       0x2c Src/usbd_desc.o
                                 0x36 (size before relaxing)
 .rodata._svfprintf_r.str1.1
                0x0800ef60       0x11 c:/program files/ac6/plugins/fr.ac6.mcu.externaltools.arm-none.win32_1.17.0.201812190825/tools/compiler/bin/../lib/gcc/arm-none-eabi/7.3.1/../../../../arm-none-eabi/lib/thumb/v7e-m/fpv4-sp/hard\libc_nano.a(lib_a-nano-svfprintf.o)
 .rodata.__ssvfscanf_r.str1.1
                0x0800ef71        0x4 c:/program files/ac6/plugins/fr.ac6.mcu.externaltools.arm-none.win32_1.17.0.201812190825/tools/compiler/bin/../lib/gcc/arm-none-eabi/7.3.1/../../../../arm-none-eabi/lib/thumb/v7e-m/fpv4-sp/hard\libc_nano.a(lib_a-nano-svfscanf.o)
 .rodata._printf_i.str1.1
                0x0800ef71       0x22 c:/program files/ac6/plugins/fr.ac6.mcu.externaltools.arm-none.win32_1.17.0.201812190825/tools/compiler/bin/../lib/gcc/arm-none-eabi/7.3.1/../../../../arm-none-eabi/lib/thumb/v7e-m/fpv4-sp/hard\libc_nano.a(lib_a-nano-vfprintf_i.o)
 .rodata._scanf_i.str1.1
                0x0800ef93       0x12 c:/program files/ac6/plugins/fr.ac6.mcu.externaltools.arm-none.win32_1.17.0.201812190825/tools/compiler/bin/../lib/gcc/arm-none-eabi/7.3.1/../../../../arm-none-eabi/lib/thumb/v7e-m/fpv4-sp/hard\libc_nano.a(lib_a-nano-vfscanf_i.o)
 .rodata.str1.1
                0x0800efa5        0x9 c:/program files/ac6/plugins/fr.ac6.mcu.externaltools.arm-none.win32_1.17.0.201812190825/tools/compiler/bin/../lib/gcc/arm-none-eabi/7.3.1/../../../../arm-none-eabi/lib/thumb/v7e-m/fpv4-sp/hard\libc_nano.a(lib_a-nano-vfscanf_i.o)
 *fill*         0x0800efae        0x2 
 .rodata.__sf_fake_stderr
                0x0800efb0       0x20 c:/program files/ac6/plugins/fr.ac6.mcu.externaltools.arm-none.win32_1.17.0.201812190825/tools/compiler/bin/../lib/gcc/arm-none-eabi/7.3.1/../../../../arm-none-eabi/lib/thumb/v7e-m/fpv4-sp/hard\libc_nano.a(lib_a-findfp.o)
                0x0800efb0                __sf_fake_stderr
 .rodata.__sf_fake_stdin
                0x0800efd0       0x20 c:/program files/ac6/plugins/fr.ac6.mcu.externaltools.arm-none.win32_1.17.0.201812190825/tools/compiler/bin/../lib/gcc/arm-none-eabi/7.3.1/../../../../arm-none-eabi/lib/thumb/v7e-m/fpv4-sp/hard\libc_nano.a(lib_a-findfp.o)
                0x0800efd0                __sf_fake_stdin
 .rodata.__sf_fake_stdout
                0x0800eff0       0x20 c:/program files/ac6/plugins/fr.ac6.mcu.externaltools.arm-none.win32_1.17.0.201812190825/tools/compiler/bin/../lib/gcc/arm-none-eabi/7.3.1/../../../../arm-none-eabi/lib/thumb/v7e-m/fpv4-sp/hard\libc_nano.a(lib_a-findfp.o)
                0x0800eff0                __sf_fake_stdout
 .rodata._setlocale_r.str1.1
                0x0800f010        0x8 c:/program files/ac6/plugins/fr.ac6.mcu.externaltools.arm-none.win32_1.17.0.201812190825/tools/compiler/bin/../lib/gcc/arm-none-eabi/7.3.1/../../../../arm-none-eabi/lib/thumb/v7e-m/fpv4-sp/hard\libc_nano.a(lib_a-locale.o)
                                  0x9 (size before relaxing)
 .rodata.str1.1
                0x0800f018        0x2 c:/program files/ac6/plugins/fr.ac6.mcu.externaltools.arm-none.win32_1.17.0.201812190825/tools/compiler/bin/../lib/gcc/arm-none-eabi/7.3.1/../../../../arm-none-eabi/lib/thumb/v7e-m/fpv4-sp/hard\libc_nano.a(lib_a-locale.o)
 .rodata._ctype_
                0x0800f01a      0x101 c:/program files/ac6/plugins/fr.ac6.mcu.externaltools.arm-none.win32_1.17.0.201812190825/tools/compiler/bin/../lib/gcc/arm-none-eabi/7.3.1/../../../../arm-none-eabi/lib/thumb/v7e-m/fpv4-sp/hard\libc_nano.a(lib_a-ctype_.o)
                0x0800f01a                _ctype_
                0x0800f11c                . = ALIGN (0x4)
 *fill*         0x0800f11b        0x1 

.ARM.extab
 *(.ARM.extab* .gnu.linkonce.armextab.*)

.ARM            0x0800f11c        0x8
                0x0800f11c                __exidx_start = .
 *(.ARM.exidx*)
 .ARM.exidx     0x0800f11c        0x8 c:/program files/ac6/plugins/fr.ac6.mcu.externaltools.arm-none.win32_1.17.0.201812190825/tools/compiler/bin/../lib/gcc/arm-none-eabi/7.3.1/thumb/v7e-m/fpv4-sp/hard\libgcc.a(_udivmoddi4.o)
                0x0800f124                __exidx_end = .

.rel.dyn        0x0800f124        0x0
 .rel.iplt      0x0800f124        0x0 c:/program files/ac6/plugins/fr.ac6.mcu.externaltools.arm-none.win32_1.17.0.201812190825/tools/compiler/bin/../lib/gcc/arm-none-eabi/7.3.1/thumb/v7e-m/fpv4-sp/hard/crtbegin.o

.preinit_array  0x0800f124        0x0
                0x0800f124                PROVIDE (__preinit_array_start = .)
 *(.preinit_array*)
                0x0800f124                PROVIDE (__preinit_array_end = .)

.init_array     0x0800f124        0x4
                0x0800f124                PROVIDE (__init_array_start = .)
 *(SORT_BY_NAME(.init_array.*))
 *(.init_array*)
 .init_array    0x0800f124        0x4 c:/program files/ac6/plugins/fr.ac6.mcu.externaltools.arm-none.win32_1.17.0.201812190825/tools/compiler/bin/../lib/gcc/arm-none-eabi/7.3.1/thumb/v7e-m/fpv4-sp/hard/crtbegin.o
                0x0800f128                PROVIDE (__init_array_end = .)

.fini_array     0x0800f128        0x4
                [!provide]                PROVIDE (__fini_array_start = .)
 *(SORT_BY_NAME(.fini_array.*))
 *(.fini_array*)
 .fini_array    0x0800f128        0x4 c:/program files/ac6/plugins/fr.ac6.mcu.externaltools.arm-none.win32_1.17.0.201812190825/tools/compiler/bin/../lib/gcc/arm-none-eabi/7.3.1/thumb/v7e-m/fpv4-sp/hard/crtbegin.o
                [!provide]                PROVIDE (__fini_array_end = .)
                0x0800f12c                _sidata = LOADADDR (.data)

.data           0x20000000      0x570 load address 0x0800f12c
                0x20000000                . = ALIGN (0x4)
                0x20000000                _sdata = .
 *(.data)
 .data          0x20000000        0x8 Drivers/STM32G4xx_HAL_Driver/Src/stm32g4xx_hal.o
                0x20000000                uwTickFreq
                0x20000004                uwTickPrio
 .data          0x20000008      0x110 Middlewares/ST/STM32_USB_Device_Library/Class/CDC/Src/usbd_cdc.o